Archive member included to satisfy reference by file (symbol)

c:/st/stm32cubeide_1.10.1/stm32cubeide/plugins/com.st.stm32cube.ide.mcu.externaltools.gnu-tools-for-stm32.10.3-2021.10.win32_1.0.0.202111181127/tools/bin/../lib/gcc/arm-none-eabi/10.3.1/../../../../arm-none-eabi/lib/thumb/v7e-m+fp/hard\libc_nano.a(lib_a-errno.o)
                              ./Src/sysmem.o (__errno)
c:/st/stm32cubeide_1.10.1/stm32cubeide/plugins/com.st.stm32cube.ide.mcu.externaltools.gnu-tools-for-stm32.10.3-2021.10.win32_1.0.0.202111181127/tools/bin/../lib/gcc/arm-none-eabi/10.3.1/../../../../arm-none-eabi/lib/thumb/v7e-m+fp/hard\libc_nano.a(lib_a-exit.o)
                              c:/st/stm32cubeide_1.10.1/stm32cubeide/plugins/com.st.stm32cube.ide.mcu.externaltools.gnu-tools-for-stm32.10.3-2021.10.win32_1.0.0.202111181127/tools/bin/../lib/gcc/arm-none-eabi/10.3.1/../../../../arm-none-eabi/lib/thumb/v7e-m+fp/hard/crt0.o (exit)
c:/st/stm32cubeide_1.10.1/stm32cubeide/plugins/com.st.stm32cube.ide.mcu.externaltools.gnu-tools-for-stm32.10.3-2021.10.win32_1.0.0.202111181127/tools/bin/../lib/gcc/arm-none-eabi/10.3.1/../../../../arm-none-eabi/lib/thumb/v7e-m+fp/hard\libc_nano.a(lib_a-impure.o)
                              c:/st/stm32cubeide_1.10.1/stm32cubeide/plugins/com.st.stm32cube.ide.mcu.externaltools.gnu-tools-for-stm32.10.3-2021.10.win32_1.0.0.202111181127/tools/bin/../lib/gcc/arm-none-eabi/10.3.1/../../../../arm-none-eabi/lib/thumb/v7e-m+fp/hard\libc_nano.a(lib_a-exit.o) (_global_impure_ptr)
c:/st/stm32cubeide_1.10.1/stm32cubeide/plugins/com.st.stm32cube.ide.mcu.externaltools.gnu-tools-for-stm32.10.3-2021.10.win32_1.0.0.202111181127/tools/bin/../lib/gcc/arm-none-eabi/10.3.1/../../../../arm-none-eabi/lib/thumb/v7e-m+fp/hard\libc_nano.a(lib_a-init.o)
                              c:/st/stm32cubeide_1.10.1/stm32cubeide/plugins/com.st.stm32cube.ide.mcu.externaltools.gnu-tools-for-stm32.10.3-2021.10.win32_1.0.0.202111181127/tools/bin/../lib/gcc/arm-none-eabi/10.3.1/../../../../arm-none-eabi/lib/thumb/v7e-m+fp/hard/crt0.o (__libc_init_array)
c:/st/stm32cubeide_1.10.1/stm32cubeide/plugins/com.st.stm32cube.ide.mcu.externaltools.gnu-tools-for-stm32.10.3-2021.10.win32_1.0.0.202111181127/tools/bin/../lib/gcc/arm-none-eabi/10.3.1/../../../../arm-none-eabi/lib/thumb/v7e-m+fp/hard\libc_nano.a(lib_a-memcpy-stub.o)
                              ./Src/FreeRTOS/queue.o (memcpy)
c:/st/stm32cubeide_1.10.1/stm32cubeide/plugins/com.st.stm32cube.ide.mcu.externaltools.gnu-tools-for-stm32.10.3-2021.10.win32_1.0.0.202111181127/tools/bin/../lib/gcc/arm-none-eabi/10.3.1/../../../../arm-none-eabi/lib/thumb/v7e-m+fp/hard\libc_nano.a(lib_a-memset.o)
                              c:/st/stm32cubeide_1.10.1/stm32cubeide/plugins/com.st.stm32cube.ide.mcu.externaltools.gnu-tools-for-stm32.10.3-2021.10.win32_1.0.0.202111181127/tools/bin/../lib/gcc/arm-none-eabi/10.3.1/../../../../arm-none-eabi/lib/thumb/v7e-m+fp/hard/crt0.o (memset)
c:/st/stm32cubeide_1.10.1/stm32cubeide/plugins/com.st.stm32cube.ide.mcu.externaltools.gnu-tools-for-stm32.10.3-2021.10.win32_1.0.0.202111181127/tools/bin/../lib/gcc/arm-none-eabi/10.3.1/../../../../arm-none-eabi/lib/thumb/v7e-m+fp/hard\libc_nano.a(lib_a-strlen.o)
                              ./Src/FreeRTOS/tasks.o (strlen)
c:/st/stm32cubeide_1.10.1/stm32cubeide/plugins/com.st.stm32cube.ide.mcu.externaltools.gnu-tools-for-stm32.10.3-2021.10.win32_1.0.0.202111181127/tools/bin/../lib/gcc/arm-none-eabi/10.3.1/../../../../arm-none-eabi/lib/thumb/v7e-m+fp/hard\libnosys.a(_exit.o)
                              c:/st/stm32cubeide_1.10.1/stm32cubeide/plugins/com.st.stm32cube.ide.mcu.externaltools.gnu-tools-for-stm32.10.3-2021.10.win32_1.0.0.202111181127/tools/bin/../lib/gcc/arm-none-eabi/10.3.1/../../../../arm-none-eabi/lib/thumb/v7e-m+fp/hard\libc_nano.a(lib_a-exit.o) (_exit)

Discarded input sections

 .text          0x0000000000000000        0x0 c:/st/stm32cubeide_1.10.1/stm32cubeide/plugins/com.st.stm32cube.ide.mcu.externaltools.gnu-tools-for-stm32.10.3-2021.10.win32_1.0.0.202111181127/tools/bin/../lib/gcc/arm-none-eabi/10.3.1/thumb/v7e-m+fp/hard/crti.o
 .data          0x0000000000000000        0x0 c:/st/stm32cubeide_1.10.1/stm32cubeide/plugins/com.st.stm32cube.ide.mcu.externaltools.gnu-tools-for-stm32.10.3-2021.10.win32_1.0.0.202111181127/tools/bin/../lib/gcc/arm-none-eabi/10.3.1/thumb/v7e-m+fp/hard/crti.o
 .bss           0x0000000000000000        0x0 c:/st/stm32cubeide_1.10.1/stm32cubeide/plugins/com.st.stm32cube.ide.mcu.externaltools.gnu-tools-for-stm32.10.3-2021.10.win32_1.0.0.202111181127/tools/bin/../lib/gcc/arm-none-eabi/10.3.1/thumb/v7e-m+fp/hard/crti.o
 .data          0x0000000000000000        0x4 c:/st/stm32cubeide_1.10.1/stm32cubeide/plugins/com.st.stm32cube.ide.mcu.externaltools.gnu-tools-for-stm32.10.3-2021.10.win32_1.0.0.202111181127/tools/bin/../lib/gcc/arm-none-eabi/10.3.1/thumb/v7e-m+fp/hard/crtbegin.o
[...]
Memory Configuration

Name             Origin             Length             Attributes
RAM              0x0000000020000000 0x000000000000a000 xrw
RAM2             0x0000000010000000 0x0000000000002000 xrw
FLASH            0x0000000008000000 0x0000000000020000 xr
*default*        0x0000000000000000 0xffffffffffffffff

Linker script and memory map

LOAD c:/st/stm32cubeide_1.10.1/stm32cubeide/plugins/com.st.stm32cube.ide.mcu.externaltools.gnu-tools-for-stm32.10.3-2021.10.win32_1.0.0.202111181127/tools/bin/../lib/gcc/arm-none-eabi/10.3.1/thumb/v7e-m+fp/hard/crti.o
LOAD c:/st/stm32cubeide_1.10.1/stm32cubeide/plugins/com.st.stm32cube.ide.mcu.externaltools.gnu-tools-for-stm32.10.3-2021.10.win32_1.0.0.202111181127/tools/bin/../lib/gcc/arm-none-eabi/10.3.1/thumb/v7e-m+fp/hard/crtbegin.o
LOAD c:/st/stm32cubeide_1.10.1/stm32cubeide/plugins/com.st.stm32cube.ide.mcu.externaltools.gnu-tools-for-stm32.10.3-2021.10.win32_1.0.0.202111181127/tools/bin/../lib/gcc/arm-none-eabi/10.3.1/../../../../arm-none-eabi/lib/thumb/v7e-m+fp/hard/crt0.o
LOAD ./Src/FreeRTOS/croutine.o
LOAD ./Src/FreeRTOS/event_groups.o
LOAD ./Src/FreeRTOS/list.o
LOAD ./Src/FreeRTOS/queue.o
LOAD ./Src/FreeRTOS/stream_buffer.o
LOAD ./Src/FreeRTOS/tasks.o
LOAD ./Src/FreeRTOS/timers.o
LOAD ./Src/FreeRTOS/portable/ARM_CM4F/port.o
LOAD ./Src/FreeRTOS/portable/MemMang/heap_4.o
LOAD ./Src/main.o
LOAD ./Src/sysmem.o
LOAD ./Src/perif/clock.o
LOAD ./Src/perif/spi.o
LOAD ./Src/perif/spiFlash.o
LOAD ./Src/utils/crc16_ccit.o
LOAD ./Src/utils/tm_seconds_to_date.o
LOAD ./port/STM32/CMSIS/Src/system_stm32l4xx.o
LOAD ./port/STM32/STM32L4xx_HAL_Driver/Src/stm32l4xx_ll_gpio.o
LOAD ./port/STM32/STM32L4xx_HAL_Driver/Src/stm32l4xx_ll_spi.o
LOAD ./port/STM32/STM32L4xx_HAL_Driver/Src/stm32l4xx_ll_utils.o
LOAD ./port/STM32/startup_stm32l412cbtx.o
LOAD C:\Users\User\STM32CubeIDE\workspace_1.10.1\mm215_gccMy\port\STM32\CMSIS\Lib\GCC\libarm_cortexM4lf_math.a
START GROUP
LOAD c:/st/stm32cubeide_1.10.1/stm32cubeide/plugins/com.st.stm32cube.ide.mcu.externaltools.gnu-tools-for-stm32.10.3-2021.10.win32_1.0.0.202111181127/tools/bin/../lib/gcc/arm-none-eabi/10.3.1/thumb/v7e-m+fp/hard\libgcc.a
LOAD c:/st/stm32cubeide_1.10.1/stm32cubeide/plugins/com.st.stm32cube.ide.mcu.externaltools.gnu-tools-for-stm32.10.3-2021.10.win32_1.0.0.202111181127/tools/bin/../lib/gcc/arm-none-eabi/10.3.1/../../../../arm-none-eabi/lib/thumb/v7e-m+fp/hard\libc_nano.a
END GROUP
START GROUP
LOAD c:/st/stm32cubeide_1.10.1/stm32cubeide/plugins/com.st.stm32cube.ide.mcu.externaltools.gnu-tools-for-stm32.10.3-2021.10.win32_1.0.0.202111181127/tools/bin/../lib/gcc/arm-none-eabi/10.3.1/thumb/v7e-m+fp/hard\libgcc.a
LOAD c:/st/stm32cubeide_1.10.1/stm32cubeide/plugins/com.st.stm32cube.ide.mcu.externaltools.gnu-tools-for-stm32.10.3-2021.10.win32_1.0.0.202111181127/tools/bin/../lib/gcc/arm-none-eabi/10.3.1/../../../../arm-none-eabi/lib/thumb/v7e-m+fp/hard\libc_nano.a
LOAD c:/st/stm32cubeide_1.10.1/stm32cubeide/plugins/com.st.stm32cube.ide.mcu.externaltools.gnu-tools-for-stm32.10.3-2021.10.win32_1.0.0.202111181127/tools/bin/../lib/gcc/arm-none-eabi/10.3.1/../../../../arm-none-eabi/lib/thumb/v7e-m+fp/hard\libnosys.a
END GROUP
START GROUP
LOAD c:/st/stm32cubeide_1.10.1/stm32cubeide/plugins/com.st.stm32cube.ide.mcu.externaltools.gnu-tools-for-stm32.10.3-2021.10.win32_1.0.0.202111181127/tools/bin/../lib/gcc/arm-none-eabi/10.3.1/thumb/v7e-m+fp/hard\libgcc.a
LOAD c:/st/stm32cubeide_1.10.1/stm32cubeide/plugins/com.st.stm32cube.ide.mcu.externaltools.gnu-tools-for-stm32.10.3-2021.10.win32_1.0.0.202111181127/tools/bin/../lib/gcc/arm-none-eabi/10.3.1/../../../../arm-none-eabi/lib/thumb/v7e-m+fp/hard\libc_nano.a
LOAD c:/st/stm32cubeide_1.10.1/stm32cubeide/plugins/com.st.stm32cube.ide.mcu.externaltools.gnu-tools-for-stm32.10.3-2021.10.win32_1.0.0.202111181127/tools/bin/../lib/gcc/arm-none-eabi/10.3.1/../../../../arm-none-eabi/lib/thumb/v7e-m+fp/hard\libnosys.a
END GROUP
LOAD c:/st/stm32cubeide_1.10.1/stm32cubeide/plugins/com.st.stm32cube.ide.mcu.externaltools.gnu-tools-for-stm32.10.3-2021.10.win32_1.0.0.202111181127/tools/bin/../lib/gcc/arm-none-eabi/10.3.1/thumb/v7e-m+fp/hard/crtend.o
LOAD c:/st/stm32cubeide_1.10.1/stm32cubeide/plugins/com.st.stm32cube.ide.mcu.externaltools.gnu-tools-for-stm32.10.3-2021.10.win32_1.0.0.202111181127/tools/bin/../lib/gcc/arm-none-eabi/10.3.1/thumb/v7e-m+fp/hard/crtn.o
                0x000000002000a000                _estack = (ORIGIN (RAM) + LENGTH (RAM))
                0x0000000000000200                _Min_Heap_Size = 0x200
                0x0000000000000400                _Min_Stack_Size = 0x400

.isr_vector     0x0000000008000000        0x0
                0x0000000008000000                . = ALIGN (0x4)
 *(.isr_vector)
                0x0000000008000000                . = ALIGN (0x4)

.text           0x0000000008000000     0x1edc
                0x0000000008000000                . = ALIGN (0x4)
 *(.text)
 .text          0x0000000008000000       0x40 c:/st/stm32cubeide_1.10.1/stm32cubeide/plugins/com.st.stm32cube.ide.mcu.externaltools.gnu-tools-for-stm32.10.3-2021.10.win32_1.0.0.202111181127/tools/bin/../lib/gcc/arm-none-eabi/10.3.1/thumb/v7e-m+fp/hard/crtbegin.o
 *(.text*)
 .text.vListInitialise
                0x0000000008000040       0x16 ./Src/FreeRTOS/list.o
                0x0000000008000040                vListInitialise
 .text.vListInitialiseItem
                0x0000000008000056        0x6 ./Src/FreeRTOS/list.o
                0x0000000008000056                vListInitialiseItem
 .text.vListInsert
                0x000000000800005c       0x32 ./Src/FreeRTOS/list.o
                0x000000000800005c                vListInsert
 .text.uxListRemove
                0x000000000800008e       0x24 ./Src/FreeRTOS/list.o
                0x000000000800008e                uxListRemove
 .text.prvIsQueueEmpty
                0x00000000080000b2       0x16 ./Src/FreeRTOS/queue.o
 .text.prvCopyDataToQueue
                0x00000000080000c8       0x76 ./Src/FreeRTOS/queue.o
 .text.prvNotifyQueueSetContainer
                0x000000000800013e       0x92 ./Src/FreeRTOS/queue.o
 .text.prvCopyDataFromQueue
                0x00000000080001d0       0x24 ./Src/FreeRTOS/queue.o
 .text.prvUnlockQueue
                0x00000000080001f4       0x8a ./Src/FreeRTOS/queue.o
 .text.xQueueGenericReset
                0x000000000800027e       0xa2 ./Src/FreeRTOS/queue.o
                0x000000000800027e                xQueueGenericReset
 .text.xQueueGenericCreateStatic
                0x0000000008000320       0x90 ./Src/FreeRTOS/queue.o
                0x0000000008000320                xQueueGenericCreateStatic
 .text.xQueueReceive
                0x00000000080003b0      0x164 ./Src/FreeRTOS/queue.o
                0x00000000080003b0                xQueueReceive
 .text.vQueueAddToRegistry
                0x0000000008000514       0x54 ./Src/FreeRTOS/queue.o
                0x0000000008000514                vQueueAddToRegistry
 .text.vQueueWaitForMessageRestricted
                0x0000000008000568       0x4e ./Src/FreeRTOS/queue.o
                0x0000000008000568                vQueueWaitForMessageRestricted
 *fill*         0x00000000080005b6        0x2 
 .text.prvResetNextTaskUnblockTime
                0x00000000080005b8       0x28 ./Src/FreeRTOS/tasks.o
 .text.prvInitialiseNewTask
                0x00000000080005e0       0xbe ./Src/FreeRTOS/tasks.o
 *fill*         0x000000000800069e        0x2 
 .text.prvAddNewTaskToReadyList
                0x00000000080006a0      0x11c ./Src/FreeRTOS/tasks.o
 .text.prvDeleteTCB
                0x00000000080007bc       0x38 ./Src/FreeRTOS/tasks.o
 .text.prvIdleTask
                0x00000000080007f4       0x68 ./Src/FreeRTOS/tasks.o
 .text.prvAddCurrentTaskToDelayedList
                0x000000000800085c       0xb8 ./Src/FreeRTOS/tasks.o
 .text.xTaskCreateStatic
                0x0000000008000914       0x76 ./Src/FreeRTOS/tasks.o
                0x0000000008000914                xTaskCreateStatic
 .text.xTaskCreate
                0x000000000800098a       0x64 ./Src/FreeRTOS/tasks.o
                0x000000000800098a                xTaskCreate
 *fill*         0x00000000080009ee        0x2 
 .text.vTaskStartScheduler
                0x00000000080009f0       0x9c ./Src/FreeRTOS/tasks.o
                0x00000000080009f0                vTaskStartScheduler
 .text.vTaskSuspendAll
                0x0000000008000a8c       0x10 ./Src/FreeRTOS/tasks.o
                0x0000000008000a8c                vTaskSuspendAll
 .text.xTaskGetTickCount
                0x0000000008000a9c        0xc ./Src/FreeRTOS/tasks.o
                0x0000000008000a9c                xTaskGetTickCount
 .text.xTaskIncrementTick
                0x0000000008000aa8      0x1b4 ./Src/FreeRTOS/tasks.o
                0x0000000008000aa8                xTaskIncrementTick
 .text.xTaskResumeAll
                0x0000000008000c5c      0x178 ./Src/FreeRTOS/tasks.o
                0x0000000008000c5c                xTaskResumeAll
 .text.vTaskDelay
                0x0000000008000dd4       0x4c ./Src/FreeRTOS/tasks.o
                0x0000000008000dd4                vTaskDelay
 .text.vTaskSwitchContext
                0x0000000008000e20       0xf8 ./Src/FreeRTOS/tasks.o
                0x0000000008000e20                vTaskSwitchContext
 .text.vTaskPlaceOnEventList
                0x0000000008000f18       0x30 ./Src/FreeRTOS/tasks.o
                0x0000000008000f18                vTaskPlaceOnEventList
 .text.vTaskPlaceOnEventListRestricted
                0x0000000008000f48       0x54 ./Src/FreeRTOS/tasks.o
                0x0000000008000f48                vTaskPlaceOnEventListRestricted
 .text.xTaskRemoveFromEventList
                0x0000000008000f9c       0xec ./Src/FreeRTOS/tasks.o
                0x0000000008000f9c                xTaskRemoveFromEventList
 .text.vTaskInternalSetTimeOutState
                0x0000000008001088       0x18 ./Src/FreeRTOS/tasks.o
                0x0000000008001088                vTaskInternalSetTimeOutState
 .text.xTaskCheckForTimeOut
                0x00000000080010a0       0xa4 ./Src/FreeRTOS/tasks.o
                0x00000000080010a0                xTaskCheckForTimeOut
 .text.vTaskMissedYield
                0x0000000008001144        0xc ./Src/FreeRTOS/tasks.o
                0x0000000008001144                vTaskMissedYield
 .text.xTaskGetSchedulerState
                0x0000000008001150       0x20 ./Src/FreeRTOS/tasks.o
                0x0000000008001150                xTaskGetSchedulerState
 .text.xTaskPriorityDisinherit
                0x0000000008001170       0xbc ./Src/FreeRTOS/tasks.o
                0x0000000008001170                xTaskPriorityDisinherit
 .text.prvInsertTimerInActiveList
                0x000000000800122c       0x48 ./Src/FreeRTOS/timers.o
 .text.prvReloadTimer
                0x0000000008001274       0x28 ./Src/FreeRTOS/timers.o
 .text.prvProcessExpiredTimer
                0x000000000800129c       0x40 ./Src/FreeRTOS/timers.o
 .text.prvSampleTimeNow
                0x00000000080012dc       0x5c ./Src/FreeRTOS/timers.o
 .text.prvTimerTask
                0x0000000008001338      0x16c ./Src/FreeRTOS/timers.o
 .text.prvCheckForValidListAndQueue
                0x00000000080014a4       0x70 ./Src/FreeRTOS/timers.o
 .text.xTimerCreateTimerTask
                0x0000000008001514       0x64 ./Src/FreeRTOS/timers.o
                0x0000000008001514                xTimerCreateTimerTask
 .text.prvTaskExitError
                0x0000000008001578       0x40 ./Src/FreeRTOS/portable/ARM_CM4F/port.o
 .text.prvPortStartFirstTask
                0x00000000080015b8       0x28 ./Src/FreeRTOS/portable/ARM_CM4F/port.o
 .text.vPortEnableVFP
                0x00000000080015e0       0x14 ./Src/FreeRTOS/portable/ARM_CM4F/port.o
 .text.pxPortInitialiseStack
                0x00000000080015f4       0x2c ./Src/FreeRTOS/portable/ARM_CM4F/port.o
                0x00000000080015f4                pxPortInitialiseStack
 .text.vPortEnterCritical
                0x0000000008001620       0x44 ./Src/FreeRTOS/portable/ARM_CM4F/port.o
                0x0000000008001620                vPortEnterCritical
 .text.vPortExitCritical
                0x0000000008001664       0x2c ./Src/FreeRTOS/portable/ARM_CM4F/port.o
                0x0000000008001664                vPortExitCritical
 .text.vPortSetupTimerInterrupt
                0x0000000008001690       0x16 ./Src/FreeRTOS/portable/ARM_CM4F/port.o
                0x0000000008001690                vPortSetupTimerInterrupt
 *fill*         0x00000000080016a6        0x2 
 .text.xPortStartScheduler
                0x00000000080016a8      0x11c ./Src/FreeRTOS/portable/ARM_CM4F/port.o
                0x00000000080016a8                xPortStartScheduler
 .text.prvInsertBlockIntoFreeList
                0x00000000080017c4       0x60 ./Src/FreeRTOS/portable/MemMang/heap_4.o
 .text.pvPortMalloc
                0x0000000008001824      0x140 ./Src/FreeRTOS/portable/MemMang/heap_4.o
                0x0000000008001824                pvPortMalloc
 .text.vPortFree
                0x0000000008001964       0x7c ./Src/FreeRTOS/portable/MemMang/heap_4.o
                0x0000000008001964                vPortFree
 .text.vTest    0x00000000080019e0        0xe ./Src/main.o
                0x00000000080019e0                vTest
 .text.LL_GPIO_SetPinMode
                0x00000000080019ee       0x32 ./Src/main.o
 .text.LL_GPIO_SetPinSpeed
                0x0000000008001a20       0x32 ./Src/main.o
 .text.LL_GPIO_SetPinPull
                0x0000000008001a52       0x32 ./Src/main.o
 .text.board_gpio_set_output
                0x0000000008001a84       0x2e ./Src/main.o
 .text.vApplicationStackOverflowHook
                0x0000000008001ab2       0x12 ./Src/main.o
                0x0000000008001ab2                vApplicationStackOverflowHook
 .text.vApplicationGetIdleTaskMemory
                0x0000000008001ac4       0x18 ./Src/main.o
                0x0000000008001ac4                vApplicationGetIdleTaskMemory
 .text.vApplicationGetTimerTaskMemory
                0x0000000008001adc       0x18 ./Src/main.o
                0x0000000008001adc                vApplicationGetTimerTaskMemory
 .text.main     0x0000000008001af4      0x1f4 ./Src/main.o
                0x0000000008001af4                main
 .text.hse_init
                0x0000000008001ce8       0xac ./Src/perif/clock.o
                0x0000000008001ce8                hse_init
 .text.clock_init
                0x0000000008001d94       0x44 ./Src/perif/clock.o
                0x0000000008001d94                clock_init
 .text.LL_Init1msTick
                0x0000000008001dd8       0x20 ./port/STM32/STM32L4xx_HAL_Driver/Src/stm32l4xx_ll_utils.o
                0x0000000008001dd8                LL_Init1msTick
 .text.LL_SetSystemCoreClock
                0x0000000008001df8        0xc ./port/STM32/STM32L4xx_HAL_Driver/Src/stm32l4xx_ll_utils.o
                0x0000000008001df8                LL_SetSystemCoreClock
 .text.Reset_Handler
                0x0000000008001e04       0x4c ./port/STM32/startup_stm32l412cbtx.o
                0x0000000008001e04                Reset_Handler
 .text.__libc_init_array
                0x0000000008001e50       0x48 c:/st/stm32cubeide_1.10.1/stm32cubeide/plugins/com.st.stm32cube.ide.mcu.externaltools.gnu-tools-for-stm32.10.3-2021.10.win32_1.0.0.202111181127/tools/bin/../lib/gcc/arm-none-eabi/10.3.1/../../../../arm-none-eabi/lib/thumb/v7e-m+fp/hard\libc_nano.a(lib_a-init.o)
                0x0000000008001e50                __libc_init_array
 .text.memcpy   0x0000000008001e98       0x1c c:/st/stm32cubeide_1.10.1/stm32cubeide/plugins/com.st.stm32cube.ide.mcu.externaltools.gnu-tools-for-stm32.10.3-2021.10.win32_1.0.0.202111181127/tools/bin/../lib/gcc/arm-none-eabi/10.3.1/../../../../arm-none-eabi/lib/thumb/v7e-m+fp/hard\libc_nano.a(lib_a-memcpy-stub.o)
                0x0000000008001e98                memcpy
 .text.memset   0x0000000008001eb4       0x10 c:/st/stm32cubeide_1.10.1/stm32cubeide/plugins/com.st.stm32cube.ide.mcu.externaltools.gnu-tools-for-stm32.10.3-2021.10.win32_1.0.0.202111181127/tools/bin/../lib/gcc/arm-none-eabi/10.3.1/../../../../arm-none-eabi/lib/thumb/v7e-m+fp/hard\libc_nano.a(lib_a-memset.o)
                0x0000000008001eb4                memset
 *(.glue_7)
 .glue_7        0x0000000008001ec4        0x0 linker stubs
 *(.glue_7t)
 .glue_7t       0x0000000008001ec4        0x0 linker stubs
 *(.eh_frame)
 .eh_frame      0x0000000008001ec4        0x0 c:/st/stm32cubeide_1.10.1/stm32cubeide/plugins/com.st.stm32cube.ide.mcu.externaltools.gnu-tools-for-stm32.10.3-2021.10.win32_1.0.0.202111181127/tools/bin/../lib/gcc/arm-none-eabi/10.3.1/thumb/v7e-m+fp/hard/crtbegin.o
 *(.init)
 .init          0x0000000008001ec4        0x4 c:/st/stm32cubeide_1.10.1/stm32cubeide/plugins/com.st.stm32cube.ide.mcu.externaltools.gnu-tools-for-stm32.10.3-2021.10.win32_1.0.0.202111181127/tools/bin/../lib/gcc/arm-none-eabi/10.3.1/thumb/v7e-m+fp/hard/crti.o
                0x0000000008001ec4                _init
 .init          0x0000000008001ec8        0x8 c:/st/stm32cubeide_1.10.1/stm32cubeide/plugins/com.st.stm32cube.ide.mcu.externaltools.gnu-tools-for-stm32.10.3-2021.10.win32_1.0.0.202111181127/tools/bin/../lib/gcc/arm-none-eabi/10.3.1/thumb/v7e-m+fp/hard/crtn.o
 *(.fini)
 .fini          0x0000000008001ed0        0x4 c:/st/stm32cubeide_1.10.1/stm32cubeide/plugins/com.st.stm32cube.ide.mcu.externaltools.gnu-tools-for-stm32.10.3-2021.10.win32_1.0.0.202111181127/tools/bin/../lib/gcc/arm-none-eabi/10.3.1/thumb/v7e-m+fp/hard/crti.o
                0x0000000008001ed0                _fini
 .fini          0x0000000008001ed4        0x8 c:/st/stm32cubeide_1.10.1/stm32cubeide/plugins/com.st.stm32cube.ide.mcu.externaltools.gnu-tools-for-stm32.10.3-2021.10.win32_1.0.0.202111181127/tools/bin/../lib/gcc/arm-none-eabi/10.3.1/thumb/v7e-m+fp/hard/crtn.o
                0x0000000008001edc                . = ALIGN (0x4)
                0x0000000008001edc                _etext = .

.vfp11_veneer   0x0000000008001edc        0x0
 .vfp11_veneer  0x0000000008001edc        0x0 linker stubs

.v4_bx          0x0000000008001edc        0x0
 .v4_bx         0x0000000008001edc        0x0 linker stubs

.iplt           0x0000000008001edc        0x0
 .iplt          0x0000000008001edc        0x0 c:/st/stm32cubeide_1.10.1/stm32cubeide/plugins/com.st.stm32cube.ide.mcu.externaltools.gnu-tools-for-stm32.10.3-2021.10.win32_1.0.0.202111181127/tools/bin/../lib/gcc/arm-none-eabi/10.3.1/thumb/v7e-m+fp/hard/crtbegin.o

.rodata         0x0000000008001edc       0x24
                0x0000000008001edc                . = ALIGN (0x4)
 *(.rodata)
 *(.rodata*)
 .rodata.vTaskStartScheduler.str1.4
                0x0000000008001edc        0x5 ./Src/FreeRTOS/tasks.o
 *fill*         0x0000000008001ee1        0x3 
 .rodata.prvCheckForValidListAndQueue.str1.4
                0x0000000008001ee4        0x5 ./Src/FreeRTOS/timers.o
 *fill*         0x0000000008001ee9        0x3 
 .rodata.xTimerCreateTimerTask.str1.4
                0x0000000008001eec        0x8 ./Src/FreeRTOS/timers.o
 .rodata.main.str1.4
                0x0000000008001ef4        0xa ./Src/main.o
                0x0000000008001f00                . = ALIGN (0x4)
 *fill*         0x0000000008001efe        0x2 

.rel.dyn        0x0000000008001f00        0x0
 .rel.iplt      0x0000000008001f00        0x0 c:/st/stm32cubeide_1.10.1/stm32cubeide/plugins/com.st.stm32cube.ide.mcu.externaltools.gnu-tools-for-stm32.10.3-2021.10.win32_1.0.0.202111181127/tools/bin/../lib/gcc/arm-none-eabi/10.3.1/thumb/v7e-m+fp/hard/crtbegin.o

.ARM.extab      0x0000000008001f00        0x0
                0x0000000008001f00                . = ALIGN (0x4)
 *(.ARM.extab* .gnu.linkonce.armextab.*)
                0x0000000008001f00                . = ALIGN (0x4)

.ARM            0x0000000008001f00        0x0
                0x0000000008001f00                . = ALIGN (0x4)
                0x0000000008001f00                __exidx_start = .
 *(.ARM.exidx*)
                0x0000000008001f00                __exidx_end = .
                0x0000000008001f00                . = ALIGN (0x4)

.preinit_array  0x0000000008001f00        0x0
                0x0000000008001f00                . = ALIGN (0x4)
                0x0000000008001f00                PROVIDE (__preinit_array_start = .)
 *(.preinit_array*)
                0x0000000008001f00                PROVIDE (__preinit_array_end = .)
                0x0000000008001f00                . = ALIGN (0x4)

.init_array     0x0000000008001f00        0x4
                0x0000000008001f00                . = ALIGN (0x4)
                0x0000000008001f00                PROVIDE (__init_array_start = .)
 *(SORT_BY_NAME(.init_array.*))
 *(.init_array*)
 .init_array    0x0000000008001f00        0x4 c:/st/stm32cubeide_1.10.1/stm32cubeide/plugins/com.st.stm32cube.ide.mcu.externaltools.gnu-tools-for-stm32.10.3-2021.10.win32_1.0.0.202111181127/tools/bin/../lib/gcc/arm-none-eabi/10.3.1/thumb/v7e-m+fp/hard/crtbegin.o
                0x0000000008001f04                PROVIDE (__init_array_end = .)
                0x0000000008001f04                . = ALIGN (0x4)

.fini_array     0x0000000008001f04        0x4
                0x0000000008001f04                . = ALIGN (0x4)
                [!provide]                        PROVIDE (__fini_array_start = .)
 *(SORT_BY_NAME(.fini_array.*))
 *(.fini_array*)
 .fini_array    0x0000000008001f04        0x4 c:/st/stm32cubeide_1.10.1/stm32cubeide/plugins/com.st.stm32cube.ide.mcu.externaltools.gnu-tools-for-stm32.10.3-2021.10.win32_1.0.0.202111181127/tools/bin/../lib/gcc/arm-none-eabi/10.3.1/thumb/v7e-m+fp/hard/crtbegin.o
                [!provide]                        PROVIDE (__fini_array_end = .)
                0x0000000008001f08                . = ALIGN (0x4)
                0x0000000008001f08                _sidata = LOADADDR (.data)

.data           0x0000000020000000        0xc load address 0x0000000008001f08
                0x0000000020000000                . = ALIGN (0x4)
                0x0000000020000000                _sdata = .
 *(.data)
 *(.data*)
 .data.uxTopUsedPriority
                0x0000000020000000        0x4 ./Src/FreeRTOS/tasks.o
                0x0000000020000000                uxTopUsedPriority
 .data.uxCriticalNesting
                0x0000000020000004        0x4 ./Src/FreeRTOS/portable/ARM_CM4F/port.o
 .data.SystemCoreClock
                0x0000000020000008        0x4 ./port/STM32/CMSIS/Src/system_stm32l4xx.o
                0x0000000020000008                SystemCoreClock
 *(.RamFunc)
 *(.RamFunc*)
                0x000000002000000c                . = ALIGN (0x4)
                0x000000002000000c                _edata = .

.igot.plt       0x000000002000000c        0x0 load address 0x0000000008001f14
 .igot.plt      0x000000002000000c        0x0 c:/st/stm32cubeide_1.10.1/stm32cubeide/plugins/com.st.stm32cube.ide.mcu.externaltools.gnu-tools-for-stm32.10.3-2021.10.win32_1.0.0.202111181127/tools/bin/../lib/gcc/arm-none-eabi/10.3.1/thumb/v7e-m+fp/hard/crtbegin.o
                0x000000002000000c                . = ALIGN (0x4)

.bss            0x000000002000000c     0x4b1c load address 0x0000000008001f14
                0x000000002000000c                _sbss = .
                0x000000002000000c                __bss_start__ = _sbss
 *(.bss)
 .bss           0x000000002000000c       0x1c c:/st/stm32cubeide_1.10.1/stm32cubeide/plugins/com.st.stm32cube.ide.mcu.externaltools.gnu-tools-for-stm32.10.3-2021.10.win32_1.0.0.202111181127/tools/bin/../lib/gcc/arm-none-eabi/10.3.1/thumb/v7e-m+fp/hard/crtbegin.o
 *(.bss*)
 .bss.xQueueRegistry
                0x0000000020000028       0x28 ./Src/FreeRTOS/queue.o
                0x0000000020000028                xQueueRegistry
 .bss.pxCurrentTCB
                0x0000000020000050        0x4 ./Src/FreeRTOS/tasks.o
                0x0000000020000050                pxCurrentTCB
 .bss.pxDelayedTaskList
                0x0000000020000054        0x4 ./Src/FreeRTOS/tasks.o
 .bss.pxOverflowDelayedTaskList
                0x0000000020000058        0x4 ./Src/FreeRTOS/tasks.o
 .bss.pxReadyTasksLists
                0x000000002000005c       0x64 ./Src/FreeRTOS/tasks.o
 .bss.ulTaskSwitchedInTime
                0x00000000200000c0        0x4 ./Src/FreeRTOS/tasks.o
 .bss.ulTotalRunTime
                0x00000000200000c4        0x4 ./Src/FreeRTOS/tasks.o
 .bss.uxCurrentNumberOfTasks
                0x00000000200000c8        0x4 ./Src/FreeRTOS/tasks.o
 .bss.uxDeletedTasksWaitingCleanUp
                0x00000000200000cc        0x4 ./Src/FreeRTOS/tasks.o
 .bss.uxSchedulerSuspended
                0x00000000200000d0        0x4 ./Src/FreeRTOS/tasks.o
 .bss.uxTaskNumber
                0x00000000200000d4        0x4 ./Src/FreeRTOS/tasks.o
 .bss.uxTopReadyPriority
                0x00000000200000d8        0x4 ./Src/FreeRTOS/tasks.o
 .bss.xDelayedTaskList1
                0x00000000200000dc       0x14 ./Src/FreeRTOS/tasks.o
 .bss.xDelayedTaskList2
                0x00000000200000f0       0x14 ./Src/FreeRTOS/tasks.o
 .bss.xIdleTaskHandle
                0x0000000020000104        0x4 ./Src/FreeRTOS/tasks.o
 .bss.xNextTaskUnblockTime
                0x0000000020000108        0x4 ./Src/FreeRTOS/tasks.o
 .bss.xNumOfOverflows
                0x000000002000010c        0x4 ./Src/FreeRTOS/tasks.o
 .bss.xPendedTicks
                0x0000000020000110        0x4 ./Src/FreeRTOS/tasks.o
 .bss.xPendingReadyList
                0x0000000020000114       0x14 ./Src/FreeRTOS/tasks.o
 .bss.xSchedulerRunning
                0x0000000020000128        0x4 ./Src/FreeRTOS/tasks.o
 .bss.xSuspendedTaskList
                0x000000002000012c       0x14 ./Src/FreeRTOS/tasks.o
 .bss.xTasksWaitingTermination
                0x0000000020000140       0x14 ./Src/FreeRTOS/tasks.o
 .bss.xTickCount
                0x0000000020000154        0x4 ./Src/FreeRTOS/tasks.o
 .bss.xYieldPending
                0x0000000020000158        0x4 ./Src/FreeRTOS/tasks.o
 .bss.pxCurrentTimerList
                0x000000002000015c        0x4 ./Src/FreeRTOS/timers.o
 .bss.pxOverflowTimerList
                0x0000000020000160        0x4 ./Src/FreeRTOS/timers.o
 .bss.ucStaticTimerQueueStorage.1
                0x0000000020000164       0x3c ./Src/FreeRTOS/timers.o
 .bss.xActiveTimerList1
                0x00000000200001a0       0x14 ./Src/FreeRTOS/timers.o
 .bss.xActiveTimerList2
                0x00000000200001b4       0x14 ./Src/FreeRTOS/timers.o
 .bss.xLastTime.2
                0x00000000200001c8        0x4 ./Src/FreeRTOS/timers.o
 .bss.xStaticTimerQueue.0
                0x00000000200001cc       0x54 ./Src/FreeRTOS/timers.o
 .bss.xTimerQueue
                0x0000000020000220        0x4 ./Src/FreeRTOS/timers.o
 .bss.xTimerTaskHandle
                0x0000000020000224        0x4 ./Src/FreeRTOS/timers.o
 .bss.ucMaxSysCallPriority
                0x0000000020000228        0x1 ./Src/FreeRTOS/portable/ARM_CM4F/port.o
 *fill*         0x0000000020000229        0x3 
 .bss.ulMaxPRIGROUPValue
                0x000000002000022c        0x4 ./Src/FreeRTOS/portable/ARM_CM4F/port.o
 .bss.pxEnd     0x0000000020000230        0x4 ./Src/FreeRTOS/portable/MemMang/heap_4.o
 .bss.ucHeap    0x0000000020000234     0x4000 ./Src/FreeRTOS/portable/MemMang/heap_4.o
 .bss.xBlockAllocatedBit
                0x0000000020004234        0x4 ./Src/FreeRTOS/portable/MemMang/heap_4.o
 .bss.xFreeBytesRemaining
                0x0000000020004238        0x4 ./Src/FreeRTOS/portable/MemMang/heap_4.o
 .bss.xMinimumEverFreeBytesRemaining
                0x000000002000423c        0x4 ./Src/FreeRTOS/portable/MemMang/heap_4.o
 .bss.xNumberOfSuccessfulAllocations
                0x0000000020004240        0x4 ./Src/FreeRTOS/portable/MemMang/heap_4.o
 .bss.xNumberOfSuccessfulFrees
                0x0000000020004244        0x4 ./Src/FreeRTOS/portable/MemMang/heap_4.o
 .bss.xStart    0x0000000020004248        0x8 ./Src/FreeRTOS/portable/MemMang/heap_4.o
 .bss.ApplicationEventFlags
                0x0000000020004250        0x2 ./Src/main.o
                0x0000000020004250                ApplicationEventFlags
 *fill*         0x0000000020004252        0x2 
 .bss.Idle_Stack.2
                0x0000000020004254      0x400 ./Src/main.o
 .bss.Idle_TCB.3
                0x0000000020004654       0x68 ./Src/main.o
 .bss.Timer_Stack.0
                0x00000000200046bc      0x400 ./Src/main.o
 .bss.Timer_TCB.1
                0x0000000020004abc       0x68 ./Src/main.o
 .bss.start_handler
                0x0000000020004b24        0x4 ./Src/main.o
                0x0000000020004b24                start_handler
 *(COMMON)
                0x0000000020004b28                . = ALIGN (0x4)
                0x0000000020004b28                _ebss = .
                0x0000000020004b28                __bss_end__ = _ebss

._user_heap_stack
                0x0000000020004b28      0x600 load address 0x0000000008001f14
                0x0000000020004b28                . = ALIGN (0x8)
                [!provide]                        PROVIDE (end = .)
                0x0000000020004b28                PROVIDE (_end = .)
                0x0000000020004d28                . = (. + _Min_Heap_Size)
 *fill*         0x0000000020004b28      0x200 
                0x0000000020005128                . = (. + _Min_Stack_Size)
 *fill*         0x0000000020004d28      0x400 
                0x0000000020005128                . = ALIGN (0x8)

/DISCARD/
 libc.a(*)
 libm.a(*)
 libgcc.a(*)

.ARM.attributes
                0x0000000000000000       0x30
 *(.ARM.attributes)
 .ARM.attributes
                0x0000000000000000       0x1e c:/st/stm32cubeide_1.10.1/stm32cubeide/plugins/com.st.stm32cube.ide.mcu.externaltools.gnu-tools-for-stm32.10.3-2021.10.win32_1.0.0.202111181127/tools/bin/../lib/gcc/arm-none-eabi/10.3.1/thumb/v7e-m+fp/hard/crti.o
 .ARM.attributes
                0x000000000000001e       0x34 c:/st/stm32cubeide_1.10.1/stm32cubeide/plugins/com.st.stm32cube.ide.mcu.externaltools.gnu-tools-for-stm32.10.3-2021.10.win32_1.0.0.202111181127/tools/bin/../lib/gcc/arm-none-eabi/10.3.1/thumb/v7e-m+fp/hard/crtbegin.o
 .ARM.attributes
                0x0000000000000052       0x34 ./Src/FreeRTOS/list.o
 .ARM.attributes
                0x0000000000000086       0x34 ./Src/FreeRTOS/queue.o
 .ARM.attributes
                0x00000000000000ba       0x34 ./Src/FreeRTOS/tasks.o
 .ARM.attributes
                0x00000000000000ee       0x34 ./Src/FreeRTOS/timers.o
 .ARM.attributes
                0x0000000000000122       0x34 ./Src/FreeRTOS/portable/ARM_CM4F/port.o
 .ARM.attributes
                0x0000000000000156       0x34 ./Src/FreeRTOS/portable/MemMang/heap_4.o
 .ARM.attributes
                0x000000000000018a       0x34 ./Src/main.o
 .ARM.attributes
                0x00000000000001be       0x34 ./Src/perif/clock.o
 .ARM.attributes
                0x00000000000001f2       0x34 ./port/STM32/CMSIS/Src/system_stm32l4xx.o
 .ARM.attributes
                0x0000000000000226       0x34 ./port/STM32/STM32L4xx_HAL_Driver/Src/stm32l4xx_ll_utils.o
 .ARM.attributes
                0x000000000000025a       0x21 ./port/STM32/startup_stm32l412cbtx.o
 .ARM.attributes
                0x000000000000027b       0x34 c:/st/stm32cubeide_1.10.1/stm32cubeide/plugins/com.st.stm32cube.ide.mcu.externaltools.gnu-tools-for-stm32.10.3-2021.10.win32_1.0.0.202111181127/tools/bin/../lib/gcc/arm-none-eabi/10.3.1/../../../../arm-none-eabi/lib/thumb/v7e-m+fp/hard\libc_nano.a(lib_a-init.o)
 .ARM.attributes
                0x00000000000002af       0x34 c:/st/stm32cubeide_1.10.1/stm32cubeide/plugins/com.st.stm32cube.ide.mcu.externaltools.gnu-tools-for-stm32.10.3-2021.10.win32_1.0.0.202111181127/tools/bin/../lib/gcc/arm-none-eabi/10.3.1/../../../../arm-none-eabi/lib/thumb/v7e-m+fp/hard\libc_nano.a(lib_a-memcpy-stub.o)
 .ARM.attributes
                0x00000000000002e3       0x34 c:/st/stm32cubeide_1.10.1/stm32cubeide/plugins/com.st.stm32cube.ide.mcu.externaltools.gnu-tools-for-stm32.10.3-2021.10.win32_1.0.0.202111181127/tools/bin/../lib/gcc/arm-none-eabi/10.3.1/../../../../arm-none-eabi/lib/thumb/v7e-m+fp/hard\libc_nano.a(lib_a-memset.o)
 .ARM.attributes
                0x0000000000000317       0x1e c:/st/stm32cubeide_1.10.1/stm32cubeide/plugins/com.st.stm32cube.ide.mcu.externaltools.gnu-tools-for-stm32.10.3-2021.10.win32_1.0.0.202111181127/tools/bin/../lib/gcc/arm-none-eabi/10.3.1/thumb/v7e-m+fp/hard/crtn.o
OUTPUT(mm215_gccMy.elf elf32-littlearm)
LOAD linker stubs
LOAD c:/st/stm32cubeide_1.10.1/stm32cubeide/plugins/com.st.stm32cube.ide.mcu.externaltools.gnu-tools-for-stm32.10.3-2021.10.win32_1.0.0.202111181127/tools/bin/../lib/gcc/arm-none-eabi/10.3.1/../../../../arm-none-eabi/lib/thumb/v7e-m+fp/hard\libc.a
LOAD c:/st/stm32cubeide_1.10.1/stm32cubeide/plugins/com.st.stm32cube.ide.mcu.externaltools.gnu-tools-for-stm32.10.3-2021.10.win32_1.0.0.202111181127/tools/bin/../lib/gcc/arm-none-eabi/10.3.1/../../../../arm-none-eabi/lib/thumb/v7e-m+fp/hard\libm.a
LOAD c:/st/stm32cubeide_1.10.1/stm32cubeide/plugins/com.st.stm32cube.ide.mcu.externaltools.gnu-tools-for-stm32.10.3-2021.10.win32_1.0.0.202111181127/tools/bin/../lib/gcc/arm-none-eabi/10.3.1/thumb/v7e-m+fp/hard\libgcc.a

.debug_info     0x0000000000000000     0xcd6d
 .debug_info    0x0000000000000000      0x2e4 ./Src/FreeRTOS/list.o
 .debug_info    0x00000000000002e4     0x2dea ./Src/FreeRTOS/queue.o
 .debug_info    0x00000000000030ce     0x3df3 ./Src/FreeRTOS/tasks.o
 .debug_info    0x0000000000006ec1     0x1a1e ./Src/FreeRTOS/timers.o
 .debug_info    0x00000000000088df      0x56b ./Src/FreeRTOS/portable/ARM_CM4F/port.o
 .debug_info    0x0000000000008e4a      0x5f0 ./Src/FreeRTOS/portable/MemMang/heap_4.o
 .debug_info    0x000000000000943a     0x1554 ./Src/main.o
 .debug_info    0x000000000000a98e      0xcdb ./Src/perif/clock.o
 .debug_info    0x000000000000b669      0x60d ./port/STM32/CMSIS/Src/system_stm32l4xx.o
 .debug_info    0x000000000000bc76     0x10d5 ./port/STM32/STM32L4xx_HAL_Driver/Src/stm32l4xx_ll_utils.o
 .debug_info    0x000000000000cd4b       0x22 ./port/STM32/startup_stm32l412cbtx.o

.debug_abbrev   0x0000000000000000     0x1d39
 .debug_abbrev  0x0000000000000000      0x109 ./Src/FreeRTOS/list.o
 .debug_abbrev  0x0000000000000109      0x41e ./Src/FreeRTOS/queue.o
 .debug_abbrev  0x0000000000000527      0x46f ./Src/FreeRTOS/tasks.o
 .debug_abbrev  0x0000000000000996      0x40d ./Src/FreeRTOS/timers.o
 .debug_abbrev  0x0000000000000da3      0x281 ./Src/FreeRTOS/portable/ARM_CM4F/port.o
 .debug_abbrev  0x0000000000001024      0x28f ./Src/FreeRTOS/portable/MemMang/heap_4.o
 .debug_abbrev  0x00000000000012b3      0x3f9 ./Src/main.o
 .debug_abbrev  0x00000000000016ac      0x241 ./Src/perif/clock.o
 .debug_abbrev  0x00000000000018ed      0x141 ./port/STM32/CMSIS/Src/system_stm32l4xx.o
 .debug_abbrev  0x0000000000001a2e      0x2f9 ./port/STM32/STM32L4xx_HAL_Driver/Src/stm32l4xx_ll_utils.o
 .debug_abbrev  0x0000000000001d27       0x12 ./port/STM32/startup_stm32l412cbtx.o

.debug_loc      0x0000000000000000     0x747a
 .debug_loc     0x0000000000000000       0xa0 ./Src/FreeRTOS/list.o
 .debug_loc     0x00000000000000a0     0x20b9 ./Src/FreeRTOS/queue.o
 .debug_loc     0x0000000000002159     0x2f2b ./Src/FreeRTOS/tasks.o
 .debug_loc     0x0000000000005084      0xef5 ./Src/FreeRTOS/timers.o
 .debug_loc     0x0000000000005f79      0x124 ./Src/FreeRTOS/portable/ARM_CM4F/port.o
 .debug_loc     0x000000000000609d      0x3ab ./Src/FreeRTOS/portable/MemMang/heap_4.o
 .debug_loc     0x0000000000006448      0x516 ./Src/main.o
 .debug_loc     0x000000000000695e      0x112 ./Src/perif/clock.o
 .debug_loc     0x0000000000006a70      0x1db ./port/STM32/CMSIS/Src/system_stm32l4xx.o
 .debug_loc     0x0000000000006c4b      0x82f ./port/STM32/STM32L4xx_HAL_Driver/Src/stm32l4xx_ll_utils.o

.debug_aranges  0x0000000000000000      0x6c8
 .debug_aranges
                0x0000000000000000       0x40 ./Src/FreeRTOS/list.o
 .debug_aranges
                0x0000000000000040      0x170 ./Src/FreeRTOS/queue.o
 .debug_aranges
                0x00000000000001b0      0x250 ./Src/FreeRTOS/tasks.o
 .debug_aranges
                0x0000000000000400       0xc0 ./Src/FreeRTOS/timers.o
 .debug_aranges
                0x00000000000004c0       0x80 ./Src/FreeRTOS/portable/ARM_CM4F/port.o
 .debug_aranges
                0x0000000000000540       0x50 ./Src/FreeRTOS/portable/MemMang/heap_4.o
 .debug_aranges
                0x0000000000000590       0x60 ./Src/main.o
 .debug_aranges
                0x00000000000005f0       0x28 ./Src/perif/clock.o
 .debug_aranges
                0x0000000000000618       0x28 ./port/STM32/CMSIS/Src/system_stm32l4xx.o
 .debug_aranges
                0x0000000000000640       0x60 ./port/STM32/STM32L4xx_HAL_Driver/Src/stm32l4xx_ll_utils.o
 .debug_aranges
                0x00000000000006a0       0x28 ./port/STM32/startup_stm32l412cbtx.o

.debug_ranges   0x0000000000000000      0x960
 .debug_ranges  0x0000000000000000       0x30 ./Src/FreeRTOS/list.o
 .debug_ranges  0x0000000000000030      0x288 ./Src/FreeRTOS/queue.o
 .debug_ranges  0x00000000000002b8      0x3b8 ./Src/FreeRTOS/tasks.o
 .debug_ranges  0x0000000000000670      0x108 ./Src/FreeRTOS/timers.o
 .debug_ranges  0x0000000000000778       0x88 ./Src/FreeRTOS/portable/ARM_CM4F/port.o
 .debug_ranges  0x0000000000000800       0x40 ./Src/FreeRTOS/portable/MemMang/heap_4.o
 .debug_ranges  0x0000000000000840       0x68 ./Src/main.o
 .debug_ranges  0x00000000000008a8       0x18 ./Src/perif/clock.o
 .debug_ranges  0x00000000000008c0       0x18 ./port/STM32/CMSIS/Src/system_stm32l4xx.o
 .debug_ranges  0x00000000000008d8       0x68 ./port/STM32/STM32L4xx_HAL_Driver/Src/stm32l4xx_ll_utils.o
 .debug_ranges  0x0000000000000940       0x20 ./port/STM32/startup_stm32l412cbtx.o

.debug_macro    0x0000000000000000    0x1475c
 .debug_macro   0x0000000000000000      0x198 ./Src/FreeRTOS/list.o
 .debug_macro   0x0000000000000198      0x217 ./Src/FreeRTOS/queue.o
 .debug_macro   0x00000000000003af       0x16 ./Src/FreeRTOS/queue.o
 .debug_macro   0x00000000000003c5       0x35 ./Src/FreeRTOS/queue.o
 .debug_macro   0x00000000000003fa       0x20 ./Src/FreeRTOS/queue.o
 .debug_macro   0x000000000000041a       0x8d ./Src/FreeRTOS/queue.o
 .debug_macro   0x00000000000004a7      0x274 ./Src/FreeRTOS/tasks.o
 .debug_macro   0x000000000000071b       0x16 ./Src/FreeRTOS/tasks.o
 .debug_macro   0x0000000000000731      0x1dd ./Src/FreeRTOS/timers.o
 .debug_macro   0x000000000000090e      0x19b ./Src/FreeRTOS/portable/ARM_CM4F/port.o
 .debug_macro   0x0000000000000aa9      0x1b3 ./Src/FreeRTOS/portable/MemMang/heap_4.o
 .debug_macro   0x0000000000000c5c      0x376 ./Src/main.o
 .debug_macro   0x0000000000000fd2       0x2e ./Src/main.o
 .debug_macro   0x0000000000001000       0x28 ./Src/main.o
 .debug_macro   0x0000000000001028       0x1c ./Src/main.o
 .debug_macro   0x0000000000001044       0x22 ./Src/main.o
 .debug_macro   0x0000000000001066       0xfb ./Src/main.o
 .debug_macro   0x0000000000001161     0x1011 ./Src/main.o
 .debug_macro   0x0000000000002172      0x11f ./Src/main.o
 .debug_macro   0x0000000000002291     0xe433 ./Src/main.o
 .debug_macro   0x00000000000106c4       0x43 ./Src/main.o
 .debug_macro   0x0000000000010707      0x170 ./Src/main.o
 .debug_macro   0x0000000000010877      0x1d8 ./Src/main.o
 .debug_macro   0x0000000000010a4f      0xf4d ./Src/main.o
 .debug_macro   0x000000000001199c      0x57f ./Src/main.o
 .debug_macro   0x0000000000011f1b       0xa7 ./Src/main.o
 .debug_macro   0x0000000000011fc2      0x15c ./Src/main.o
 .debug_macro   0x000000000001211e      0x14e ./Src/main.o
 .debug_macro   0x000000000001226c      0x233 ./Src/main.o
 .debug_macro   0x000000000001249f      0x1a5 ./Src/main.o
 .debug_macro   0x0000000000012644      0x1b2 ./Src/main.o
 .debug_macro   0x00000000000127f6      0x498 ./Src/main.o
 .debug_macro   0x0000000000012c8e       0x16 ./Src/main.o
 .debug_macro   0x0000000000012ca4       0x97 ./Src/main.o
 .debug_macro   0x0000000000012d3b       0xfd ./Src/main.o
 .debug_macro   0x0000000000012e38       0x10 ./Src/main.o
 .debug_macro   0x0000000000012e48       0x10 ./Src/main.o
 .debug_macro   0x0000000000012e58       0x1c ./Src/main.o
 .debug_macro   0x0000000000012e74       0x52 ./Src/main.o
 .debug_macro   0x0000000000012ec6       0x22 ./Src/main.o
 .debug_macro   0x0000000000012ee8       0x10 ./Src/main.o
 .debug_macro   0x0000000000012ef8       0x52 ./Src/main.o
 .debug_macro   0x0000000000012f4a       0xd5 ./Src/main.o
 .debug_macro   0x000000000001301f       0x1c ./Src/main.o
 .debug_macro   0x000000000001303b       0x3d ./Src/main.o
 .debug_macro   0x0000000000013078       0x16 ./Src/main.o
 .debug_macro   0x000000000001308e      0x145 ./Src/main.o
 .debug_macro   0x00000000000131d3      0x187 ./Src/main.o
 .debug_macro   0x000000000001335a       0x43 ./Src/main.o
 .debug_macro   0x000000000001339d      0x126 ./Src/main.o
 .debug_macro   0x00000000000134c3       0x87 ./Src/main.o
 .debug_macro   0x000000000001354a      0x117 ./Src/perif/clock.o
 .debug_macro   0x0000000000013661      0x176 ./Src/perif/clock.o
 .debug_macro   0x00000000000137d7      0x1ea ./Src/perif/clock.o
 .debug_macro   0x00000000000139c1       0xe7 ./port/STM32/CMSIS/Src/system_stm32l4xx.o
 .debug_macro   0x0000000000013aa8      0xa72 ./port/STM32/CMSIS/Src/system_stm32l4xx.o
 .debug_macro   0x000000000001451a      0x1a1 ./port/STM32/STM32L4xx_HAL_Driver/Src/stm32l4xx_ll_utils.o
 .debug_macro   0x00000000000146bb       0xa1 ./port/STM32/STM32L4xx_HAL_Driver/Src/stm32l4xx_ll_utils.o

.debug_line     0x0000000000000000     0xafcb
 .debug_line    0x0000000000000000      0x70a ./Src/FreeRTOS/list.o
 .debug_line    0x000000000000070a     0x26b8 ./Src/FreeRTOS/queue.o
 .debug_line    0x0000000000002dc2     0x380e ./Src/FreeRTOS/tasks.o
 .debug_line    0x00000000000065d0      0xff3 ./Src/FreeRTOS/timers.o
 .debug_line    0x00000000000075c3      0x96e ./Src/FreeRTOS/portable/ARM_CM4F/port.o
 .debug_line    0x0000000000007f31      0xa49 ./Src/FreeRTOS/portable/MemMang/heap_4.o
 .debug_line    0x000000000000897a      0xd0d ./Src/main.o
 .debug_line    0x0000000000009687      0x750 ./Src/perif/clock.o
 .debug_line    0x0000000000009dd7      0x5a4 ./port/STM32/CMSIS/Src/system_stm32l4xx.o
 .debug_line    0x000000000000a37b      0xbcc ./port/STM32/STM32L4xx_HAL_Driver/Src/stm32l4xx_ll_utils.o
 .debug_line    0x000000000000af47       0x84 ./port/STM32/startup_stm32l412cbtx.o

.debug_str      0x0000000000000000    0x7fb8c
 .debug_str     0x0000000000000000     0xaa3d ./Src/FreeRTOS/list.o
                                       0xac71 (size before relaxing)
 .debug_str     0x000000000000aa3d     0x26d6 ./Src/FreeRTOS/queue.o
                                       0xd3d4 (size before relaxing)
 .debug_str     0x000000000000d113     0x1fbc ./Src/FreeRTOS/tasks.o
                                       0xe2f0 (size before relaxing)
 .debug_str     0x000000000000f0cf      0x5d9 ./Src/FreeRTOS/timers.o
                                       0xd776 (size before relaxing)
 .debug_str     0x000000000000f6a8      0x75c ./Src/FreeRTOS/portable/ARM_CM4F/port.o
                                       0x973e (size before relaxing)
 .debug_str     0x000000000000fe04      0x309 ./Src/FreeRTOS/portable/MemMang/heap_4.o
                                       0xc13a (size before relaxing)
 .debug_str     0x000000000001010d    0x6d9c2 ./Src/main.o
                                      0x79fd7 (size before relaxing)
 .debug_str     0x000000000007dacf     0x1187 ./Src/perif/clock.o
                                      0x633e6 (size before relaxing)
 .debug_str     0x000000000007ec56       0xc8 ./port/STM32/CMSIS/Src/system_stm32l4xx.o
                                      0x5cadb (size before relaxing)
 .debug_str     0x000000000007ed1e      0xe3a ./port/STM32/STM32L4xx_HAL_Driver/Src/stm32l4xx_ll_utils.o
                                      0x620b9 (size before relaxing)
 .debug_str     0x000000000007fb58       0x34 ./port/STM32/startup_stm32l412cbtx.o
                                         0x72 (size before relaxing)

.comment        0x0000000000000000       0x50
 .comment       0x0000000000000000       0x50 ./Src/FreeRTOS/list.o
                                         0x51 (size before relaxing)
 .comment       0x0000000000000050       0x51 ./Src/FreeRTOS/queue.o
 .comment       0x0000000000000050       0x51 ./Src/FreeRTOS/tasks.o
 .comment       0x0000000000000050       0x51 ./Src/FreeRTOS/timers.o
 .comment       0x0000000000000050       0x51 ./Src/FreeRTOS/portable/ARM_CM4F/port.o
 .comment       0x0000000000000050       0x51 ./Src/FreeRTOS/portable/MemMang/heap_4.o
 .comment       0x0000000000000050       0x51 ./Src/main.o
 .comment       0x0000000000000050       0x51 ./Src/perif/clock.o
 .comment       0x0000000000000050       0x51 ./port/STM32/CMSIS/Src/system_stm32l4xx.o
 .comment       0x0000000000000050       0x51 ./port/STM32/STM32L4xx_HAL_Driver/Src/stm32l4xx_ll_utils.o

.debug_frame    0x0000000000000000     0x139c
 .debug_frame   0x0000000000000000       0x70 ./Src/FreeRTOS/list.o
 .debug_frame   0x0000000000000070      0x514 ./Src/FreeRTOS/queue.o
 .debug_frame   0x0000000000000584      0x764 ./Src/FreeRTOS/tasks.o
 .debug_frame   0x0000000000000ce8      0x240 ./Src/FreeRTOS/timers.o
 .debug_frame   0x0000000000000f28      0x110 ./Src/FreeRTOS/portable/ARM_CM4F/port.o
 .debug_frame   0x0000000000001038       0xb8 ./Src/FreeRTOS/portable/MemMang/heap_4.o
 .debug_frame   0x00000000000010f0       0xe8 ./Src/main.o
 .debug_frame   0x00000000000011d8       0x48 ./Src/perif/clock.o
 .debug_frame   0x0000000000001220       0x30 ./port/STM32/CMSIS/Src/system_stm32l4xx.o
 .debug_frame   0x0000000000001250       0xd8 ./port/STM32/STM32L4xx_HAL_Driver/Src/stm32l4xx_ll_utils.o
 .debug_frame   0x0000000000001328       0x2c c:/st/stm32cubeide_1.10.1/stm32cubeide/plugins/com.st.stm32cube.ide.mcu.externaltools.gnu-tools-for-stm32.10.3-2021.10.win32_1.0.0.202111181127/tools/bin/../lib/gcc/arm-none-eabi/10.3.1/../../../../arm-none-eabi/lib/thumb/v7e-m+fp/hard\libc_nano.a(lib_a-init.o)
 .debug_frame   0x0000000000001354       0x28 c:/st/stm32cubeide_1.10.1/stm32cubeide/plugins/com.st.stm32cube.ide.mcu.externaltools.gnu-tools-for-stm32.10.3-2021.10.win32_1.0.0.202111181127/tools/bin/../lib/gcc/arm-none-eabi/10.3.1/../../../../arm-none-eabi/lib/thumb/v7e-m+fp/hard\libc_nano.a(lib_a-memcpy-stub.o)
 .debug_frame   0x000000000000137c       0x20 c:/st/stm32cubeide_1.10.1/stm32cubeide/plugins/com.st.stm32cube.ide.mcu.externaltools.gnu-tools-for-stm32.10.3-2021.10.win32_1.0.0.202111181127/tools/bin/../lib/gcc/arm-none-eabi/10.3.1/../../../../arm-none-eabi/lib/thumb/v7e-m+fp/hard\libc_nano.a(lib_a-memset.o)
