Archive member included to satisfy reference by file (symbol)

c:/st/stm32cubeide_1.10.0/stm32cubeide/plugins/com.st.stm32cube.ide.mcu.externaltools.gnu-tools-for-stm32.10.3-2021.10.win32_1.0.0.202111181127/tools/bin/../lib/gcc/arm-none-eabi/10.3.1/../../../../arm-none-eabi/lib/thumb/v7e-m+fp/hard\libc_nano.a(lib_a-errno.o)
                              ./Src/sysmem.o (__errno)
c:/st/stm32cubeide_1.10.0/stm32cubeide/plugins/com.st.stm32cube.ide.mcu.externaltools.gnu-tools-for-stm32.10.3-2021.10.win32_1.0.0.202111181127/tools/bin/../lib/gcc/arm-none-eabi/10.3.1/../../../../arm-none-eabi/lib/thumb/v7e-m+fp/hard\libc_nano.a(lib_a-exit.o)
                              c:/st/stm32cubeide_1.10.0/stm32cubeide/plugins/com.st.stm32cube.ide.mcu.externaltools.gnu-tools-for-stm32.10.3-2021.10.win32_1.0.0.202111181127/tools/bin/../lib/gcc/arm-none-eabi/10.3.1/../../../../arm-none-eabi/lib/thumb/v7e-m+fp/hard/crt0.o (exit)
c:/st/stm32cubeide_1.10.0/stm32cubeide/plugins/com.st.stm32cube.ide.mcu.externaltools.gnu-tools-for-stm32.10.3-2021.10.win32_1.0.0.202111181127/tools/bin/../lib/gcc/arm-none-eabi/10.3.1/../../../../arm-none-eabi/lib/thumb/v7e-m+fp/hard\libc_nano.a(lib_a-impure.o)
                              c:/st/stm32cubeide_1.10.0/stm32cubeide/plugins/com.st.stm32cube.ide.mcu.externaltools.gnu-tools-for-stm32.10.3-2021.10.win32_1.0.0.202111181127/tools/bin/../lib/gcc/arm-none-eabi/10.3.1/../../../../arm-none-eabi/lib/thumb/v7e-m+fp/hard\libc_nano.a(lib_a-exit.o) (_global_impure_ptr)
c:/st/stm32cubeide_1.10.0/stm32cubeide/plugins/com.st.stm32cube.ide.mcu.externaltools.gnu-tools-for-stm32.10.3-2021.10.win32_1.0.0.202111181127/tools/bin/../lib/gcc/arm-none-eabi/10.3.1/../../../../arm-none-eabi/lib/thumb/v7e-m+fp/hard\libc_nano.a(lib_a-init.o)
                              c:/st/stm32cubeide_1.10.0/stm32cubeide/plugins/com.st.stm32cube.ide.mcu.externaltools.gnu-tools-for-stm32.10.3-2021.10.win32_1.0.0.202111181127/tools/bin/../lib/gcc/arm-none-eabi/10.3.1/../../../../arm-none-eabi/lib/thumb/v7e-m+fp/hard/crt0.o (__libc_init_array)
c:/st/stm32cubeide_1.10.0/stm32cubeide/plugins/com.st.stm32cube.ide.mcu.externaltools.gnu-tools-for-stm32.10.3-2021.10.win32_1.0.0.202111181127/tools/bin/../lib/gcc/arm-none-eabi/10.3.1/../../../../arm-none-eabi/lib/thumb/v7e-m+fp/hard\libc_nano.a(lib_a-memcpy-stub.o)
                              ./FreeRTOS/Source/queue.o (memcpy)
c:/st/stm32cubeide_1.10.0/stm32cubeide/plugins/com.st.stm32cube.ide.mcu.externaltools.gnu-tools-for-stm32.10.3-2021.10.win32_1.0.0.202111181127/tools/bin/../lib/gcc/arm-none-eabi/10.3.1/../../../../arm-none-eabi/lib/thumb/v7e-m+fp/hard\libc_nano.a(lib_a-memset.o)
                              c:/st/stm32cubeide_1.10.0/stm32cubeide/plugins/com.st.stm32cube.ide.mcu.externaltools.gnu-tools-for-stm32.10.3-2021.10.win32_1.0.0.202111181127/tools/bin/../lib/gcc/arm-none-eabi/10.3.1/../../../../arm-none-eabi/lib/thumb/v7e-m+fp/hard/crt0.o (memset)
c:/st/stm32cubeide_1.10.0/stm32cubeide/plugins/com.st.stm32cube.ide.mcu.externaltools.gnu-tools-for-stm32.10.3-2021.10.win32_1.0.0.202111181127/tools/bin/../lib/gcc/arm-none-eabi/10.3.1/../../../../arm-none-eabi/lib/thumb/v7e-m+fp/hard\libc_nano.a(lib_a-printf.o)
                              ./Src/main.o (printf)
c:/st/stm32cubeide_1.10.0/stm32cubeide/plugins/com.st.stm32cube.ide.mcu.externaltools.gnu-tools-for-stm32.10.3-2021.10.win32_1.0.0.202111181127/tools/bin/../lib/gcc/arm-none-eabi/10.3.1/../../../../arm-none-eabi/lib/thumb/v7e-m+fp/hard\libc_nano.a(lib_a-strlen.o)
                              ./FreeRTOS/Source/tasks.o (strlen)
c:/st/stm32cubeide_1.10.0/stm32cubeide/plugins/com.st.stm32cube.ide.mcu.externaltools.gnu-tools-for-stm32.10.3-2021.10.win32_1.0.0.202111181127/tools/bin/../lib/gcc/arm-none-eabi/10.3.1/../../../../arm-none-eabi/lib/thumb/v7e-m+fp/hard\libc_nano.a(lib_a-findfp.o)
                              c:/st/stm32cubeide_1.10.0/stm32cubeide/plugins/com.st.stm32cube.ide.mcu.externaltools.gnu-tools-for-stm32.10.3-2021.10.win32_1.0.0.202111181127/tools/bin/../lib/gcc/arm-none-eabi/10.3.1/../../../../arm-none-eabi/lib/thumb/v7e-m+fp/hard\libc_nano.a(lib_a-printf.o) (__sinit)
c:/st/stm32cubeide_1.10.0/stm32cubeide/plugins/com.st.stm32cube.ide.mcu.externaltools.gnu-tools-for-stm32.10.3-2021.10.win32_1.0.0.202111181127/tools/bin/../lib/gcc/arm-none-eabi/10.3.1/../../../../arm-none-eabi/lib/thumb/v7e-m+fp/hard\libc_nano.a(lib_a-fwalk.o)
                              c:/st/stm32cubeide_1.10.0/stm32cubeide/plugins/com.st.stm32cube.ide.mcu.externaltools.gnu-tools-for-stm32.10.3-2021.10.win32_1.0.0.202111181127/tools/bin/../lib/gcc/arm-none-eabi/10.3.1/../../../../arm-none-eabi/lib/thumb/v7e-m+fp/hard\libc_nano.a(lib_a-findfp.o) (_fwalk)
c:/st/stm32cubeide_1.10.0/stm32cubeide/plugins/com.st.stm32cube.ide.mcu.externaltools.gnu-tools-for-stm32.10.3-2021.10.win32_1.0.0.202111181127/tools/bin/../lib/gcc/arm-none-eabi/10.3.1/../../../../arm-none-eabi/lib/thumb/v7e-m+fp/hard\libc_nano.a(lib_a-lock.o)
[...]
Memory Configuration

Name             Origin             Length             Attributes
RAM              0x0000000020000000 0x000000000000a000 xrw
RAM2             0x0000000010000000 0x0000000000002000 xrw
FLASH            0x0000000008000000 0x0000000000020000 xr
*default*        0x0000000000000000 0xffffffffffffffff

Linker script and memory map

LOAD c:/st/stm32cubeide_1.10.0/stm32cubeide/plugins/com.st.stm32cube.ide.mcu.externaltools.gnu-tools-for-stm32.10.3-2021.10.win32_1.0.0.202111181127/tools/bin/../lib/gcc/arm-none-eabi/10.3.1/thumb/v7e-m+fp/hard/crti.o
LOAD c:/st/stm32cubeide_1.10.0/stm32cubeide/plugins/com.st.stm32cube.ide.mcu.externaltools.gnu-tools-for-stm32.10.3-2021.10.win32_1.0.0.202111181127/tools/bin/../lib/gcc/arm-none-eabi/10.3.1/thumb/v7e-m+fp/hard/crtbegin.o
LOAD c:/st/stm32cubeide_1.10.0/stm32cubeide/plugins/com.st.stm32cube.ide.mcu.externaltools.gnu-tools-for-stm32.10.3-2021.10.win32_1.0.0.202111181127/tools/bin/../lib/gcc/arm-none-eabi/10.3.1/../../../../arm-none-eabi/lib/thumb/v7e-m+fp/hard/crt0.o
LOAD ./FreeRTOS/Source/croutine.o
LOAD ./FreeRTOS/Source/event_groups.o
LOAD ./FreeRTOS/Source/list.o
LOAD ./FreeRTOS/Source/queue.o
LOAD ./FreeRTOS/Source/stream_buffer.o
LOAD ./FreeRTOS/Source/tasks.o
LOAD ./FreeRTOS/Source/timers.o
LOAD ./FreeRTOS/Source/portable/GCC/ARM_CM4F/port.o
LOAD ./FreeRTOS/Source/portable/MemMang/heap_4.o
LOAD ./Src/main.o
LOAD ./Src/sysmem.o
LOAD ./Src/perif/clock.o
LOAD ./Src/perif/spi.o
LOAD ./Src/perif/spiFlash.o
LOAD ./port/STM32/CMSIS/Src/system_stm32l4xx.o
LOAD ./port/STM32/STM32L4xx_HAL_Driver/Src/stm32l4xx_ll_gpio.o
LOAD ./port/STM32/STM32L4xx_HAL_Driver/Src/stm32l4xx_ll_spi.o
LOAD ./port/STM32/STM32L4xx_HAL_Driver/Src/stm32l4xx_ll_utils.o
LOAD ./port/STM32/startup_stm32l412cbtx.o
LOAD D:\Nero\SPI_TASK-branch_1\SPI_TASK-branch_1\port\STM32\CMSIS\Lib\GCC\libarm_cortexM4lf_math.a
START GROUP
LOAD c:/st/stm32cubeide_1.10.0/stm32cubeide/plugins/com.st.stm32cube.ide.mcu.externaltools.gnu-tools-for-stm32.10.3-2021.10.win32_1.0.0.202111181127/tools/bin/../lib/gcc/arm-none-eabi/10.3.1/thumb/v7e-m+fp/hard\libgcc.a
LOAD c:/st/stm32cubeide_1.10.0/stm32cubeide/plugins/com.st.stm32cube.ide.mcu.externaltools.gnu-tools-for-stm32.10.3-2021.10.win32_1.0.0.202111181127/tools/bin/../lib/gcc/arm-none-eabi/10.3.1/../../../../arm-none-eabi/lib/thumb/v7e-m+fp/hard\libc_nano.a
END GROUP
START GROUP
LOAD c:/st/stm32cubeide_1.10.0/stm32cubeide/plugins/com.st.stm32cube.ide.mcu.externaltools.gnu-tools-for-stm32.10.3-2021.10.win32_1.0.0.202111181127/tools/bin/../lib/gcc/arm-none-eabi/10.3.1/thumb/v7e-m+fp/hard\libgcc.a
LOAD c:/st/stm32cubeide_1.10.0/stm32cubeide/plugins/com.st.stm32cube.ide.mcu.externaltools.gnu-tools-for-stm32.10.3-2021.10.win32_1.0.0.202111181127/tools/bin/../lib/gcc/arm-none-eabi/10.3.1/../../../../arm-none-eabi/lib/thumb/v7e-m+fp/hard\libc_nano.a
LOAD c:/st/stm32cubeide_1.10.0/stm32cubeide/plugins/com.st.stm32cube.ide.mcu.externaltools.gnu-tools-for-stm32.10.3-2021.10.win32_1.0.0.202111181127/tools/bin/../lib/gcc/arm-none-eabi/10.3.1/../../../../arm-none-eabi/lib/thumb/v7e-m+fp/hard\libnosys.a
END GROUP
START GROUP
LOAD c:/st/stm32cubeide_1.10.0/stm32cubeide/plugins/com.st.stm32cube.ide.mcu.externaltools.gnu-tools-for-stm32.10.3-2021.10.win32_1.0.0.202111181127/tools/bin/../lib/gcc/arm-none-eabi/10.3.1/thumb/v7e-m+fp/hard\libgcc.a
LOAD c:/st/stm32cubeide_1.10.0/stm32cubeide/plugins/com.st.stm32cube.ide.mcu.externaltools.gnu-tools-for-stm32.10.3-2021.10.win32_1.0.0.202111181127/tools/bin/../lib/gcc/arm-none-eabi/10.3.1/../../../../arm-none-eabi/lib/thumb/v7e-m+fp/hard\libc_nano.a
LOAD c:/st/stm32cubeide_1.10.0/stm32cubeide/plugins/com.st.stm32cube.ide.mcu.externaltools.gnu-tools-for-stm32.10.3-2021.10.win32_1.0.0.202111181127/tools/bin/../lib/gcc/arm-none-eabi/10.3.1/../../../../arm-none-eabi/lib/thumb/v7e-m+fp/hard\libnosys.a
END GROUP
LOAD c:/st/stm32cubeide_1.10.0/stm32cubeide/plugins/com.st.stm32cube.ide.mcu.externaltools.gnu-tools-for-stm32.10.3-2021.10.win32_1.0.0.202111181127/tools/bin/../lib/gcc/arm-none-eabi/10.3.1/thumb/v7e-m+fp/hard/crtend.o
LOAD c:/st/stm32cubeide_1.10.0/stm32cubeide/plugins/com.st.stm32cube.ide.mcu.externaltools.gnu-tools-for-stm32.10.3-2021.10.win32_1.0.0.202111181127/tools/bin/../lib/gcc/arm-none-eabi/10.3.1/thumb/v7e-m+fp/hard/crtn.o
                0x000000002000a000                _estack = (ORIGIN (RAM) + LENGTH (RAM))
                0x0000000000000200                _Min_Heap_Size = 0x200
                0x0000000000000400                _Min_Stack_Size = 0x400

.isr_vector     0x0000000008000000      0x18c
                0x0000000008000000                . = ALIGN (0x4)
 *(.isr_vector)
 .isr_vector    0x0000000008000000      0x18c ./port/STM32/startup_stm32l412cbtx.o
                0x0000000008000000                g_pfnVectors
                0x000000000800018c                . = ALIGN (0x4)

.text           0x0000000008000190     0x39e0
                0x0000000008000190                . = ALIGN (0x4)
 *(.text)
 .text          0x0000000008000190       0x40 c:/st/stm32cubeide_1.10.0/stm32cubeide/plugins/com.st.stm32cube.ide.mcu.externaltools.gnu-tools-for-stm32.10.3-2021.10.win32_1.0.0.202111181127/tools/bin/../lib/gcc/arm-none-eabi/10.3.1/thumb/v7e-m+fp/hard/crtbegin.o
 .text          0x00000000080001d0       0xa0 c:/st/stm32cubeide_1.10.0/stm32cubeide/plugins/com.st.stm32cube.ide.mcu.externaltools.gnu-tools-for-stm32.10.3-2021.10.win32_1.0.0.202111181127/tools/bin/../lib/gcc/arm-none-eabi/10.3.1/../../../../arm-none-eabi/lib/thumb/v7e-m+fp/hard\libc_nano.a(lib_a-memchr.o)
                0x00000000080001d0                memchr
 *(.text*)
 .text.vListInitialise
                0x0000000008000270       0x16 ./FreeRTOS/Source/list.o
                0x0000000008000270                vListInitialise
 .text.vListInitialiseItem
                0x0000000008000286        0x6 ./FreeRTOS/Source/list.o
                0x0000000008000286                vListInitialiseItem
 .text.vListInsert
                0x000000000800028c       0x32 ./FreeRTOS/Source/list.o
                0x000000000800028c                vListInsert
 .text.uxListRemove
                0x00000000080002be       0x24 ./FreeRTOS/Source/list.o
                0x00000000080002be                uxListRemove
 .text.prvIsQueueEmpty
                0x00000000080002e2       0x16 ./FreeRTOS/Source/queue.o
 .text.prvCopyDataToQueue
                0x00000000080002f8       0x76 ./FreeRTOS/Source/queue.o
 .text.prvNotifyQueueSetContainer
                0x000000000800036e       0x92 ./FreeRTOS/Source/queue.o
 .text.prvCopyDataFromQueue
                0x0000000008000400       0x24 ./FreeRTOS/Source/queue.o
 .text.prvUnlockQueue
                0x0000000008000424       0x8a ./FreeRTOS/Source/queue.o
 .text.xQueueGenericReset
                0x00000000080004ae       0xa2 ./FreeRTOS/Source/queue.o
                0x00000000080004ae                xQueueGenericReset
 .text.xQueueGenericCreateStatic
                0x0000000008000550       0x90 ./FreeRTOS/Source/queue.o
                0x0000000008000550                xQueueGenericCreateStatic
 .text.xQueueGenericCreate
                0x00000000080005e0       0x60 ./FreeRTOS/Source/queue.o
                0x00000000080005e0                xQueueGenericCreate
 .text.xQueueGenericSend
                0x0000000008000640      0x1e0 ./FreeRTOS/Source/queue.o
                0x0000000008000640                xQueueGenericSend
 .text.xQueueReceive
                0x0000000008000820      0x164 ./FreeRTOS/Source/queue.o
                0x0000000008000820                xQueueReceive
 .text.vQueueAddToRegistry
                0x0000000008000984       0x54 ./FreeRTOS/Source/queue.o
                0x0000000008000984                vQueueAddToRegistry
 .text.vQueueWaitForMessageRestricted
                0x00000000080009d8       0x4e ./FreeRTOS/Source/queue.o
                0x00000000080009d8                vQueueWaitForMessageRestricted
 *fill*         0x0000000008000a26        0x2 
 .text.prvResetNextTaskUnblockTime
                0x0000000008000a28       0x28 ./FreeRTOS/Source/tasks.o
 .text.prvInitialiseNewTask
                0x0000000008000a50       0xbe ./FreeRTOS/Source/tasks.o
 *fill*         0x0000000008000b0e        0x2 
 .text.prvAddNewTaskToReadyList
                0x0000000008000b10      0x11c ./FreeRTOS/Source/tasks.o
 .text.prvDeleteTCB
                0x0000000008000c2c       0x38 ./FreeRTOS/Source/tasks.o
 .text.prvIdleTask
                0x0000000008000c64       0x68 ./FreeRTOS/Source/tasks.o
 .text.prvAddCurrentTaskToDelayedList
                0x0000000008000ccc       0xb8 ./FreeRTOS/Source/tasks.o
 .text.xTaskCreateStatic
                0x0000000008000d84       0x76 ./FreeRTOS/Source/tasks.o
                0x0000000008000d84                xTaskCreateStatic
 .text.xTaskCreate
                0x0000000008000dfa       0x64 ./FreeRTOS/Source/tasks.o
                0x0000000008000dfa                xTaskCreate
 *fill*         0x0000000008000e5e        0x2 
 .text.vTaskStartScheduler
                0x0000000008000e60       0x9c ./FreeRTOS/Source/tasks.o
                0x0000000008000e60                vTaskStartScheduler
 .text.vTaskSuspendAll
                0x0000000008000efc       0x10 ./FreeRTOS/Source/tasks.o
                0x0000000008000efc                vTaskSuspendAll
 .text.xTaskGetTickCount
                0x0000000008000f0c        0xc ./FreeRTOS/Source/tasks.o
                0x0000000008000f0c                xTaskGetTickCount
 .text.xTaskIncrementTick
                0x0000000008000f18      0x1b4 ./FreeRTOS/Source/tasks.o
                0x0000000008000f18                xTaskIncrementTick
 .text.xTaskResumeAll
                0x00000000080010cc      0x178 ./FreeRTOS/Source/tasks.o
                0x00000000080010cc                xTaskResumeAll
 .text.vTaskDelay
                0x0000000008001244       0x4c ./FreeRTOS/Source/tasks.o
                0x0000000008001244                vTaskDelay
 .text.vTaskSwitchContext
                0x0000000008001290       0xf8 ./FreeRTOS/Source/tasks.o
                0x0000000008001290                vTaskSwitchContext
 .text.vTaskPlaceOnEventList
                0x0000000008001388       0x30 ./FreeRTOS/Source/tasks.o
                0x0000000008001388                vTaskPlaceOnEventList
 .text.vTaskPlaceOnEventListRestricted
                0x00000000080013b8       0x54 ./FreeRTOS/Source/tasks.o
                0x00000000080013b8                vTaskPlaceOnEventListRestricted
 .text.xTaskRemoveFromEventList
                0x000000000800140c       0xec ./FreeRTOS/Source/tasks.o
                0x000000000800140c                xTaskRemoveFromEventList
 .text.vTaskInternalSetTimeOutState
                0x00000000080014f8       0x18 ./FreeRTOS/Source/tasks.o
                0x00000000080014f8                vTaskInternalSetTimeOutState
 .text.xTaskCheckForTimeOut
                0x0000000008001510       0xa4 ./FreeRTOS/Source/tasks.o
                0x0000000008001510                xTaskCheckForTimeOut
 .text.vTaskMissedYield
                0x00000000080015b4        0xc ./FreeRTOS/Source/tasks.o
                0x00000000080015b4                vTaskMissedYield
 .text.xTaskGetSchedulerState
                0x00000000080015c0       0x20 ./FreeRTOS/Source/tasks.o
                0x00000000080015c0                xTaskGetSchedulerState
 .text.xTaskPriorityDisinherit
                0x00000000080015e0       0xbc ./FreeRTOS/Source/tasks.o
                0x00000000080015e0                xTaskPriorityDisinherit
 .text.prvInsertTimerInActiveList
                0x000000000800169c       0x48 ./FreeRTOS/Source/timers.o
 .text.prvReloadTimer
                0x00000000080016e4       0x28 ./FreeRTOS/Source/timers.o
 .text.prvProcessExpiredTimer
                0x000000000800170c       0x40 ./FreeRTOS/Source/timers.o
 .text.prvSampleTimeNow
                0x000000000800174c       0x5c ./FreeRTOS/Source/timers.o
 .text.prvTimerTask
                0x00000000080017a8      0x16c ./FreeRTOS/Source/timers.o
 .text.prvCheckForValidListAndQueue
                0x0000000008001914       0x70 ./FreeRTOS/Source/timers.o
 .text.xTimerCreateTimerTask
                0x0000000008001984       0x64 ./FreeRTOS/Source/timers.o
                0x0000000008001984                xTimerCreateTimerTask
 .text.prvTaskExitError
                0x00000000080019e8       0x40 ./FreeRTOS/Source/portable/GCC/ARM_CM4F/port.o
 .text.prvPortStartFirstTask
                0x0000000008001a28       0x28 ./FreeRTOS/Source/portable/GCC/ARM_CM4F/port.o
 .text.vPortEnableVFP
                0x0000000008001a50       0x14 ./FreeRTOS/Source/portable/GCC/ARM_CM4F/port.o
 .text.pxPortInitialiseStack
                0x0000000008001a64       0x2c ./FreeRTOS/Source/portable/GCC/ARM_CM4F/port.o
                0x0000000008001a64                pxPortInitialiseStack
 .text.SVC_Handler
                0x0000000008001a90       0x24 ./FreeRTOS/Source/portable/GCC/ARM_CM4F/port.o
                0x0000000008001a90                SVC_Handler
 .text.vPortEnterCritical
                0x0000000008001ab4       0x44 ./FreeRTOS/Source/portable/GCC/ARM_CM4F/port.o
                0x0000000008001ab4                vPortEnterCritical
 .text.vPortExitCritical
                0x0000000008001af8       0x2c ./FreeRTOS/Source/portable/GCC/ARM_CM4F/port.o
                0x0000000008001af8                vPortExitCritical
 *fill*         0x0000000008001b24        0xc 
 .text.PendSV_Handler
                0x0000000008001b30       0x64 ./FreeRTOS/Source/portable/GCC/ARM_CM4F/port.o
                0x0000000008001b30                PendSV_Handler
 .text.SysTick_Handler
                0x0000000008001b94       0x2c ./FreeRTOS/Source/portable/GCC/ARM_CM4F/port.o
                0x0000000008001b94                SysTick_Handler
 .text.vPortSetupTimerInterrupt
                0x0000000008001bc0       0x16 ./FreeRTOS/Source/portable/GCC/ARM_CM4F/port.o
                0x0000000008001bc0                vPortSetupTimerInterrupt
 *fill*         0x0000000008001bd6        0x2 
 .text.xPortStartScheduler
                0x0000000008001bd8      0x11c ./FreeRTOS/Source/portable/GCC/ARM_CM4F/port.o
                0x0000000008001bd8                xPortStartScheduler
 .text.prvInsertBlockIntoFreeList
                0x0000000008001cf4       0x60 ./FreeRTOS/Source/portable/MemMang/heap_4.o
 .text.pvPortMalloc
                0x0000000008001d54      0x15c ./FreeRTOS/Source/portable/MemMang/heap_4.o
                0x0000000008001d54                pvPortMalloc
 .text.vPortFree
                0x0000000008001eb0       0x7c ./FreeRTOS/Source/portable/MemMang/heap_4.o
                0x0000000008001eb0                vPortFree
 .text.myTask1  0x0000000008001f2c       0x74 ./Src/main.o
                0x0000000008001f2c                myTask1
 .text.myTask2  0x0000000008001fa0       0x38 ./Src/main.o
                0x0000000008001fa0                myTask2
 .text.LL_GPIO_SetPinMode
                0x0000000008001fd8       0x32 ./Src/main.o
 .text.LL_GPIO_SetPinSpeed
                0x000000000800200a       0x32 ./Src/main.o
 .text.LL_GPIO_SetPinPull
                0x000000000800203c       0x32 ./Src/main.o
 .text.board_gpio_set_output
                0x000000000800206e       0x2e ./Src/main.o
 .text.vApplicationMallocFailedHook
                0x000000000800209c        0x2 ./Src/main.o
                0x000000000800209c                vApplicationMallocFailedHook
 *fill*         0x000000000800209e        0x2 
 .text.vApplicationGetIdleTaskMemory
                0x00000000080020a0       0x18 ./Src/main.o
                0x00000000080020a0                vApplicationGetIdleTaskMemory
 .text.vApplicationGetTimerTaskMemory
                0x00000000080020b8       0x18 ./Src/main.o
                0x00000000080020b8                vApplicationGetTimerTaskMemory
 .text.vApplicationStackOverflowHook
                0x00000000080020d0       0x12 ./Src/main.o
                0x00000000080020d0                vApplicationStackOverflowHook
 *fill*         0x00000000080020e2        0x2 
 .text.main     0x00000000080020e4      0x22c ./Src/main.o
                0x00000000080020e4                main
 .text._sbrk    0x0000000008002310       0x48 ./Src/sysmem.o
                0x0000000008002310                _sbrk
 .text.hse_init
                0x0000000008002358       0xac ./Src/perif/clock.o
                0x0000000008002358                hse_init
 .text.clock_init
                0x0000000008002404       0x44 ./Src/perif/clock.o
                0x0000000008002404                clock_init
 .text.SpiInit  0x0000000008002448      0x2dc ./Src/perif/spi.o
                0x0000000008002448                SpiInit
 .text.SpiSendRecv
                0x0000000008002724       0x5c ./Src/perif/spi.o
                0x0000000008002724                SpiSendRecv
 .text.SPI1_IRQHandler
                0x0000000008002780       0x78 ./Src/perif/spi.o
                0x0000000008002780                SPI1_IRQHandler
 .text.spiFlash_init
                0x00000000080027f8      0x120 ./Src/perif/spiFlash.o
                0x00000000080027f8                spiFlash_init
 .text.spiFlash_powerOn
                0x0000000008002918       0xa0 ./Src/perif/spiFlash.o
                0x0000000008002918                spiFlash_powerOn
 .text.spiFlash_read
                0x00000000080029b8       0x4c ./Src/perif/spiFlash.o
                0x00000000080029b8                spiFlash_read
 .text.spiFlash_readStatus1
                0x0000000008002a04       0x2c ./Src/perif/spiFlash.o
                0x0000000008002a04                spiFlash_readStatus1
 .text.SystemInit
                0x0000000008002a30       0x44 ./port/STM32/CMSIS/Src/system_stm32l4xx.o
                0x0000000008002a30                SystemInit
 .text.LL_SPI_Init
                0x0000000008002a74       0x66 ./port/STM32/STM32L4xx_HAL_Driver/Src/stm32l4xx_ll_spi.o
                0x0000000008002a74                LL_SPI_Init
 *fill*         0x0000000008002ada        0x2 
 .text.LL_Init1msTick
                0x0000000008002adc       0x20 ./port/STM32/STM32L4xx_HAL_Driver/Src/stm32l4xx_ll_utils.o
                0x0000000008002adc                LL_Init1msTick
 .text.LL_SetSystemCoreClock
                0x0000000008002afc        0xc ./port/STM32/STM32L4xx_HAL_Driver/Src/stm32l4xx_ll_utils.o
                0x0000000008002afc                LL_SetSystemCoreClock
 .text.Reset_Handler
                0x0000000008002b08       0x50 ./port/STM32/startup_stm32l412cbtx.o
                0x0000000008002b08                Reset_Handler
 .text.Default_Handler
                0x0000000008002b58        0x2 ./port/STM32/startup_stm32l412cbtx.o
                0x0000000008002b58                RTC_Alarm_IRQHandler
                0x0000000008002b58                EXTI2_IRQHandler
                0x0000000008002b58                DebugMon_Handler
                0x0000000008002b58                TIM1_CC_IRQHandler
                0x0000000008002b58                TSC_IRQHandler
                0x0000000008002b58                HardFault_Handler
                0x0000000008002b58                TIM6_IRQHandler
                0x0000000008002b58                TAMP_STAMP_IRQHandler
                0x0000000008002b58                NMI_Handler
                0x0000000008002b58                EXTI3_IRQHandler
                0x0000000008002b58                LPTIM2_IRQHandler
                0x0000000008002b58                I2C3_ER_IRQHandler
                0x0000000008002b58                EXTI0_IRQHandler
                0x0000000008002b58                I2C2_EV_IRQHandler
                0x0000000008002b58                FPU_IRQHandler
                0x0000000008002b58                TIM1_UP_TIM16_IRQHandler
                0x0000000008002b58                UsageFault_Handler
                0x0000000008002b58                ADC1_2_IRQHandler
                0x0000000008002b58                DMA2_Channel2_IRQHandler
                0x0000000008002b58                DMA1_Channel4_IRQHandler
                0x0000000008002b58                USART3_IRQHandler
                0x0000000008002b58                DMA1_Channel7_IRQHandler
                0x0000000008002b58                DMA2_Channel1_IRQHandler
                0x0000000008002b58                QUADSPI_IRQHandler
                0x0000000008002b58                I2C1_EV_IRQHandler
                0x0000000008002b58                DMA1_Channel6_IRQHandler
                0x0000000008002b58                DMA2_Channel4_IRQHandler
                0x0000000008002b58                RCC_IRQHandler
                0x0000000008002b58                TIM1_TRG_COM_IRQHandler
                0x0000000008002b58                DMA1_Channel1_IRQHandler
                0x0000000008002b58                Default_Handler
                0x0000000008002b58                DMA2_Channel7_IRQHandler
                0x0000000008002b58                EXTI15_10_IRQHandler
                0x0000000008002b58                I2C3_EV_IRQHandler
                0x0000000008002b58                USB_IRQHandler
                0x0000000008002b58                EXTI9_5_IRQHandler
                0x0000000008002b58                RTC_WKUP_IRQHandler
                0x0000000008002b58                PVD_PVM_IRQHandler
                0x0000000008002b58                SPI2_IRQHandler
                0x0000000008002b58                MemManage_Handler
                0x0000000008002b58                DMA2_Channel5_IRQHandler
                0x0000000008002b58                CRS_IRQHandler
                0x0000000008002b58                DMA1_Channel5_IRQHandler
                0x0000000008002b58                EXTI4_IRQHandler
                0x0000000008002b58                RNG_IRQHandler
                0x0000000008002b58                DMA1_Channel3_IRQHandler
                0x0000000008002b58                COMP_IRQHandler
                0x0000000008002b58                WWDG_IRQHandler
                0x0000000008002b58                LPUART1_IRQHandler
                0x0000000008002b58                DMA2_Channel6_IRQHandler
                0x0000000008002b58                TIM2_IRQHandler
                0x0000000008002b58                EXTI1_IRQHandler
                0x0000000008002b58                USART2_IRQHandler
                0x0000000008002b58                I2C2_ER_IRQHandler
                0x0000000008002b58                DMA1_Channel2_IRQHandler
                0x0000000008002b58                FLASH_IRQHandler
                0x0000000008002b58                BusFault_Handler
                0x0000000008002b58                USART1_IRQHandler
                0x0000000008002b58                I2C1_ER_IRQHandler
                0x0000000008002b58                LPTIM1_IRQHandler
                0x0000000008002b58                DMA2_Channel3_IRQHandler
                0x0000000008002b58                TIM1_BRK_TIM15_IRQHandler
 *fill*         0x0000000008002b5a        0x2 
 .text.__errno  0x0000000008002b5c        0xc c:/st/stm32cubeide_1.10.0/stm32cubeide/plugins/com.st.stm32cube.ide.mcu.externaltools.gnu-tools-for-stm32.10.3-2021.10.win32_1.0.0.202111181127/tools/bin/../lib/gcc/arm-none-eabi/10.3.1/../../../../arm-none-eabi/lib/thumb/v7e-m+fp/hard\libc_nano.a(lib_a-errno.o)
                0x0000000008002b5c                __errno
 .text.__libc_init_array
                0x0000000008002b68       0x48 c:/st/stm32cubeide_1.10.0/stm32cubeide/plugins/com.st.stm32cube.ide.mcu.externaltools.gnu-tools-for-stm32.10.3-2021.10.win32_1.0.0.202111181127/tools/bin/../lib/gcc/arm-none-eabi/10.3.1/../../../../arm-none-eabi/lib/thumb/v7e-m+fp/hard\libc_nano.a(lib_a-init.o)
                0x0000000008002b68                __libc_init_array
 .text.memcpy   0x0000000008002bb0       0x1c c:/st/stm32cubeide_1.10.0/stm32cubeide/plugins/com.st.stm32cube.ide.mcu.externaltools.gnu-tools-for-stm32.10.3-2021.10.win32_1.0.0.202111181127/tools/bin/../lib/gcc/arm-none-eabi/10.3.1/../../../../arm-none-eabi/lib/thumb/v7e-m+fp/hard\libc_nano.a(lib_a-memcpy-stub.o)
                0x0000000008002bb0                memcpy
 .text.memset   0x0000000008002bcc       0x10 c:/st/stm32cubeide_1.10.0/stm32cubeide/plugins/com.st.stm32cube.ide.mcu.externaltools.gnu-tools-for-stm32.10.3-2021.10.win32_1.0.0.202111181127/tools/bin/../lib/gcc/arm-none-eabi/10.3.1/../../../../arm-none-eabi/lib/thumb/v7e-m+fp/hard\libc_nano.a(lib_a-memset.o)
                0x0000000008002bcc                memset
 .text.printf   0x0000000008002bdc       0x30 c:/st/stm32cubeide_1.10.0/stm32cubeide/plugins/com.st.stm32cube.ide.mcu.externaltools.gnu-tools-for-stm32.10.3-2021.10.win32_1.0.0.202111181127/tools/bin/../lib/gcc/arm-none-eabi/10.3.1/../../../../arm-none-eabi/lib/thumb/v7e-m+fp/hard\libc_nano.a(lib_a-printf.o)
                0x0000000008002bdc                iprintf
                0x0000000008002bdc                printf
 .text.std      0x0000000008002c0c       0x48 c:/st/stm32cubeide_1.10.0/stm32cubeide/plugins/com.st.stm32cube.ide.mcu.externaltools.gnu-tools-for-stm32.10.3-2021.10.win32_1.0.0.202111181127/tools/bin/../lib/gcc/arm-none-eabi/10.3.1/../../../../arm-none-eabi/lib/thumb/v7e-m+fp/hard\libc_nano.a(lib_a-findfp.o)
 .text._cleanup_r
                0x0000000008002c54        0xc c:/st/stm32cubeide_1.10.0/stm32cubeide/plugins/com.st.stm32cube.ide.mcu.externaltools.gnu-tools-for-stm32.10.3-2021.10.win32_1.0.0.202111181127/tools/bin/../lib/gcc/arm-none-eabi/10.3.1/../../../../arm-none-eabi/lib/thumb/v7e-m+fp/hard\libc_nano.a(lib_a-findfp.o)
                0x0000000008002c54                _cleanup_r
 .text.__sfmoreglue
                0x0000000008002c60       0x2c c:/st/stm32cubeide_1.10.0/stm32cubeide/plugins/com.st.stm32cube.ide.mcu.externaltools.gnu-tools-for-stm32.10.3-2021.10.win32_1.0.0.202111181127/tools/bin/../lib/gcc/arm-none-eabi/10.3.1/../../../../arm-none-eabi/lib/thumb/v7e-m+fp/hard\libc_nano.a(lib_a-findfp.o)
                0x0000000008002c60                __sfmoreglue
 .text.__sfp_lock_acquire
                0x0000000008002c8c        0xc c:/st/stm32cubeide_1.10.0/stm32cubeide/plugins/com.st.stm32cube.ide.mcu.externaltools.gnu-tools-for-stm32.10.3-2021.10.win32_1.0.0.202111181127/tools/bin/../lib/gcc/arm-none-eabi/10.3.1/../../../../arm-none-eabi/lib/thumb/v7e-m+fp/hard\libc_nano.a(lib_a-findfp.o)
                0x0000000008002c8c                __sfp_lock_acquire
 .text.__sfp_lock_release
                0x0000000008002c98        0xc c:/st/stm32cubeide_1.10.0/stm32cubeide/plugins/com.st.stm32cube.ide.mcu.externaltools.gnu-tools-for-stm32.10.3-2021.10.win32_1.0.0.202111181127/tools/bin/../lib/gcc/arm-none-eabi/10.3.1/../../../../arm-none-eabi/lib/thumb/v7e-m+fp/hard\libc_nano.a(lib_a-findfp.o)
                0x0000000008002c98                __sfp_lock_release
 .text.__sinit_lock_acquire
                0x0000000008002ca4        0xc c:/st/stm32cubeide_1.10.0/stm32cubeide/plugins/com.st.stm32cube.ide.mcu.externaltools.gnu-tools-for-stm32.10.3-2021.10.win32_1.0.0.202111181127/tools/bin/../lib/gcc/arm-none-eabi/10.3.1/../../../../arm-none-eabi/lib/thumb/v7e-m+fp/hard\libc_nano.a(lib_a-findfp.o)
                0x0000000008002ca4                __sinit_lock_acquire
 .text.__sinit_lock_release
                0x0000000008002cb0        0xc c:/st/stm32cubeide_1.10.0/stm32cubeide/plugins/com.st.stm32cube.ide.mcu.externaltools.gnu-tools-for-stm32.10.3-2021.10.win32_1.0.0.202111181127/tools/bin/../lib/gcc/arm-none-eabi/10.3.1/../../../../arm-none-eabi/lib/thumb/v7e-m+fp/hard\libc_nano.a(lib_a-findfp.o)
                0x0000000008002cb0                __sinit_lock_release
 .text.__sinit  0x0000000008002cbc       0x70 c:/st/stm32cubeide_1.10.0/stm32cubeide/plugins/com.st.stm32cube.ide.mcu.externaltools.gnu-tools-for-stm32.10.3-2021.10.win32_1.0.0.202111181127/tools/bin/../lib/gcc/arm-none-eabi/10.3.1/../../../../arm-none-eabi/lib/thumb/v7e-m+fp/hard\libc_nano.a(lib_a-findfp.o)
                0x0000000008002cbc                __sinit
 .text.__sfp    0x0000000008002d2c       0x8c c:/st/stm32cubeide_1.10.0/stm32cubeide/plugins/com.st.stm32cube.ide.mcu.externaltools.gnu-tools-for-stm32.10.3-2021.10.win32_1.0.0.202111181127/tools/bin/../lib/gcc/arm-none-eabi/10.3.1/../../../../arm-none-eabi/lib/thumb/v7e-m+fp/hard\libc_nano.a(lib_a-findfp.o)
                0x0000000008002d2c                __sfp
 .text._fwalk_reent
                0x0000000008002db8       0x3e c:/st/stm32cubeide_1.10.0/stm32cubeide/plugins/com.st.stm32cube.ide.mcu.externaltools.gnu-tools-for-stm32.10.3-2021.10.win32_1.0.0.202111181127/tools/bin/../lib/gcc/arm-none-eabi/10.3.1/../../../../arm-none-eabi/lib/thumb/v7e-m+fp/hard\libc_nano.a(lib_a-fwalk.o)
                0x0000000008002db8                _fwalk_reent
 .text.__retarget_lock_init_recursive
                0x0000000008002df6        0x2 c:/st/stm32cubeide_1.10.0/stm32cubeide/plugins/com.st.stm32cube.ide.mcu.externaltools.gnu-tools-for-stm32.10.3-2021.10.win32_1.0.0.202111181127/tools/bin/../lib/gcc/arm-none-eabi/10.3.1/../../../../arm-none-eabi/lib/thumb/v7e-m+fp/hard\libc_nano.a(lib_a-lock.o)
                0x0000000008002df6                __retarget_lock_init_recursive
 .text.__retarget_lock_acquire_recursive
                0x0000000008002df8        0x2 c:/st/stm32cubeide_1.10.0/stm32cubeide/plugins/com.st.stm32cube.ide.mcu.externaltools.gnu-tools-for-stm32.10.3-2021.10.win32_1.0.0.202111181127/tools/bin/../lib/gcc/arm-none-eabi/10.3.1/../../../../arm-none-eabi/lib/thumb/v7e-m+fp/hard\libc_nano.a(lib_a-lock.o)
                0x0000000008002df8                __retarget_lock_acquire_recursive
 .text.__retarget_lock_release_recursive
                0x0000000008002dfa        0x2 c:/st/stm32cubeide_1.10.0/stm32cubeide/plugins/com.st.stm32cube.ide.mcu.externaltools.gnu-tools-for-stm32.10.3-2021.10.win32_1.0.0.202111181127/tools/bin/../lib/gcc/arm-none-eabi/10.3.1/../../../../arm-none-eabi/lib/thumb/v7e-m+fp/hard\libc_nano.a(lib_a-lock.o)
                0x0000000008002dfa                __retarget_lock_release_recursive
 .text.sbrk_aligned
                0x0000000008002dfc       0x40 c:/st/stm32cubeide_1.10.0/stm32cubeide/plugins/com.st.stm32cube.ide.mcu.externaltools.gnu-tools-for-stm32.10.3-2021.10.win32_1.0.0.202111181127/tools/bin/../lib/gcc/arm-none-eabi/10.3.1/../../../../arm-none-eabi/lib/thumb/v7e-m+fp/hard\libc_nano.a(lib_a-nano-mallocr.o)
 .text._malloc_r
                0x0000000008002e3c       0xe8 c:/st/stm32cubeide_1.10.0/stm32cubeide/plugins/com.st.stm32cube.ide.mcu.externaltools.gnu-tools-for-stm32.10.3-2021.10.win32_1.0.0.202111181127/tools/bin/../lib/gcc/arm-none-eabi/10.3.1/../../../../arm-none-eabi/lib/thumb/v7e-m+fp/hard\libc_nano.a(lib_a-nano-mallocr.o)
                0x0000000008002e3c                _malloc_r
 .text.__sfputc_r
                0x0000000008002f24       0x2e c:/st/stm32cubeide_1.10.0/stm32cubeide/plugins/com.st.stm32cube.ide.mcu.externaltools.gnu-tools-for-stm32.10.3-2021.10.win32_1.0.0.202111181127/tools/bin/../lib/gcc/arm-none-eabi/10.3.1/../../../../arm-none-eabi/lib/thumb/v7e-m+fp/hard\libc_nano.a(lib_a-nano-vfprintf.o)
 .text.__sfputs_r
                0x0000000008002f52       0x24 c:/st/stm32cubeide_1.10.0/stm32cubeide/plugins/com.st.stm32cube.ide.mcu.externaltools.gnu-tools-for-stm32.10.3-2021.10.win32_1.0.0.202111181127/tools/bin/../lib/gcc/arm-none-eabi/10.3.1/../../../../arm-none-eabi/lib/thumb/v7e-m+fp/hard\libc_nano.a(lib_a-nano-vfprintf.o)
                0x0000000008002f52                __sfputs_r
 *fill*         0x0000000008002f76        0x2 
 .text._vfprintf_r
                0x0000000008002f78      0x260 c:/st/stm32cubeide_1.10.0/stm32cubeide/plugins/com.st.stm32cube.ide.mcu.externaltools.gnu-tools-for-stm32.10.3-2021.10.win32_1.0.0.202111181127/tools/bin/../lib/gcc/arm-none-eabi/10.3.1/../../../../arm-none-eabi/lib/thumb/v7e-m+fp/hard\libc_nano.a(lib_a-nano-vfprintf.o)
                0x0000000008002f78                _vfprintf_r
                0x0000000008002f78                _vfiprintf_r
 .text._printf_common
                0x00000000080031d8       0xda c:/st/stm32cubeide_1.10.0/stm32cubeide/plugins/com.st.stm32cube.ide.mcu.externaltools.gnu-tools-for-stm32.10.3-2021.10.win32_1.0.0.202111181127/tools/bin/../lib/gcc/arm-none-eabi/10.3.1/../../../../arm-none-eabi/lib/thumb/v7e-m+fp/hard\libc_nano.a(lib_a-nano-vfprintf_i.o)
                0x00000000080031d8                _printf_common
 *fill*         0x00000000080032b2        0x2 
 .text._printf_i
                0x00000000080032b4      0x24c c:/st/stm32cubeide_1.10.0/stm32cubeide/plugins/com.st.stm32cube.ide.mcu.externaltools.gnu-tools-for-stm32.10.3-2021.10.win32_1.0.0.202111181127/tools/bin/../lib/gcc/arm-none-eabi/10.3.1/../../../../arm-none-eabi/lib/thumb/v7e-m+fp/hard\libc_nano.a(lib_a-nano-vfprintf_i.o)
                0x00000000080032b4                _printf_i
 .text._sbrk_r  0x0000000008003500       0x20 c:/st/stm32cubeide_1.10.0/stm32cubeide/plugins/com.st.stm32cube.ide.mcu.externaltools.gnu-tools-for-stm32.10.3-2021.10.win32_1.0.0.202111181127/tools/bin/../lib/gcc/arm-none-eabi/10.3.1/../../../../arm-none-eabi/lib/thumb/v7e-m+fp/hard\libc_nano.a(lib_a-sbrkr.o)
                0x0000000008003500                _sbrk_r
 .text.__sread  0x0000000008003520       0x22 c:/st/stm32cubeide_1.10.0/stm32cubeide/plugins/com.st.stm32cube.ide.mcu.externaltools.gnu-tools-for-stm32.10.3-2021.10.win32_1.0.0.202111181127/tools/bin/../lib/gcc/arm-none-eabi/10.3.1/../../../../arm-none-eabi/lib/thumb/v7e-m+fp/hard\libc_nano.a(lib_a-stdio.o)
                0x0000000008003520                __sread
 .text.__swrite
                0x0000000008003542       0x38 c:/st/stm32cubeide_1.10.0/stm32cubeide/plugins/com.st.stm32cube.ide.mcu.externaltools.gnu-tools-for-stm32.10.3-2021.10.win32_1.0.0.202111181127/tools/bin/../lib/gcc/arm-none-eabi/10.3.1/../../../../arm-none-eabi/lib/thumb/v7e-m+fp/hard\libc_nano.a(lib_a-stdio.o)
                0x0000000008003542                __swrite
 .text.__sseek  0x000000000800357a       0x24 c:/st/stm32cubeide_1.10.0/stm32cubeide/plugins/com.st.stm32cube.ide.mcu.externaltools.gnu-tools-for-stm32.10.3-2021.10.win32_1.0.0.202111181127/tools/bin/../lib/gcc/arm-none-eabi/10.3.1/../../../../arm-none-eabi/lib/thumb/v7e-m+fp/hard\libc_nano.a(lib_a-stdio.o)
                0x000000000800357a                __sseek
 .text.__sclose
                0x000000000800359e        0x8 c:/st/stm32cubeide_1.10.0/stm32cubeide/plugins/com.st.stm32cube.ide.mcu.externaltools.gnu-tools-for-stm32.10.3-2021.10.win32_1.0.0.202111181127/tools/bin/../lib/gcc/arm-none-eabi/10.3.1/../../../../arm-none-eabi/lib/thumb/v7e-m+fp/hard\libc_nano.a(lib_a-stdio.o)
                0x000000000800359e                __sclose
 *fill*         0x00000000080035a6        0x2 
 .text.__swbuf_r
                0x00000000080035a8       0xa4 c:/st/stm32cubeide_1.10.0/stm32cubeide/plugins/com.st.stm32cube.ide.mcu.externaltools.gnu-tools-for-stm32.10.3-2021.10.win32_1.0.0.202111181127/tools/bin/../lib/gcc/arm-none-eabi/10.3.1/../../../../arm-none-eabi/lib/thumb/v7e-m+fp/hard\libc_nano.a(lib_a-wbuf.o)
                0x00000000080035a8                __swbuf_r
 .text._write_r
                0x000000000800364c       0x24 c:/st/stm32cubeide_1.10.0/stm32cubeide/plugins/com.st.stm32cube.ide.mcu.externaltools.gnu-tools-for-stm32.10.3-2021.10.win32_1.0.0.202111181127/tools/bin/../lib/gcc/arm-none-eabi/10.3.1/../../../../arm-none-eabi/lib/thumb/v7e-m+fp/hard\libc_nano.a(lib_a-writer.o)
                0x000000000800364c                _write_r
 .text.__swsetup_r
                0x0000000008003670       0xdc c:/st/stm32cubeide_1.10.0/stm32cubeide/plugins/com.st.stm32cube.ide.mcu.externaltools.gnu-tools-for-stm32.10.3-2021.10.win32_1.0.0.202111181127/tools/bin/../lib/gcc/arm-none-eabi/10.3.1/../../../../arm-none-eabi/lib/thumb/v7e-m+fp/hard\libc_nano.a(lib_a-wsetup.o)
                0x0000000008003670                __swsetup_r
 .text._close_r
                0x000000000800374c       0x20 c:/st/stm32cubeide_1.10.0/stm32cubeide/plugins/com.st.stm32cube.ide.mcu.externaltools.gnu-tools-for-stm32.10.3-2021.10.win32_1.0.0.202111181127/tools/bin/../lib/gcc/arm-none-eabi/10.3.1/../../../../arm-none-eabi/lib/thumb/v7e-m+fp/hard\libc_nano.a(lib_a-closer.o)
                0x000000000800374c                _close_r
 .text.__sflush_r
                0x000000000800376c      0x10c c:/st/stm32cubeide_1.10.0/stm32cubeide/plugins/com.st.stm32cube.ide.mcu.externaltools.gnu-tools-for-stm32.10.3-2021.10.win32_1.0.0.202111181127/tools/bin/../lib/gcc/arm-none-eabi/10.3.1/../../../../arm-none-eabi/lib/thumb/v7e-m+fp/hard\libc_nano.a(lib_a-fflush.o)
                0x000000000800376c                __sflush_r
 .text._fflush_r
                0x0000000008003878       0x78 c:/st/stm32cubeide_1.10.0/stm32cubeide/plugins/com.st.stm32cube.ide.mcu.externaltools.gnu-tools-for-stm32.10.3-2021.10.win32_1.0.0.202111181127/tools/bin/../lib/gcc/arm-none-eabi/10.3.1/../../../../arm-none-eabi/lib/thumb/v7e-m+fp/hard\libc_nano.a(lib_a-fflush.o)
                0x0000000008003878                _fflush_r
 .text._lseek_r
                0x00000000080038f0       0x24 c:/st/stm32cubeide_1.10.0/stm32cubeide/plugins/com.st.stm32cube.ide.mcu.externaltools.gnu-tools-for-stm32.10.3-2021.10.win32_1.0.0.202111181127/tools/bin/../lib/gcc/arm-none-eabi/10.3.1/../../../../arm-none-eabi/lib/thumb/v7e-m+fp/hard\libc_nano.a(lib_a-lseekr.o)
                0x00000000080038f0                _lseek_r
 .text.__swhatbuf_r
                0x0000000008003914       0x4a c:/st/stm32cubeide_1.10.0/stm32cubeide/plugins/com.st.stm32cube.ide.mcu.externaltools.gnu-tools-for-stm32.10.3-2021.10.win32_1.0.0.202111181127/tools/bin/../lib/gcc/arm-none-eabi/10.3.1/../../../../arm-none-eabi/lib/thumb/v7e-m+fp/hard\libc_nano.a(lib_a-makebuf.o)
                0x0000000008003914                __swhatbuf_r
 *fill*         0x000000000800395e        0x2 
 .text.__smakebuf_r
                0x0000000008003960       0x80 c:/st/stm32cubeide_1.10.0/stm32cubeide/plugins/com.st.stm32cube.ide.mcu.externaltools.gnu-tools-for-stm32.10.3-2021.10.win32_1.0.0.202111181127/tools/bin/../lib/gcc/arm-none-eabi/10.3.1/../../../../arm-none-eabi/lib/thumb/v7e-m+fp/hard\libc_nano.a(lib_a-makebuf.o)
                0x0000000008003960                __smakebuf_r
 .text.__malloc_lock
                0x00000000080039e0        0xc c:/st/stm32cubeide_1.10.0/stm32cubeide/plugins/com.st.stm32cube.ide.mcu.externaltools.gnu-tools-for-stm32.10.3-2021.10.win32_1.0.0.202111181127/tools/bin/../lib/gcc/arm-none-eabi/10.3.1/../../../../arm-none-eabi/lib/thumb/v7e-m+fp/hard\libc_nano.a(lib_a-mlock.o)
                0x00000000080039e0                __malloc_lock
 .text.__malloc_unlock
                0x00000000080039ec        0xc c:/st/stm32cubeide_1.10.0/stm32cubeide/plugins/com.st.stm32cube.ide.mcu.externaltools.gnu-tools-for-stm32.10.3-2021.10.win32_1.0.0.202111181127/tools/bin/../lib/gcc/arm-none-eabi/10.3.1/../../../../arm-none-eabi/lib/thumb/v7e-m+fp/hard\libc_nano.a(lib_a-mlock.o)
                0x00000000080039ec                __malloc_unlock
 .text._free_r  0x00000000080039f8       0x98 c:/st/stm32cubeide_1.10.0/stm32cubeide/plugins/com.st.stm32cube.ide.mcu.externaltools.gnu-tools-for-stm32.10.3-2021.10.win32_1.0.0.202111181127/tools/bin/../lib/gcc/arm-none-eabi/10.3.1/../../../../arm-none-eabi/lib/thumb/v7e-m+fp/hard\libc_nano.a(lib_a-nano-freer.o)
                0x00000000080039f8                _free_r
 .text._read_r  0x0000000008003a90       0x24 c:/st/stm32cubeide_1.10.0/stm32cubeide/plugins/com.st.stm32cube.ide.mcu.externaltools.gnu-tools-for-stm32.10.3-2021.10.win32_1.0.0.202111181127/tools/bin/../lib/gcc/arm-none-eabi/10.3.1/../../../../arm-none-eabi/lib/thumb/v7e-m+fp/hard\libc_nano.a(lib_a-readr.o)
                0x0000000008003a90                _read_r
 .text._fstat_r
                0x0000000008003ab4       0x24 c:/st/stm32cubeide_1.10.0/stm32cubeide/plugins/com.st.stm32cube.ide.mcu.externaltools.gnu-tools-for-stm32.10.3-2021.10.win32_1.0.0.202111181127/tools/bin/../lib/gcc/arm-none-eabi/10.3.1/../../../../arm-none-eabi/lib/thumb/v7e-m+fp/hard\libc_nano.a(lib_a-fstatr.o)
                0x0000000008003ab4                _fstat_r
 .text._isatty_r
                0x0000000008003ad8       0x20 c:/st/stm32cubeide_1.10.0/stm32cubeide/plugins/com.st.stm32cube.ide.mcu.externaltools.gnu-tools-for-stm32.10.3-2021.10.win32_1.0.0.202111181127/tools/bin/../lib/gcc/arm-none-eabi/10.3.1/../../../../arm-none-eabi/lib/thumb/v7e-m+fp/hard\libc_nano.a(lib_a-isattyr.o)
                0x0000000008003ad8                _isatty_r
 .text._close   0x0000000008003af8       0x10 c:/st/stm32cubeide_1.10.0/stm32cubeide/plugins/com.st.stm32cube.ide.mcu.externaltools.gnu-tools-for-stm32.10.3-2021.10.win32_1.0.0.202111181127/tools/bin/../lib/gcc/arm-none-eabi/10.3.1/../../../../arm-none-eabi/lib/thumb/v7e-m+fp/hard\libnosys.a(close.o)
                0x0000000008003af8                _close
 .text._fstat   0x0000000008003b08       0x10 c:/st/stm32cubeide_1.10.0/stm32cubeide/plugins/com.st.stm32cube.ide.mcu.externaltools.gnu-tools-for-stm32.10.3-2021.10.win32_1.0.0.202111181127/tools/bin/../lib/gcc/arm-none-eabi/10.3.1/../../../../arm-none-eabi/lib/thumb/v7e-m+fp/hard\libnosys.a(fstat.o)
                0x0000000008003b08                _fstat
 .text._isatty  0x0000000008003b18       0x10 c:/st/stm32cubeide_1.10.0/stm32cubeide/plugins/com.st.stm32cube.ide.mcu.externaltools.gnu-tools-for-stm32.10.3-2021.10.win32_1.0.0.202111181127/tools/bin/../lib/gcc/arm-none-eabi/10.3.1/../../../../arm-none-eabi/lib/thumb/v7e-m+fp/hard\libnosys.a(isatty.o)
                0x0000000008003b18                _isatty
 .text._lseek   0x0000000008003b28       0x10 c:/st/stm32cubeide_1.10.0/stm32cubeide/plugins/com.st.stm32cube.ide.mcu.externaltools.gnu-tools-for-stm32.10.3-2021.10.win32_1.0.0.202111181127/tools/bin/../lib/gcc/arm-none-eabi/10.3.1/../../../../arm-none-eabi/lib/thumb/v7e-m+fp/hard\libnosys.a(lseek.o)
                0x0000000008003b28                _lseek
 .text._read    0x0000000008003b38       0x10 c:/st/stm32cubeide_1.10.0/stm32cubeide/plugins/com.st.stm32cube.ide.mcu.externaltools.gnu-tools-for-stm32.10.3-2021.10.win32_1.0.0.202111181127/tools/bin/../lib/gcc/arm-none-eabi/10.3.1/../../../../arm-none-eabi/lib/thumb/v7e-m+fp/hard\libnosys.a(read.o)
                0x0000000008003b38                _read
 .text._write   0x0000000008003b48       0x10 c:/st/stm32cubeide_1.10.0/stm32cubeide/plugins/com.st.stm32cube.ide.mcu.externaltools.gnu-tools-for-stm32.10.3-2021.10.win32_1.0.0.202111181127/tools/bin/../lib/gcc/arm-none-eabi/10.3.1/../../../../arm-none-eabi/lib/thumb/v7e-m+fp/hard\libnosys.a(write.o)
                0x0000000008003b48                _write
 *(.glue_7)
 .glue_7        0x0000000008003b58        0x0 linker stubs
 *(.glue_7t)
 .glue_7t       0x0000000008003b58        0x0 linker stubs
 *(.eh_frame)
 .eh_frame      0x0000000008003b58        0x0 c:/st/stm32cubeide_1.10.0/stm32cubeide/plugins/com.st.stm32cube.ide.mcu.externaltools.gnu-tools-for-stm32.10.3-2021.10.win32_1.0.0.202111181127/tools/bin/../lib/gcc/arm-none-eabi/10.3.1/thumb/v7e-m+fp/hard/crtbegin.o
 *(.init)
 .init          0x0000000008003b58        0x4 c:/st/stm32cubeide_1.10.0/stm32cubeide/plugins/com.st.stm32cube.ide.mcu.externaltools.gnu-tools-for-stm32.10.3-2021.10.win32_1.0.0.202111181127/tools/bin/../lib/gcc/arm-none-eabi/10.3.1/thumb/v7e-m+fp/hard/crti.o
                0x0000000008003b58                _init
 .init          0x0000000008003b5c        0x8 c:/st/stm32cubeide_1.10.0/stm32cubeide/plugins/com.st.stm32cube.ide.mcu.externaltools.gnu-tools-for-stm32.10.3-2021.10.win32_1.0.0.202111181127/tools/bin/../lib/gcc/arm-none-eabi/10.3.1/thumb/v7e-m+fp/hard/crtn.o
 *(.fini)
 .fini          0x0000000008003b64        0x4 c:/st/stm32cubeide_1.10.0/stm32cubeide/plugins/com.st.stm32cube.ide.mcu.externaltools.gnu-tools-for-stm32.10.3-2021.10.win32_1.0.0.202111181127/tools/bin/../lib/gcc/arm-none-eabi/10.3.1/thumb/v7e-m+fp/hard/crti.o
                0x0000000008003b64                _fini
 .fini          0x0000000008003b68        0x8 c:/st/stm32cubeide_1.10.0/stm32cubeide/plugins/com.st.stm32cube.ide.mcu.externaltools.gnu-tools-for-stm32.10.3-2021.10.win32_1.0.0.202111181127/tools/bin/../lib/gcc/arm-none-eabi/10.3.1/thumb/v7e-m+fp/hard/crtn.o
                0x0000000008003b70                . = ALIGN (0x4)
                0x0000000008003b70                _etext = .

.vfp11_veneer   0x0000000008003b70        0x0
 .vfp11_veneer  0x0000000008003b70        0x0 linker stubs

.v4_bx          0x0000000008003b70        0x0
 .v4_bx         0x0000000008003b70        0x0 linker stubs

.iplt           0x0000000008003b70        0x0
 .iplt          0x0000000008003b70        0x0 c:/st/stm32cubeide_1.10.0/stm32cubeide/plugins/com.st.stm32cube.ide.mcu.externaltools.gnu-tools-for-stm32.10.3-2021.10.win32_1.0.0.202111181127/tools/bin/../lib/gcc/arm-none-eabi/10.3.1/thumb/v7e-m+fp/hard/crtbegin.o

.rodata         0x0000000008003b70       0xf8
                0x0000000008003b70                . = ALIGN (0x4)
 *(.rodata)
 *(.rodata*)
 .rodata.vTaskStartScheduler.str1.4
                0x0000000008003b70        0x5 ./FreeRTOS/Source/tasks.o
 *fill*         0x0000000008003b75        0x3 
 .rodata.prvCheckForValidListAndQueue.str1.4
                0x0000000008003b78        0x5 ./FreeRTOS/Source/timers.o
 *fill*         0x0000000008003b7d        0x3 
 .rodata.xTimerCreateTimerTask.str1.4
                0x0000000008003b80        0x8 ./FreeRTOS/Source/timers.o
 .rodata.myTask1.str1.4
                0x0000000008003b88       0x22 ./Src/main.o
 *fill*         0x0000000008003baa        0x2 
 .rodata.myTask2.str1.4
                0x0000000008003bac       0x14 ./Src/main.o
 .rodata.main.str1.4
                0x0000000008003bc0        0xe ./Src/main.o
 *fill*         0x0000000008003bce        0x2 
 .rodata._global_impure_ptr
                0x0000000008003bd0        0x4 c:/st/stm32cubeide_1.10.0/stm32cubeide/plugins/com.st.stm32cube.ide.mcu.externaltools.gnu-tools-for-stm32.10.3-2021.10.win32_1.0.0.202111181127/tools/bin/../lib/gcc/arm-none-eabi/10.3.1/../../../../arm-none-eabi/lib/thumb/v7e-m+fp/hard\libc_nano.a(lib_a-impure.o)
                0x0000000008003bd0                _global_impure_ptr
 .rodata.__sf_fake_stderr
                0x0000000008003bd4       0x20 c:/st/stm32cubeide_1.10.0/stm32cubeide/plugins/com.st.stm32cube.ide.mcu.externaltools.gnu-tools-for-stm32.10.3-2021.10.win32_1.0.0.202111181127/tools/bin/../lib/gcc/arm-none-eabi/10.3.1/../../../../arm-none-eabi/lib/thumb/v7e-m+fp/hard\libc_nano.a(lib_a-findfp.o)
                0x0000000008003bd4                __sf_fake_stderr
 .rodata.__sf_fake_stdin
                0x0000000008003bf4       0x20 c:/st/stm32cubeide_1.10.0/stm32cubeide/plugins/com.st.stm32cube.ide.mcu.externaltools.gnu-tools-for-stm32.10.3-2021.10.win32_1.0.0.202111181127/tools/bin/../lib/gcc/arm-none-eabi/10.3.1/../../../../arm-none-eabi/lib/thumb/v7e-m+fp/hard\libc_nano.a(lib_a-findfp.o)
                0x0000000008003bf4                __sf_fake_stdin
 .rodata.__sf_fake_stdout
                0x0000000008003c14       0x20 c:/st/stm32cubeide_1.10.0/stm32cubeide/plugins/com.st.stm32cube.ide.mcu.externaltools.gnu-tools-for-stm32.10.3-2021.10.win32_1.0.0.202111181127/tools/bin/../lib/gcc/arm-none-eabi/10.3.1/../../../../arm-none-eabi/lib/thumb/v7e-m+fp/hard\libc_nano.a(lib_a-findfp.o)
                0x0000000008003c14                __sf_fake_stdout
 .rodata._vfprintf_r.str1.1
                0x0000000008003c34       0x11 c:/st/stm32cubeide_1.10.0/stm32cubeide/plugins/com.st.stm32cube.ide.mcu.externaltools.gnu-tools-for-stm32.10.3-2021.10.win32_1.0.0.202111181127/tools/bin/../lib/gcc/arm-none-eabi/10.3.1/../../../../arm-none-eabi/lib/thumb/v7e-m+fp/hard\libc_nano.a(lib_a-nano-vfprintf.o)
 .rodata._printf_i.str1.1
                0x0000000008003c45       0x22 c:/st/stm32cubeide_1.10.0/stm32cubeide/plugins/com.st.stm32cube.ide.mcu.externaltools.gnu-tools-for-stm32.10.3-2021.10.win32_1.0.0.202111181127/tools/bin/../lib/gcc/arm-none-eabi/10.3.1/../../../../arm-none-eabi/lib/thumb/v7e-m+fp/hard\libc_nano.a(lib_a-nano-vfprintf_i.o)
                0x0000000008003c68                . = ALIGN (0x4)
 *fill*         0x0000000008003c67        0x1 

.rel.dyn        0x0000000008003c68        0x0
 .rel.iplt      0x0000000008003c68        0x0 c:/st/stm32cubeide_1.10.0/stm32cubeide/plugins/com.st.stm32cube.ide.mcu.externaltools.gnu-tools-for-stm32.10.3-2021.10.win32_1.0.0.202111181127/tools/bin/../lib/gcc/arm-none-eabi/10.3.1/thumb/v7e-m+fp/hard/crtbegin.o

.ARM.extab      0x0000000008003c68        0x0
                0x0000000008003c68                . = ALIGN (0x4)
 *(.ARM.extab* .gnu.linkonce.armextab.*)
                0x0000000008003c68                . = ALIGN (0x4)

.ARM            0x0000000008003c68        0x0
                0x0000000008003c68                . = ALIGN (0x4)
                0x0000000008003c68                __exidx_start = .
 *(.ARM.exidx*)
                0x0000000008003c68                __exidx_end = .
                0x0000000008003c68                . = ALIGN (0x4)

.preinit_array  0x0000000008003c68        0x0
                0x0000000008003c68                . = ALIGN (0x4)
                0x0000000008003c68                PROVIDE (__preinit_array_start = .)
 *(.preinit_array*)
                0x0000000008003c68                PROVIDE (__preinit_array_end = .)
                0x0000000008003c68                . = ALIGN (0x4)

.init_array     0x0000000008003c68        0x4
                0x0000000008003c68                . = ALIGN (0x4)
                0x0000000008003c68                PROVIDE (__init_array_start = .)
 *(SORT_BY_NAME(.init_array.*))
 *(.init_array*)
 .init_array    0x0000000008003c68        0x4 c:/st/stm32cubeide_1.10.0/stm32cubeide/plugins/com.st.stm32cube.ide.mcu.externaltools.gnu-tools-for-stm32.10.3-2021.10.win32_1.0.0.202111181127/tools/bin/../lib/gcc/arm-none-eabi/10.3.1/thumb/v7e-m+fp/hard/crtbegin.o
                0x0000000008003c6c                PROVIDE (__init_array_end = .)
                0x0000000008003c6c                . = ALIGN (0x4)

.fini_array     0x0000000008003c6c        0x4
                0x0000000008003c6c                . = ALIGN (0x4)
                [!provide]                        PROVIDE (__fini_array_start = .)
 *(SORT_BY_NAME(.fini_array.*))
 *(.fini_array*)
 .fini_array    0x0000000008003c6c        0x4 c:/st/stm32cubeide_1.10.0/stm32cubeide/plugins/com.st.stm32cube.ide.mcu.externaltools.gnu-tools-for-stm32.10.3-2021.10.win32_1.0.0.202111181127/tools/bin/../lib/gcc/arm-none-eabi/10.3.1/thumb/v7e-m+fp/hard/crtbegin.o
                [!provide]                        PROVIDE (__fini_array_end = .)
                0x0000000008003c70                . = ALIGN (0x4)
                0x0000000008003c70                _sidata = LOADADDR (.data)

.data           0x0000000020000000       0x74 load address 0x0000000008003c70
                0x0000000020000000                . = ALIGN (0x4)
                0x0000000020000000                _sdata = .
 *(.data)
 *(.data*)
 .data.uxTopUsedPriority
                0x0000000020000000        0x4 ./FreeRTOS/Source/tasks.o
                0x0000000020000000                uxTopUsedPriority
 .data.uxCriticalNesting
                0x0000000020000004        0x4 ./FreeRTOS/Source/portable/GCC/ARM_CM4F/port.o
 .data.cnt_flashb
                0x0000000020000008        0x1 ./Src/main.o
                0x0000000020000008                cnt_flashb
 *fill*         0x0000000020000009        0x3 
 .data.SystemCoreClock
                0x000000002000000c        0x4 ./port/STM32/CMSIS/Src/system_stm32l4xx.o
                0x000000002000000c                SystemCoreClock
 .data._impure_ptr
                0x0000000020000010        0x4 c:/st/stm32cubeide_1.10.0/stm32cubeide/plugins/com.st.stm32cube.ide.mcu.externaltools.gnu-tools-for-stm32.10.3-2021.10.win32_1.0.0.202111181127/tools/bin/../lib/gcc/arm-none-eabi/10.3.1/../../../../arm-none-eabi/lib/thumb/v7e-m+fp/hard\libc_nano.a(lib_a-impure.o)
                0x0000000020000010                _impure_ptr
 .data.impure_data
                0x0000000020000014       0x60 c:/st/stm32cubeide_1.10.0/stm32cubeide/plugins/com.st.stm32cube.ide.mcu.externaltools.gnu-tools-for-stm32.10.3-2021.10.win32_1.0.0.202111181127/tools/bin/../lib/gcc/arm-none-eabi/10.3.1/../../../../arm-none-eabi/lib/thumb/v7e-m+fp/hard\libc_nano.a(lib_a-impure.o)
 *(.RamFunc)
 *(.RamFunc*)
                0x0000000020000074                . = ALIGN (0x4)
                0x0000000020000074                _edata = .

.igot.plt       0x0000000020000074        0x0 load address 0x0000000008003ce4
 .igot.plt      0x0000000020000074        0x0 c:/st/stm32cubeide_1.10.0/stm32cubeide/plugins/com.st.stm32cube.ide.mcu.externaltools.gnu-tools-for-stm32.10.3-2021.10.win32_1.0.0.202111181127/tools/bin/../lib/gcc/arm-none-eabi/10.3.1/thumb/v7e-m+fp/hard/crtbegin.o
                0x0000000020000074                . = ALIGN (0x4)

.bss            0x0000000020000074     0x4c04 load address 0x0000000008003ce4
                0x0000000020000074                _sbss = .
                0x0000000020000074                __bss_start__ = _sbss
 *(.bss)
 .bss           0x0000000020000074       0x1c c:/st/stm32cubeide_1.10.0/stm32cubeide/plugins/com.st.stm32cube.ide.mcu.externaltools.gnu-tools-for-stm32.10.3-2021.10.win32_1.0.0.202111181127/tools/bin/../lib/gcc/arm-none-eabi/10.3.1/thumb/v7e-m+fp/hard/crtbegin.o
 *(.bss*)
 .bss.xQueueRegistry
                0x0000000020000090       0x28 ./FreeRTOS/Source/queue.o
                0x0000000020000090                xQueueRegistry
 .bss.pxCurrentTCB
                0x00000000200000b8        0x4 ./FreeRTOS/Source/tasks.o
                0x00000000200000b8                pxCurrentTCB
 .bss.pxDelayedTaskList
                0x00000000200000bc        0x4 ./FreeRTOS/Source/tasks.o
 .bss.pxOverflowDelayedTaskList
                0x00000000200000c0        0x4 ./FreeRTOS/Source/tasks.o
 .bss.pxReadyTasksLists
                0x00000000200000c4       0x64 ./FreeRTOS/Source/tasks.o
 .bss.ulTaskSwitchedInTime
                0x0000000020000128        0x4 ./FreeRTOS/Source/tasks.o
 .bss.ulTotalRunTime
                0x000000002000012c        0x4 ./FreeRTOS/Source/tasks.o
 .bss.uxCurrentNumberOfTasks
                0x0000000020000130        0x4 ./FreeRTOS/Source/tasks.o
 .bss.uxDeletedTasksWaitingCleanUp
                0x0000000020000134        0x4 ./FreeRTOS/Source/tasks.o
 .bss.uxSchedulerSuspended
                0x0000000020000138        0x4 ./FreeRTOS/Source/tasks.o
 .bss.uxTaskNumber
                0x000000002000013c        0x4 ./FreeRTOS/Source/tasks.o
 .bss.uxTopReadyPriority
                0x0000000020000140        0x4 ./FreeRTOS/Source/tasks.o
 .bss.xDelayedTaskList1
                0x0000000020000144       0x14 ./FreeRTOS/Source/tasks.o
 .bss.xDelayedTaskList2
                0x0000000020000158       0x14 ./FreeRTOS/Source/tasks.o
 .bss.xIdleTaskHandle
                0x000000002000016c        0x4 ./FreeRTOS/Source/tasks.o
 .bss.xNextTaskUnblockTime
                0x0000000020000170        0x4 ./FreeRTOS/Source/tasks.o
 .bss.xNumOfOverflows
                0x0000000020000174        0x4 ./FreeRTOS/Source/tasks.o
 .bss.xPendedTicks
                0x0000000020000178        0x4 ./FreeRTOS/Source/tasks.o
 .bss.xPendingReadyList
                0x000000002000017c       0x14 ./FreeRTOS/Source/tasks.o
 .bss.xSchedulerRunning
                0x0000000020000190        0x4 ./FreeRTOS/Source/tasks.o
 .bss.xSuspendedTaskList
                0x0000000020000194       0x14 ./FreeRTOS/Source/tasks.o
 .bss.xTasksWaitingTermination
                0x00000000200001a8       0x14 ./FreeRTOS/Source/tasks.o
 .bss.xTickCount
                0x00000000200001bc        0x4 ./FreeRTOS/Source/tasks.o
 .bss.xYieldPending
                0x00000000200001c0        0x4 ./FreeRTOS/Source/tasks.o
 .bss.pxCurrentTimerList
                0x00000000200001c4        0x4 ./FreeRTOS/Source/timers.o
 .bss.pxOverflowTimerList
                0x00000000200001c8        0x4 ./FreeRTOS/Source/timers.o
 .bss.ucStaticTimerQueueStorage.1
                0x00000000200001cc       0x3c ./FreeRTOS/Source/timers.o
 .bss.xActiveTimerList1
                0x0000000020000208       0x14 ./FreeRTOS/Source/timers.o
 .bss.xActiveTimerList2
                0x000000002000021c       0x14 ./FreeRTOS/Source/timers.o
 .bss.xLastTime.2
                0x0000000020000230        0x4 ./FreeRTOS/Source/timers.o
 .bss.xStaticTimerQueue.0
                0x0000000020000234       0x54 ./FreeRTOS/Source/timers.o
 .bss.xTimerQueue
                0x0000000020000288        0x4 ./FreeRTOS/Source/timers.o
 .bss.xTimerTaskHandle
                0x000000002000028c        0x4 ./FreeRTOS/Source/timers.o
 .bss.ucMaxSysCallPriority
                0x0000000020000290        0x1 ./FreeRTOS/Source/portable/GCC/ARM_CM4F/port.o
 *fill*         0x0000000020000291        0x3 
 .bss.ulMaxPRIGROUPValue
                0x0000000020000294        0x4 ./FreeRTOS/Source/portable/GCC/ARM_CM4F/port.o
 .bss.pxEnd     0x0000000020000298        0x4 ./FreeRTOS/Source/portable/MemMang/heap_4.o
 .bss.ucHeap    0x000000002000029c     0x4000 ./FreeRTOS/Source/portable/MemMang/heap_4.o
 .bss.xBlockAllocatedBit
                0x000000002000429c        0x4 ./FreeRTOS/Source/portable/MemMang/heap_4.o
 .bss.xFreeBytesRemaining
                0x00000000200042a0        0x4 ./FreeRTOS/Source/portable/MemMang/heap_4.o
 .bss.xMinimumEverFreeBytesRemaining
                0x00000000200042a4        0x4 ./FreeRTOS/Source/portable/MemMang/heap_4.o
 .bss.xNumberOfSuccessfulAllocations
                0x00000000200042a8        0x4 ./FreeRTOS/Source/portable/MemMang/heap_4.o
 .bss.xNumberOfSuccessfulFrees
                0x00000000200042ac        0x4 ./FreeRTOS/Source/portable/MemMang/heap_4.o
 .bss.xStart    0x00000000200042b0        0x8 ./FreeRTOS/Source/portable/MemMang/heap_4.o
 .bss.Idle_Stack.2
                0x00000000200042b8      0x400 ./Src/main.o
 .bss.Idle_TCB.3
                0x00000000200046b8       0x68 ./Src/main.o
 .bss.Timer_Stack.0
                0x0000000020004720      0x400 ./Src/main.o
 .bss.Timer_TCB.1
                0x0000000020004b20       0x68 ./Src/main.o
 .bss.flash_addr
                0x0000000020004b88        0x4 ./Src/main.o
                0x0000000020004b88                flash_addr
 .bss.flash_supplyOn
                0x0000000020004b8c        0x4 ./Src/main.o
                0x0000000020004b8c                flash_supplyOn
 .bss.myQueue   0x0000000020004b90        0x4 ./Src/main.o
                0x0000000020004b90                myQueue
 .bss.myTask1Handle
                0x0000000020004b94        0x4 ./Src/main.o
                0x0000000020004b94                myTask1Handle
 .bss.myTask2Handle
                0x0000000020004b98        0x4 ./Src/main.o
                0x0000000020004b98                myTask2Handle
 .bss.rx_flashb
                0x0000000020004b9c       0x40 ./Src/main.o
                0x0000000020004b9c                rx_flashb
 .bss.stat_reg1
                0x0000000020004bdc        0x2 ./Src/main.o
                0x0000000020004bdc                stat_reg1
 *fill*         0x0000000020004bde        0x2 
 .bss.__sbrk_heap_end
                0x0000000020004be0        0x4 ./Src/sysmem.o
 .bss.SPI_InitStruct
                0x0000000020004be4       0x28 ./Src/perif/spi.o
 .bss.SpiActive
                0x0000000020004c0c        0x1 ./Src/perif/spi.o
 *fill*         0x0000000020004c0d        0x3 
 .bss.pBufRx    0x0000000020004c10        0x4 ./Src/perif/spi.o
 .bss.pBufTx    0x0000000020004c14        0x4 ./Src/perif/spi.o
 .bss.usBufCnt  0x0000000020004c18        0x2 ./Src/perif/spi.o
 .bss.usBufPosRx
                0x0000000020004c1a        0x2 ./Src/perif/spi.o
 .bss.usBufPosTx
                0x0000000020004c1c        0x2 ./Src/perif/spi.o
 *fill*         0x0000000020004c1e        0x2 
 .bss.a_buf_rx  0x0000000020004c20        0x8 ./Src/perif/spiFlash.o
 .bss.spi_buf_rx
                0x0000000020004c28       0x20 ./Src/perif/spiFlash.o
 .bss.spi_buf_tx
                0x0000000020004c48       0x20 ./Src/perif/spiFlash.o
 .bss.__lock___malloc_recursive_mutex
                0x0000000020004c68        0x1 c:/st/stm32cubeide_1.10.0/stm32cubeide/plugins/com.st.stm32cube.ide.mcu.externaltools.gnu-tools-for-stm32.10.3-2021.10.win32_1.0.0.202111181127/tools/bin/../lib/gcc/arm-none-eabi/10.3.1/../../../../arm-none-eabi/lib/thumb/v7e-m+fp/hard\libc_nano.a(lib_a-lock.o)
                0x0000000020004c68                __lock___malloc_recursive_mutex
 .bss.__lock___sfp_recursive_mutex
                0x0000000020004c69        0x1 c:/st/stm32cubeide_1.10.0/stm32cubeide/plugins/com.st.stm32cube.ide.mcu.externaltools.gnu-tools-for-stm32.10.3-2021.10.win32_1.0.0.202111181127/tools/bin/../lib/gcc/arm-none-eabi/10.3.1/../../../../arm-none-eabi/lib/thumb/v7e-m+fp/hard\libc_nano.a(lib_a-lock.o)
                0x0000000020004c69                __lock___sfp_recursive_mutex
 .bss.__lock___sinit_recursive_mutex
                0x0000000020004c6a        0x1 c:/st/stm32cubeide_1.10.0/stm32cubeide/plugins/com.st.stm32cube.ide.mcu.externaltools.gnu-tools-for-stm32.10.3-2021.10.win32_1.0.0.202111181127/tools/bin/../lib/gcc/arm-none-eabi/10.3.1/../../../../arm-none-eabi/lib/thumb/v7e-m+fp/hard\libc_nano.a(lib_a-lock.o)
                0x0000000020004c6a                __lock___sinit_recursive_mutex
 *fill*         0x0000000020004c6b        0x1 
 .bss.__malloc_free_list
                0x0000000020004c6c        0x4 c:/st/stm32cubeide_1.10.0/stm32cubeide/plugins/com.st.stm32cube.ide.mcu.externaltools.gnu-tools-for-stm32.10.3-2021.10.win32_1.0.0.202111181127/tools/bin/../lib/gcc/arm-none-eabi/10.3.1/../../../../arm-none-eabi/lib/thumb/v7e-m+fp/hard\libc_nano.a(lib_a-nano-mallocr.o)
                0x0000000020004c6c                __malloc_free_list
 .bss.__malloc_sbrk_start
                0x0000000020004c70        0x4 c:/st/stm32cubeide_1.10.0/stm32cubeide/plugins/com.st.stm32cube.ide.mcu.externaltools.gnu-tools-for-stm32.10.3-2021.10.win32_1.0.0.202111181127/tools/bin/../lib/gcc/arm-none-eabi/10.3.1/../../../../arm-none-eabi/lib/thumb/v7e-m+fp/hard\libc_nano.a(lib_a-nano-mallocr.o)
                0x0000000020004c70                __malloc_sbrk_start
 .bss.errno     0x0000000020004c74        0x4 c:/st/stm32cubeide_1.10.0/stm32cubeide/plugins/com.st.stm32cube.ide.mcu.externaltools.gnu-tools-for-stm32.10.3-2021.10.win32_1.0.0.202111181127/tools/bin/../lib/gcc/arm-none-eabi/10.3.1/../../../../arm-none-eabi/lib/thumb/v7e-m+fp/hard\libc_nano.a(lib_a-reent.o)
                0x0000000020004c74                errno
 *(COMMON)
                0x0000000020004c78                . = ALIGN (0x4)
                0x0000000020004c78                _ebss = .
                0x0000000020004c78                __bss_end__ = _ebss

._user_heap_stack
                0x0000000020004c78      0x600 load address 0x0000000008003ce4
                0x0000000020004c78                . = ALIGN (0x8)
                [!provide]                        PROVIDE (end = .)
                0x0000000020004c78                PROVIDE (_end = .)
                0x0000000020004e78                . = (. + _Min_Heap_Size)
 *fill*         0x0000000020004c78      0x200 
                0x0000000020005278                . = (. + _Min_Stack_Size)
 *fill*         0x0000000020004e78      0x400 
                0x0000000020005278                . = ALIGN (0x8)

/DISCARD/
 libc.a(*)
 libm.a(*)
 libgcc.a(*)

.ARM.attributes
                0x0000000000000000       0x30
 *(.ARM.attributes)
 .ARM.attributes
                0x0000000000000000       0x1e c:/st/stm32cubeide_1.10.0/stm32cubeide/plugins/com.st.stm32cube.ide.mcu.externaltools.gnu-tools-for-stm32.10.3-2021.10.win32_1.0.0.202111181127/tools/bin/../lib/gcc/arm-none-eabi/10.3.1/thumb/v7e-m+fp/hard/crti.o
 .ARM.attributes
                0x000000000000001e       0x34 c:/st/stm32cubeide_1.10.0/stm32cubeide/plugins/com.st.stm32cube.ide.mcu.externaltools.gnu-tools-for-stm32.10.3-2021.10.win32_1.0.0.202111181127/tools/bin/../lib/gcc/arm-none-eabi/10.3.1/thumb/v7e-m+fp/hard/crtbegin.o
 .ARM.attributes
                0x0000000000000052       0x34 ./FreeRTOS/Source/list.o
 .ARM.attributes
                0x0000000000000086       0x34 ./FreeRTOS/Source/queue.o
 .ARM.attributes
                0x00000000000000ba       0x34 ./FreeRTOS/Source/tasks.o
 .ARM.attributes
                0x00000000000000ee       0x34 ./FreeRTOS/Source/timers.o
 .ARM.attributes
                0x0000000000000122       0x34 ./FreeRTOS/Source/portable/GCC/ARM_CM4F/port.o
 .ARM.attributes
                0x0000000000000156       0x34 ./FreeRTOS/Source/portable/MemMang/heap_4.o
 .ARM.attributes
                0x000000000000018a       0x34 ./Src/main.o
 .ARM.attributes
                0x00000000000001be       0x34 ./Src/sysmem.o
 .ARM.attributes
                0x00000000000001f2       0x34 ./Src/perif/clock.o
 .ARM.attributes
                0x0000000000000226       0x34 ./Src/perif/spi.o
 .ARM.attributes
                0x000000000000025a       0x34 ./Src/perif/spiFlash.o
 .ARM.attributes
                0x000000000000028e       0x34 ./port/STM32/CMSIS/Src/system_stm32l4xx.o
 .ARM.attributes
                0x00000000000002c2       0x34 ./port/STM32/STM32L4xx_HAL_Driver/Src/stm32l4xx_ll_spi.o
 .ARM.attributes
                0x00000000000002f6       0x34 ./port/STM32/STM32L4xx_HAL_Driver/Src/stm32l4xx_ll_utils.o
 .ARM.attributes
                0x000000000000032a       0x21 ./port/STM32/startup_stm32l412cbtx.o
 .ARM.attributes
                0x000000000000034b       0x34 c:/st/stm32cubeide_1.10.0/stm32cubeide/plugins/com.st.stm32cube.ide.mcu.externaltools.gnu-tools-for-stm32.10.3-2021.10.win32_1.0.0.202111181127/tools/bin/../lib/gcc/arm-none-eabi/10.3.1/../../../../arm-none-eabi/lib/thumb/v7e-m+fp/hard\libc_nano.a(lib_a-errno.o)
 .ARM.attributes
                0x000000000000037f       0x34 c:/st/stm32cubeide_1.10.0/stm32cubeide/plugins/com.st.stm32cube.ide.mcu.externaltools.gnu-tools-for-stm32.10.3-2021.10.win32_1.0.0.202111181127/tools/bin/../lib/gcc/arm-none-eabi/10.3.1/../../../../arm-none-eabi/lib/thumb/v7e-m+fp/hard\libc_nano.a(lib_a-impure.o)
 .ARM.attributes
                0x00000000000003b3       0x34 c:/st/stm32cubeide_1.10.0/stm32cubeide/plugins/com.st.stm32cube.ide.mcu.externaltools.gnu-tools-for-stm32.10.3-2021.10.win32_1.0.0.202111181127/tools/bin/../lib/gcc/arm-none-eabi/10.3.1/../../../../arm-none-eabi/lib/thumb/v7e-m+fp/hard\libc_nano.a(lib_a-init.o)
 .ARM.attributes
                0x00000000000003e7       0x34 c:/st/stm32cubeide_1.10.0/stm32cubeide/plugins/com.st.stm32cube.ide.mcu.externaltools.gnu-tools-for-stm32.10.3-2021.10.win32_1.0.0.202111181127/tools/bin/../lib/gcc/arm-none-eabi/10.3.1/../../../../arm-none-eabi/lib/thumb/v7e-m+fp/hard\libc_nano.a(lib_a-memcpy-stub.o)
 .ARM.attributes
                0x000000000000041b       0x34 c:/st/stm32cubeide_1.10.0/stm32cubeide/plugins/com.st.stm32cube.ide.mcu.externaltools.gnu-tools-for-stm32.10.3-2021.10.win32_1.0.0.202111181127/tools/bin/../lib/gcc/arm-none-eabi/10.3.1/../../../../arm-none-eabi/lib/thumb/v7e-m+fp/hard\libc_nano.a(lib_a-memset.o)
 .ARM.attributes
                0x000000000000044f       0x34 c:/st/stm32cubeide_1.10.0/stm32cubeide/plugins/com.st.stm32cube.ide.mcu.externaltools.gnu-tools-for-stm32.10.3-2021.10.win32_1.0.0.202111181127/tools/bin/../lib/gcc/arm-none-eabi/10.3.1/../../../../arm-none-eabi/lib/thumb/v7e-m+fp/hard\libc_nano.a(lib_a-printf.o)
 .ARM.attributes
                0x0000000000000483       0x34 c:/st/stm32cubeide_1.10.0/stm32cubeide/plugins/com.st.stm32cube.ide.mcu.externaltools.gnu-tools-for-stm32.10.3-2021.10.win32_1.0.0.202111181127/tools/bin/../lib/gcc/arm-none-eabi/10.3.1/../../../../arm-none-eabi/lib/thumb/v7e-m+fp/hard\libc_nano.a(lib_a-findfp.o)
 .ARM.attributes
                0x00000000000004b7       0x34 c:/st/stm32cubeide_1.10.0/stm32cubeide/plugins/com.st.stm32cube.ide.mcu.externaltools.gnu-tools-for-stm32.10.3-2021.10.win32_1.0.0.202111181127/tools/bin/../lib/gcc/arm-none-eabi/10.3.1/../../../../arm-none-eabi/lib/thumb/v7e-m+fp/hard\libc_nano.a(lib_a-fwalk.o)
 .ARM.attributes
                0x00000000000004eb       0x34 c:/st/stm32cubeide_1.10.0/stm32cubeide/plugins/com.st.stm32cube.ide.mcu.externaltools.gnu-tools-for-stm32.10.3-2021.10.win32_1.0.0.202111181127/tools/bin/../lib/gcc/arm-none-eabi/10.3.1/../../../../arm-none-eabi/lib/thumb/v7e-m+fp/hard\libc_nano.a(lib_a-lock.o)
 .ARM.attributes
                0x000000000000051f       0x34 c:/st/stm32cubeide_1.10.0/stm32cubeide/plugins/com.st.stm32cube.ide.mcu.externaltools.gnu-tools-for-stm32.10.3-2021.10.win32_1.0.0.202111181127/tools/bin/../lib/gcc/arm-none-eabi/10.3.1/../../../../arm-none-eabi/lib/thumb/v7e-m+fp/hard\libc_nano.a(lib_a-nano-mallocr.o)
 .ARM.attributes
                0x0000000000000553       0x34 c:/st/stm32cubeide_1.10.0/stm32cubeide/plugins/com.st.stm32cube.ide.mcu.externaltools.gnu-tools-for-stm32.10.3-2021.10.win32_1.0.0.202111181127/tools/bin/../lib/gcc/arm-none-eabi/10.3.1/../../../../arm-none-eabi/lib/thumb/v7e-m+fp/hard\libc_nano.a(lib_a-nano-vfprintf.o)
 .ARM.attributes
                0x0000000000000587       0x34 c:/st/stm32cubeide_1.10.0/stm32cubeide/plugins/com.st.stm32cube.ide.mcu.externaltools.gnu-tools-for-stm32.10.3-2021.10.win32_1.0.0.202111181127/tools/bin/../lib/gcc/arm-none-eabi/10.3.1/../../../../arm-none-eabi/lib/thumb/v7e-m+fp/hard\libc_nano.a(lib_a-nano-vfprintf_i.o)
 .ARM.attributes
                0x00000000000005bb       0x34 c:/st/stm32cubeide_1.10.0/stm32cubeide/plugins/com.st.stm32cube.ide.mcu.externaltools.gnu-tools-for-stm32.10.3-2021.10.win32_1.0.0.202111181127/tools/bin/../lib/gcc/arm-none-eabi/10.3.1/../../../../arm-none-eabi/lib/thumb/v7e-m+fp/hard\libc_nano.a(lib_a-sbrkr.o)
 .ARM.attributes
                0x00000000000005ef       0x34 c:/st/stm32cubeide_1.10.0/stm32cubeide/plugins/com.st.stm32cube.ide.mcu.externaltools.gnu-tools-for-stm32.10.3-2021.10.win32_1.0.0.202111181127/tools/bin/../lib/gcc/arm-none-eabi/10.3.1/../../../../arm-none-eabi/lib/thumb/v7e-m+fp/hard\libc_nano.a(lib_a-stdio.o)
 .ARM.attributes
                0x0000000000000623       0x34 c:/st/stm32cubeide_1.10.0/stm32cubeide/plugins/com.st.stm32cube.ide.mcu.externaltools.gnu-tools-for-stm32.10.3-2021.10.win32_1.0.0.202111181127/tools/bin/../lib/gcc/arm-none-eabi/10.3.1/../../../../arm-none-eabi/lib/thumb/v7e-m+fp/hard\libc_nano.a(lib_a-wbuf.o)
 .ARM.attributes
                0x0000000000000657       0x34 c:/st/stm32cubeide_1.10.0/stm32cubeide/plugins/com.st.stm32cube.ide.mcu.externaltools.gnu-tools-for-stm32.10.3-2021.10.win32_1.0.0.202111181127/tools/bin/../lib/gcc/arm-none-eabi/10.3.1/../../../../arm-none-eabi/lib/thumb/v7e-m+fp/hard\libc_nano.a(lib_a-writer.o)
 .ARM.attributes
                0x000000000000068b       0x34 c:/st/stm32cubeide_1.10.0/stm32cubeide/plugins/com.st.stm32cube.ide.mcu.externaltools.gnu-tools-for-stm32.10.3-2021.10.win32_1.0.0.202111181127/tools/bin/../lib/gcc/arm-none-eabi/10.3.1/../../../../arm-none-eabi/lib/thumb/v7e-m+fp/hard\libc_nano.a(lib_a-wsetup.o)
 .ARM.attributes
                0x00000000000006bf       0x34 c:/st/stm32cubeide_1.10.0/stm32cubeide/plugins/com.st.stm32cube.ide.mcu.externaltools.gnu-tools-for-stm32.10.3-2021.10.win32_1.0.0.202111181127/tools/bin/../lib/gcc/arm-none-eabi/10.3.1/../../../../arm-none-eabi/lib/thumb/v7e-m+fp/hard\libc_nano.a(lib_a-closer.o)
 .ARM.attributes
                0x00000000000006f3       0x34 c:/st/stm32cubeide_1.10.0/stm32cubeide/plugins/com.st.stm32cube.ide.mcu.externaltools.gnu-tools-for-stm32.10.3-2021.10.win32_1.0.0.202111181127/tools/bin/../lib/gcc/arm-none-eabi/10.3.1/../../../../arm-none-eabi/lib/thumb/v7e-m+fp/hard\libc_nano.a(lib_a-fflush.o)
 .ARM.attributes
                0x0000000000000727       0x34 c:/st/stm32cubeide_1.10.0/stm32cubeide/plugins/com.st.stm32cube.ide.mcu.externaltools.gnu-tools-for-stm32.10.3-2021.10.win32_1.0.0.202111181127/tools/bin/../lib/gcc/arm-none-eabi/10.3.1/../../../../arm-none-eabi/lib/thumb/v7e-m+fp/hard\libc_nano.a(lib_a-lseekr.o)
 .ARM.attributes
                0x000000000000075b       0x34 c:/st/stm32cubeide_1.10.0/stm32cubeide/plugins/com.st.stm32cube.ide.mcu.externaltools.gnu-tools-for-stm32.10.3-2021.10.win32_1.0.0.202111181127/tools/bin/../lib/gcc/arm-none-eabi/10.3.1/../../../../arm-none-eabi/lib/thumb/v7e-m+fp/hard\libc_nano.a(lib_a-makebuf.o)
 .ARM.attributes
                0x000000000000078f       0x1c c:/st/stm32cubeide_1.10.0/stm32cubeide/plugins/com.st.stm32cube.ide.mcu.externaltools.gnu-tools-for-stm32.10.3-2021.10.win32_1.0.0.202111181127/tools/bin/../lib/gcc/arm-none-eabi/10.3.1/../../../../arm-none-eabi/lib/thumb/v7e-m+fp/hard\libc_nano.a(lib_a-memchr.o)
 .ARM.attributes
                0x00000000000007ab       0x34 c:/st/stm32cubeide_1.10.0/stm32cubeide/plugins/com.st.stm32cube.ide.mcu.externaltools.gnu-tools-for-stm32.10.3-2021.10.win32_1.0.0.202111181127/tools/bin/../lib/gcc/arm-none-eabi/10.3.1/../../../../arm-none-eabi/lib/thumb/v7e-m+fp/hard\libc_nano.a(lib_a-mlock.o)
 .ARM.attributes
                0x00000000000007df       0x34 c:/st/stm32cubeide_1.10.0/stm32cubeide/plugins/com.st.stm32cube.ide.mcu.externaltools.gnu-tools-for-stm32.10.3-2021.10.win32_1.0.0.202111181127/tools/bin/../lib/gcc/arm-none-eabi/10.3.1/../../../../arm-none-eabi/lib/thumb/v7e-m+fp/hard\libc_nano.a(lib_a-nano-freer.o)
 .ARM.attributes
                0x0000000000000813       0x34 c:/st/stm32cubeide_1.10.0/stm32cubeide/plugins/com.st.stm32cube.ide.mcu.externaltools.gnu-tools-for-stm32.10.3-2021.10.win32_1.0.0.202111181127/tools/bin/../lib/gcc/arm-none-eabi/10.3.1/../../../../arm-none-eabi/lib/thumb/v7e-m+fp/hard\libc_nano.a(lib_a-readr.o)
 .ARM.attributes
                0x0000000000000847       0x34 c:/st/stm32cubeide_1.10.0/stm32cubeide/plugins/com.st.stm32cube.ide.mcu.externaltools.gnu-tools-for-stm32.10.3-2021.10.win32_1.0.0.202111181127/tools/bin/../lib/gcc/arm-none-eabi/10.3.1/../../../../arm-none-eabi/lib/thumb/v7e-m+fp/hard\libc_nano.a(lib_a-reent.o)
 .ARM.attributes
                0x000000000000087b       0x34 c:/st/stm32cubeide_1.10.0/stm32cubeide/plugins/com.st.stm32cube.ide.mcu.externaltools.gnu-tools-for-stm32.10.3-2021.10.win32_1.0.0.202111181127/tools/bin/../lib/gcc/arm-none-eabi/10.3.1/../../../../arm-none-eabi/lib/thumb/v7e-m+fp/hard\libc_nano.a(lib_a-fstatr.o)
 .ARM.attributes
                0x00000000000008af       0x34 c:/st/stm32cubeide_1.10.0/stm32cubeide/plugins/com.st.stm32cube.ide.mcu.externaltools.gnu-tools-for-stm32.10.3-2021.10.win32_1.0.0.202111181127/tools/bin/../lib/gcc/arm-none-eabi/10.3.1/../../../../arm-none-eabi/lib/thumb/v7e-m+fp/hard\libc_nano.a(lib_a-isattyr.o)
 .ARM.attributes
                0x00000000000008e3       0x34 c:/st/stm32cubeide_1.10.0/stm32cubeide/plugins/com.st.stm32cube.ide.mcu.externaltools.gnu-tools-for-stm32.10.3-2021.10.win32_1.0.0.202111181127/tools/bin/../lib/gcc/arm-none-eabi/10.3.1/../../../../arm-none-eabi/lib/thumb/v7e-m+fp/hard\libnosys.a(close.o)
 .ARM.attributes
                0x0000000000000917       0x34 c:/st/stm32cubeide_1.10.0/stm32cubeide/plugins/com.st.stm32cube.ide.mcu.externaltools.gnu-tools-for-stm32.10.3-2021.10.win32_1.0.0.202111181127/tools/bin/../lib/gcc/arm-none-eabi/10.3.1/../../../../arm-none-eabi/lib/thumb/v7e-m+fp/hard\libnosys.a(fstat.o)
 .ARM.attributes
                0x000000000000094b       0x34 c:/st/stm32cubeide_1.10.0/stm32cubeide/plugins/com.st.stm32cube.ide.mcu.externaltools.gnu-tools-for-stm32.10.3-2021.10.win32_1.0.0.202111181127/tools/bin/../lib/gcc/arm-none-eabi/10.3.1/../../../../arm-none-eabi/lib/thumb/v7e-m+fp/hard\libnosys.a(isatty.o)
 .ARM.attributes
                0x000000000000097f       0x34 c:/st/stm32cubeide_1.10.0/stm32cubeide/plugins/com.st.stm32cube.ide.mcu.externaltools.gnu-tools-for-stm32.10.3-2021.10.win32_1.0.0.202111181127/tools/bin/../lib/gcc/arm-none-eabi/10.3.1/../../../../arm-none-eabi/lib/thumb/v7e-m+fp/hard\libnosys.a(lseek.o)
 .ARM.attributes
                0x00000000000009b3       0x34 c:/st/stm32cubeide_1.10.0/stm32cubeide/plugins/com.st.stm32cube.ide.mcu.externaltools.gnu-tools-for-stm32.10.3-2021.10.win32_1.0.0.202111181127/tools/bin/../lib/gcc/arm-none-eabi/10.3.1/../../../../arm-none-eabi/lib/thumb/v7e-m+fp/hard\libnosys.a(read.o)
 .ARM.attributes
                0x00000000000009e7       0x34 c:/st/stm32cubeide_1.10.0/stm32cubeide/plugins/com.st.stm32cube.ide.mcu.externaltools.gnu-tools-for-stm32.10.3-2021.10.win32_1.0.0.202111181127/tools/bin/../lib/gcc/arm-none-eabi/10.3.1/../../../../arm-none-eabi/lib/thumb/v7e-m+fp/hard\libnosys.a(write.o)
 .ARM.attributes
                0x0000000000000a1b       0x1e c:/st/stm32cubeide_1.10.0/stm32cubeide/plugins/com.st.stm32cube.ide.mcu.externaltools.gnu-tools-for-stm32.10.3-2021.10.win32_1.0.0.202111181127/tools/bin/../lib/gcc/arm-none-eabi/10.3.1/thumb/v7e-m+fp/hard/crtn.o
OUTPUT(mm215_gccMy.elf elf32-littlearm)
LOAD linker stubs
LOAD c:/st/stm32cubeide_1.10.0/stm32cubeide/plugins/com.st.stm32cube.ide.mcu.externaltools.gnu-tools-for-stm32.10.3-2021.10.win32_1.0.0.202111181127/tools/bin/../lib/gcc/arm-none-eabi/10.3.1/../../../../arm-none-eabi/lib/thumb/v7e-m+fp/hard\libc.a
LOAD c:/st/stm32cubeide_1.10.0/stm32cubeide/plugins/com.st.stm32cube.ide.mcu.externaltools.gnu-tools-for-stm32.10.3-2021.10.win32_1.0.0.202111181127/tools/bin/../lib/gcc/arm-none-eabi/10.3.1/../../../../arm-none-eabi/lib/thumb/v7e-m+fp/hard\libm.a
LOAD c:/st/stm32cubeide_1.10.0/stm32cubeide/plugins/com.st.stm32cube.ide.mcu.externaltools.gnu-tools-for-stm32.10.3-2021.10.win32_1.0.0.202111181127/tools/bin/../lib/gcc/arm-none-eabi/10.3.1/thumb/v7e-m+fp/hard\libgcc.a

.debug_info     0x0000000000000000    0x10acc
 .debug_info    0x0000000000000000      0x2e4 ./FreeRTOS/Source/list.o
 .debug_info    0x00000000000002e4     0x2dea ./FreeRTOS/Source/queue.o
 .debug_info    0x00000000000030ce     0x3df3 ./FreeRTOS/Source/tasks.o
 .debug_info    0x0000000000006ec1     0x1a1e ./FreeRTOS/Source/timers.o
 .debug_info    0x00000000000088df      0x56b ./FreeRTOS/Source/portable/GCC/ARM_CM4F/port.o
 .debug_info    0x0000000000008e4a      0x639 ./FreeRTOS/Source/portable/MemMang/heap_4.o
 .debug_info    0x0000000000009483     0x1703 ./Src/main.o
 .debug_info    0x000000000000ab86      0x17e ./Src/sysmem.o
 .debug_info    0x000000000000ad04      0xcdb ./Src/perif/clock.o
 .debug_info    0x000000000000b9df     0x1abf ./Src/perif/spi.o
 .debug_info    0x000000000000d49e     0x18ad ./Src/perif/spiFlash.o
 .debug_info    0x000000000000ed4b      0x60d ./port/STM32/CMSIS/Src/system_stm32l4xx.o
 .debug_info    0x000000000000f358      0x67d ./port/STM32/STM32L4xx_HAL_Driver/Src/stm32l4xx_ll_spi.o
 .debug_info    0x000000000000f9d5     0x10d5 ./port/STM32/STM32L4xx_HAL_Driver/Src/stm32l4xx_ll_utils.o
 .debug_info    0x0000000000010aaa       0x22 ./port/STM32/startup_stm32l412cbtx.o

.debug_abbrev   0x0000000000000000     0x27e1
 .debug_abbrev  0x0000000000000000      0x109 ./FreeRTOS/Source/list.o
 .debug_abbrev  0x0000000000000109      0x41e ./FreeRTOS/Source/queue.o
 .debug_abbrev  0x0000000000000527      0x46f ./FreeRTOS/Source/tasks.o
 .debug_abbrev  0x0000000000000996      0x40d ./FreeRTOS/Source/timers.o
 .debug_abbrev  0x0000000000000da3      0x281 ./FreeRTOS/Source/portable/GCC/ARM_CM4F/port.o
 .debug_abbrev  0x0000000000001024      0x298 ./FreeRTOS/Source/portable/MemMang/heap_4.o
 .debug_abbrev  0x00000000000012bc      0x439 ./Src/main.o
 .debug_abbrev  0x00000000000016f5       0xec ./Src/sysmem.o
 .debug_abbrev  0x00000000000017e1      0x241 ./Src/perif/clock.o
 .debug_abbrev  0x0000000000001a22      0x394 ./Src/perif/spi.o
 .debug_abbrev  0x0000000000001db6      0x3ff ./Src/perif/spiFlash.o
 .debug_abbrev  0x00000000000021b5      0x141 ./port/STM32/CMSIS/Src/system_stm32l4xx.o
 .debug_abbrev  0x00000000000022f6      0x1e0 ./port/STM32/STM32L4xx_HAL_Driver/Src/stm32l4xx_ll_spi.o
 .debug_abbrev  0x00000000000024d6      0x2f9 ./port/STM32/STM32L4xx_HAL_Driver/Src/stm32l4xx_ll_utils.o
 .debug_abbrev  0x00000000000027cf       0x12 ./port/STM32/startup_stm32l412cbtx.o

.debug_loc      0x0000000000000000     0x9241
 .debug_loc     0x0000000000000000       0xa0 ./FreeRTOS/Source/list.o
 .debug_loc     0x00000000000000a0     0x20b9 ./FreeRTOS/Source/queue.o
 .debug_loc     0x0000000000002159     0x2f2b ./FreeRTOS/Source/tasks.o
 .debug_loc     0x0000000000005084      0xef5 ./FreeRTOS/Source/timers.o
 .debug_loc     0x0000000000005f79      0x124 ./FreeRTOS/Source/portable/GCC/ARM_CM4F/port.o
 .debug_loc     0x000000000000609d      0x3ed ./FreeRTOS/Source/portable/MemMang/heap_4.o
 .debug_loc     0x000000000000648a      0x53b ./Src/main.o
 .debug_loc     0x00000000000069c5       0x64 ./Src/sysmem.o
 .debug_loc     0x0000000000006a29      0x112 ./Src/perif/clock.o
 .debug_loc     0x0000000000006b3b      0xb59 ./Src/perif/spi.o
 .debug_loc     0x0000000000007694      0xf8f ./Src/perif/spiFlash.o
 .debug_loc     0x0000000000008623      0x1db ./port/STM32/CMSIS/Src/system_stm32l4xx.o
 .debug_loc     0x00000000000087fe      0x214 ./port/STM32/STM32L4xx_HAL_Driver/Src/stm32l4xx_ll_spi.o
 .debug_loc     0x0000000000008a12      0x82f ./port/STM32/STM32L4xx_HAL_Driver/Src/stm32l4xx_ll_utils.o

.debug_aranges  0x0000000000000000      0x7f0
 .debug_aranges
                0x0000000000000000       0x40 ./FreeRTOS/Source/list.o
 .debug_aranges
                0x0000000000000040      0x170 ./FreeRTOS/Source/queue.o
 .debug_aranges
                0x00000000000001b0      0x250 ./FreeRTOS/Source/tasks.o
 .debug_aranges
                0x0000000000000400       0xc0 ./FreeRTOS/Source/timers.o
 .debug_aranges
                0x00000000000004c0       0x80 ./FreeRTOS/Source/portable/GCC/ARM_CM4F/port.o
 .debug_aranges
                0x0000000000000540       0x50 ./FreeRTOS/Source/portable/MemMang/heap_4.o
 .debug_aranges
                0x0000000000000590       0x78 ./Src/main.o
 .debug_aranges
                0x0000000000000608       0x20 ./Src/sysmem.o
 .debug_aranges
                0x0000000000000628       0x28 ./Src/perif/clock.o
 .debug_aranges
                0x0000000000000650       0x50 ./Src/perif/spi.o
 .debug_aranges
                0x00000000000006a0       0x70 ./Src/perif/spiFlash.o
 .debug_aranges
                0x0000000000000710       0x28 ./port/STM32/CMSIS/Src/system_stm32l4xx.o
 .debug_aranges
                0x0000000000000738       0x30 ./port/STM32/STM32L4xx_HAL_Driver/Src/stm32l4xx_ll_spi.o
 .debug_aranges
                0x0000000000000768       0x60 ./port/STM32/STM32L4xx_HAL_Driver/Src/stm32l4xx_ll_utils.o
 .debug_aranges
                0x00000000000007c8       0x28 ./port/STM32/startup_stm32l412cbtx.o

.debug_ranges   0x0000000000000000      0xcf0
 .debug_ranges  0x0000000000000000       0x30 ./FreeRTOS/Source/list.o
 .debug_ranges  0x0000000000000030      0x288 ./FreeRTOS/Source/queue.o
 .debug_ranges  0x00000000000002b8      0x3b8 ./FreeRTOS/Source/tasks.o
 .debug_ranges  0x0000000000000670      0x108 ./FreeRTOS/Source/timers.o
 .debug_ranges  0x0000000000000778       0x88 ./FreeRTOS/Source/portable/GCC/ARM_CM4F/port.o
 .debug_ranges  0x0000000000000800       0x58 ./FreeRTOS/Source/portable/MemMang/heap_4.o
 .debug_ranges  0x0000000000000858       0x80 ./Src/main.o
 .debug_ranges  0x00000000000008d8       0x10 ./Src/sysmem.o
 .debug_ranges  0x00000000000008e8       0x18 ./Src/perif/clock.o
 .debug_ranges  0x0000000000000900      0x128 ./Src/perif/spi.o
 .debug_ranges  0x0000000000000a28      0x1f0 ./Src/perif/spiFlash.o
 .debug_ranges  0x0000000000000c18       0x18 ./port/STM32/CMSIS/Src/system_stm32l4xx.o
 .debug_ranges  0x0000000000000c30       0x38 ./port/STM32/STM32L4xx_HAL_Driver/Src/stm32l4xx_ll_spi.o
 .debug_ranges  0x0000000000000c68       0x68 ./port/STM32/STM32L4xx_HAL_Driver/Src/stm32l4xx_ll_utils.o
 .debug_ranges  0x0000000000000cd0       0x20 ./port/STM32/startup_stm32l412cbtx.o

.debug_macro    0x0000000000000000    0x153c4
 .debug_macro   0x0000000000000000      0x198 ./FreeRTOS/Source/list.o
 .debug_macro   0x0000000000000198      0x221 ./FreeRTOS/Source/queue.o
 .debug_macro   0x00000000000003b9       0x16 ./FreeRTOS/Source/queue.o
 .debug_macro   0x00000000000003cf       0x35 ./FreeRTOS/Source/queue.o
 .debug_macro   0x0000000000000404       0x20 ./FreeRTOS/Source/queue.o
 .debug_macro   0x0000000000000424       0x87 ./FreeRTOS/Source/queue.o
 .debug_macro   0x00000000000004ab      0x27e ./FreeRTOS/Source/tasks.o
 .debug_macro   0x0000000000000729       0x16 ./FreeRTOS/Source/tasks.o
 .debug_macro   0x000000000000073f      0x1e7 ./FreeRTOS/Source/timers.o
 .debug_macro   0x0000000000000926       0x97 ./FreeRTOS/Source/timers.o
 .debug_macro   0x00000000000009bd      0x19b ./FreeRTOS/Source/portable/GCC/ARM_CM4F/port.o
 .debug_macro   0x0000000000000b58      0x1b3 ./FreeRTOS/Source/portable/MemMang/heap_4.o
 .debug_macro   0x0000000000000d0b      0x376 ./Src/main.o
 .debug_macro   0x0000000000001081      0xa78 ./Src/main.o
 .debug_macro   0x0000000000001af9       0x2e ./Src/main.o
 .debug_macro   0x0000000000001b27       0x28 ./Src/main.o
 .debug_macro   0x0000000000001b4f       0x1c ./Src/main.o
 .debug_macro   0x0000000000001b6b       0x22 ./Src/main.o
 .debug_macro   0x0000000000001b8d       0xfb ./Src/main.o
 .debug_macro   0x0000000000001c88     0x1011 ./Src/main.o
 .debug_macro   0x0000000000002c99      0x11f ./Src/main.o
 .debug_macro   0x0000000000002db8     0xe433 ./Src/main.o
 .debug_macro   0x00000000000111eb       0x43 ./Src/main.o
 .debug_macro   0x000000000001122e      0x170 ./Src/main.o
 .debug_macro   0x000000000001139e      0x1d8 ./Src/main.o
 .debug_macro   0x0000000000011576      0xf4d ./Src/main.o
 .debug_macro   0x00000000000124c3      0x57f ./Src/main.o
 .debug_macro   0x0000000000012a42       0xa7 ./Src/main.o
 .debug_macro   0x0000000000012ae9      0x15c ./Src/main.o
 .debug_macro   0x0000000000012c45      0x14e ./Src/main.o
 .debug_macro   0x0000000000012d93      0x233 ./Src/main.o
 .debug_macro   0x0000000000012fc6      0x1a5 ./Src/main.o
 .debug_macro   0x000000000001316b      0x1b2 ./Src/main.o
 .debug_macro   0x000000000001331d      0x498 ./Src/main.o
 .debug_macro   0x00000000000137b5       0x16 ./Src/main.o
 .debug_macro   0x00000000000137cb       0x97 ./Src/main.o
 .debug_macro   0x0000000000013862       0xfd ./Src/main.o
 .debug_macro   0x000000000001395f       0x10 ./Src/main.o
 .debug_macro   0x000000000001396f       0x10 ./Src/main.o
 .debug_macro   0x000000000001397f       0x1c ./Src/main.o
 .debug_macro   0x000000000001399b       0x52 ./Src/main.o
 .debug_macro   0x00000000000139ed       0x22 ./Src/main.o
 .debug_macro   0x0000000000013a0f       0x10 ./Src/main.o
 .debug_macro   0x0000000000013a1f       0x52 ./Src/main.o
 .debug_macro   0x0000000000013a71       0xd5 ./Src/main.o
 .debug_macro   0x0000000000013b46       0x1c ./Src/main.o
 .debug_macro   0x0000000000013b62       0x3d ./Src/main.o
 .debug_macro   0x0000000000013b9f       0x16 ./Src/main.o
 .debug_macro   0x0000000000013bb5      0x145 ./Src/main.o
 .debug_macro   0x0000000000013cfa      0x187 ./Src/main.o
 .debug_macro   0x0000000000013e81       0x52 ./Src/main.o
 .debug_macro   0x0000000000013ed3       0x4c ./Src/main.o
 .debug_macro   0x0000000000013f1f       0x82 ./Src/main.o
 .debug_macro   0x0000000000013fa1       0xff ./Src/sysmem.o
 .debug_macro   0x00000000000140a0       0x10 ./Src/sysmem.o
 .debug_macro   0x00000000000140b0      0x23b ./Src/sysmem.o
 .debug_macro   0x00000000000142eb      0x117 ./Src/perif/clock.o
 .debug_macro   0x0000000000014402      0x176 ./Src/perif/clock.o
 .debug_macro   0x0000000000014578      0x1ea ./Src/perif/clock.o
 .debug_macro   0x0000000000014762      0x14d ./Src/perif/spi.o
 .debug_macro   0x00000000000148af      0x2cb ./Src/perif/spi.o
 .debug_macro   0x0000000000014b7a      0x1a5 ./Src/perif/spiFlash.o
 .debug_macro   0x0000000000014d1f       0x7c ./Src/perif/spiFlash.o
 .debug_macro   0x0000000000014d9b       0xe7 ./port/STM32/CMSIS/Src/system_stm32l4xx.o
 .debug_macro   0x0000000000014e82      0x12e ./port/STM32/STM32L4xx_HAL_Driver/Src/stm32l4xx_ll_spi.o
 .debug_macro   0x0000000000014fb0      0x1d2 ./port/STM32/STM32L4xx_HAL_Driver/Src/stm32l4xx_ll_spi.o
 .debug_macro   0x0000000000015182      0x1a1 ./port/STM32/STM32L4xx_HAL_Driver/Src/stm32l4xx_ll_utils.o
 .debug_macro   0x0000000000015323       0xa1 ./port/STM32/STM32L4xx_HAL_Driver/Src/stm32l4xx_ll_utils.o

.debug_line     0x0000000000000000     0xe033
 .debug_line    0x0000000000000000      0x7d3 ./FreeRTOS/Source/list.o
 .debug_line    0x00000000000007d3     0x2781 ./FreeRTOS/Source/queue.o
 .debug_line    0x0000000000002f54     0x38d7 ./FreeRTOS/Source/tasks.o
 .debug_line    0x000000000000682b     0x10bc ./FreeRTOS/Source/timers.o
 .debug_line    0x00000000000078e7      0xa3b ./FreeRTOS/Source/portable/GCC/ARM_CM4F/port.o
 .debug_line    0x0000000000008322      0xb70 ./FreeRTOS/Source/portable/MemMang/heap_4.o
 .debug_line    0x0000000000008e92      0xe6d ./Src/main.o
 .debug_line    0x0000000000009cff      0x501 ./Src/sysmem.o
 .debug_line    0x000000000000a200      0x738 ./Src/perif/clock.o
 .debug_line    0x000000000000a938      0xe15 ./Src/perif/spi.o
 .debug_line    0x000000000000b74d     0x10aa ./Src/perif/spiFlash.o
 .debug_line    0x000000000000c7f7      0x598 ./port/STM32/CMSIS/Src/system_stm32l4xx.o
 .debug_line    0x000000000000cd8f      0x66a ./port/STM32/STM32L4xx_HAL_Driver/Src/stm32l4xx_ll_spi.o
 .debug_line    0x000000000000d3f9      0xbb4 ./port/STM32/STM32L4xx_HAL_Driver/Src/stm32l4xx_ll_utils.o
 .debug_line    0x000000000000dfad       0x86 ./port/STM32/startup_stm32l412cbtx.o

.debug_str      0x0000000000000000    0x825dd
 .debug_str     0x0000000000000000     0xaa2c ./FreeRTOS/Source/list.o
                                       0xac60 (size before relaxing)
 .debug_str     0x000000000000aa2c     0x2782 ./FreeRTOS/Source/queue.o
                                       0xd46c (size before relaxing)
 .debug_str     0x000000000000d1ae     0x1fbf ./FreeRTOS/Source/tasks.o
                                       0xe2df (size before relaxing)
 .debug_str     0x000000000000f16d      0x5dc ./FreeRTOS/Source/timers.o
                                       0xd80e (size before relaxing)
 .debug_str     0x000000000000f749      0x763 ./FreeRTOS/Source/portable/GCC/ARM_CM4F/port.o
                                       0x9731 (size before relaxing)
 .debug_str     0x000000000000feac      0x329 ./FreeRTOS/Source/portable/MemMang/heap_4.o
                                       0xc146 (size before relaxing)
 .debug_str     0x00000000000101d5    0x6d8c8 ./Src/main.o
                                      0x79fc3 (size before relaxing)
 .debug_str     0x000000000007da9d      0x355 ./Src/sysmem.o
                                       0x5da4 (size before relaxing)
 .debug_str     0x000000000007ddf2     0x117d ./Src/perif/clock.o
                                      0x633da (size before relaxing)
 .debug_str     0x000000000007ef6f     0x1b7e ./Src/perif/spi.o
                                      0x6f707 (size before relaxing)
 .debug_str     0x0000000000080aed      0x2b8 ./Src/perif/spiFlash.o
                                      0x6dd14 (size before relaxing)
 .debug_str     0x0000000000080da5       0xc8 ./port/STM32/CMSIS/Src/system_stm32l4xx.o
                                      0x5cacf (size before relaxing)
 .debug_str     0x0000000000080e6d      0x941 ./port/STM32/STM32L4xx_HAL_Driver/Src/stm32l4xx_ll_spi.o
                                      0x5e822 (size before relaxing)
 .debug_str     0x00000000000817ae      0xdfb ./port/STM32/STM32L4xx_HAL_Driver/Src/stm32l4xx_ll_utils.o
                                      0x620ad (size before relaxing)
 .debug_str     0x00000000000825a9       0x34 ./port/STM32/startup_stm32l412cbtx.o
                                         0x66 (size before relaxing)

.comment        0x0000000000000000       0x50
 .comment       0x0000000000000000       0x50 ./FreeRTOS/Source/list.o
                                         0x51 (size before relaxing)
 .comment       0x0000000000000050       0x51 ./FreeRTOS/Source/queue.o
 .comment       0x0000000000000050       0x51 ./FreeRTOS/Source/tasks.o
 .comment       0x0000000000000050       0x51 ./FreeRTOS/Source/timers.o
 .comment       0x0000000000000050       0x51 ./FreeRTOS/Source/portable/GCC/ARM_CM4F/port.o
 .comment       0x0000000000000050       0x51 ./FreeRTOS/Source/portable/MemMang/heap_4.o
 .comment       0x0000000000000050       0x51 ./Src/main.o
 .comment       0x0000000000000050       0x51 ./Src/sysmem.o
 .comment       0x0000000000000050       0x51 ./Src/perif/clock.o
 .comment       0x0000000000000050       0x51 ./Src/perif/spi.o
 .comment       0x0000000000000050       0x51 ./Src/perif/spiFlash.o
 .comment       0x0000000000000050       0x51 ./port/STM32/CMSIS/Src/system_stm32l4xx.o
 .comment       0x0000000000000050       0x51 ./port/STM32/STM32L4xx_HAL_Driver/Src/stm32l4xx_ll_spi.o
 .comment       0x0000000000000050       0x51 ./port/STM32/STM32L4xx_HAL_Driver/Src/stm32l4xx_ll_utils.o

.debug_frame    0x0000000000000000     0x1eb0
 .debug_frame   0x0000000000000000       0x70 ./FreeRTOS/Source/list.o
 .debug_frame   0x0000000000000070      0x514 ./FreeRTOS/Source/queue.o
 .debug_frame   0x0000000000000584      0x764 ./FreeRTOS/Source/tasks.o
 .debug_frame   0x0000000000000ce8      0x240 ./FreeRTOS/Source/timers.o
 .debug_frame   0x0000000000000f28      0x110 ./FreeRTOS/Source/portable/GCC/ARM_CM4F/port.o
 .debug_frame   0x0000000000001038       0xb8 ./FreeRTOS/Source/portable/MemMang/heap_4.o
 .debug_frame   0x00000000000010f0      0x124 ./Src/main.o
 .debug_frame   0x0000000000001214       0x28 ./Src/sysmem.o
 .debug_frame   0x000000000000123c       0x48 ./Src/perif/clock.o
 .debug_frame   0x0000000000001284       0xb8 ./Src/perif/spi.o
 .debug_frame   0x000000000000133c      0x10c ./Src/perif/spiFlash.o
 .debug_frame   0x0000000000001448       0x30 ./port/STM32/CMSIS/Src/system_stm32l4xx.o
 .debug_frame   0x0000000000001478       0x50 ./port/STM32/STM32L4xx_HAL_Driver/Src/stm32l4xx_ll_spi.o
 .debug_frame   0x00000000000014c8       0xd8 ./port/STM32/STM32L4xx_HAL_Driver/Src/stm32l4xx_ll_utils.o
 .debug_frame   0x00000000000015a0       0x20 c:/st/stm32cubeide_1.10.0/stm32cubeide/plugins/com.st.stm32cube.ide.mcu.externaltools.gnu-tools-for-stm32.10.3-2021.10.win32_1.0.0.202111181127/tools/bin/../lib/gcc/arm-none-eabi/10.3.1/../../../../arm-none-eabi/lib/thumb/v7e-m+fp/hard\libc_nano.a(lib_a-errno.o)