../Src/libs/axsem/code/ax5043.c:1405:12:ax5043_push	0	static
../Src/libs/axsem/code/ax5043.c:292:13:IRQ_FLAG_WAIT_RDY	8	static
../Src/libs/axsem/code/ax5043.c:564:6:SetRdy_cb	8	static
../Src/libs/axsem/code/ax5043.c:569:6:SetRdyP_cb	8	static
../Src/libs/axsem/code/ax5043.c:2398:12:ax5043_proc_WriteTxFifo	8	static
../Src/libs/axsem/code/ax5043.c:1080:6:ax5043_StartProcRxFifo_delayed	8	static
../Src/libs/axsem/code/ax5043.c:1361:12:ax5043_setCmdP	24	static
../Src/libs/axsem/code/ax5043.c:1272:12:ax5043_WriteRegArray	16	static
../Src/libs/axsem/code/ax5043.c:1222:12:ax5043_WriteRegN	16	static
../Src/libs/axsem/code/ax5043.c:1247:12:ax5043_WriteReg16	8	static
../Src/libs/axsem/code/ax5043.c:1346:12:ax5043_Fifo_DataCmd	32	static
../Src/libs/axsem/code/ax5043.c:1113:12:ax5043_ReadRegN	24	static
../Src/libs/axsem/code/ax5043.c:581:6:ax5043_proc_isr	32	static
../Src/libs/axsem/code/ax5043.c:2103:12:ax5043_proc_WriteRegArray	8	static
../Src/libs/axsem/code/ax5043.c:1062:6:ax5043_StartProcRxFifo	24	static
../Src/libs/axsem/code/ax5043.c:487:6:Timer_CmdTimeout_cb	8	static
../Src/libs/axsem/code/ax5043.c:306:14:ax5043_GetState	0	static
../Src/libs/axsem/code/ax5043.c:311:9:ax5043_GetCurCmd	0	static
../Src/libs/axsem/code/ax5043.c:316:10:ax5043_GetCurCmdStage	0	static
../Src/libs/axsem/code/ax5043.c:321:10:ax5043_GetTimerId	0	static
../Src/libs/axsem/code/ax5043.c:326:10:ax5043_GetIrqWaitFlag	0	static
../Src/libs/axsem/code/ax5043.c:331:6:ax5043_proc	16	static
../Src/libs/axsem/code/ax5043.c:843:6:ax5043_IrqHandler	8	static
../Src/libs/axsem/code/ax5043.c:873:8:ax5043_GetLastRSSI	0	static
../Src/libs/axsem/code/ax5043.c:883:12:ax5043_Powerdown	16	static,ignoring_inline_asm
../Src/libs/axsem/code/ax5043.c:939:14:ax5043_GetLastError	0	static
../Src/libs/axsem/code/ax5043.c:989:12:ax5043_init	8	static,ignoring_inline_asm
../Src/libs/axsem/code/ax5043.c:1001:12:ax5043_start	24	static
../Src/libs/axsem/code/ax5043.c:1021:12:ax5043_StartRx	16	static
../Src/libs/axsem/code/ax5043.c:1031:12:ax5043_StartTx	16	static
../Src/libs/axsem/code/ax5043.c:1086:12:ax5043_ReadReg	16	static
../Src/libs/axsem/code/ax5043.c:1172:12:ax5043_WriteReg	8	static
../Src/libs/axsem/code/ax5043.c:2145:12:ax5043_proc_Autorange	24	static
../Src/libs/axsem/code/ax5043.c:1730:12:ax5043_proc_startRx	16	static
../Src/libs/axsem/code/ax5043.c:1569:12:ax5043_proc_reset	16	static
../Src/libs/axsem/code/ax5043.c:1427:12:ax5043_proc_cmd_init	24	static
../Src/libs/axsem/code/ax5043.c:1336:12:ax5043_Fifo_RepeatDataCmd	16	static
../Src/libs/axsem/code/ax5043.c:1843:12:ax5043_proc_Tx	24	static
../Src/libs/axsem/code/ax5043.c:2450:12:ax5043_SetXtalFreq	4	static
../Src/libs/axsem/code/ax5043.c:2462:12:ax5043_SetTxPower	12	static
