../Src/perif/spiFlash.c:50:6:spiFlash_init	0	static,ignoring_inline_asm
../Src/perif/spiFlash.c:59:6:spiFlash_deinit	0	static,ignoring_inline_asm
../Src/perif/spiFlash.c:67:6:spiFlash_powerOn	0	static,ignoring_inline_asm
../Src/perif/spiFlash.c:77:6:spiFlash_powerDown	0	static
../Src/perif/spiFlash.c:86:6:spiFlash_setCS	0	static
../Src/perif/spiFlash.c:99:6:spiFlash_read	8	static
../Src/perif/spiFlash.c:210:10:spiFlash_readStatus1	8	static
../Src/perif/spiFlash.c:251:9:spiFlash_wrtEnbl	8	static
../Src/perif/spiFlash.c:149:9:spiFlash_write	32	static
../Src/perif/spiFlash.c:297:10:spiFlash_readJEDECDesc	32	static
../Src/perif/spiFlash.c:329:9:spiFlash_eraseSector	16	static
