../Src/perif/spiFlash.c:53:6:spiFlash_init	0	static,ignoring_inline_asm
../Src/perif/spiFlash.c:62:6:spiFlash_deinit	0	static,ignoring_inline_asm
../Src/perif/spiFlash.c:70:6:spiFlash_powerOn	0	static,ignoring_inline_asm
../Src/perif/spiFlash.c:81:6:spiFlash_powerDown	0	static
../Src/perif/spiFlash.c:90:6:spiFlash_setCS	0	static
../Src/perif/spiFlash.c:103:6:spiFlash_read	16	static
../Src/perif/spiFlash.c:144:9:spiFlash_write	16	static
../Src/perif/spiFlash.c:187:10:spiFlash_readStatus	8	static
../Src/perif/spiFlash.c:203:9:spiFlash_wrtEnbl	8	static
../Src/perif/spiFlash.c:239:10:spiFlash_readJEDECDesc	16	static
../Src/perif/spiFlash.c:275:9:spiFlash_eraseSector	8	static
