../Src/FreeRTOS/event_groups.c:96:24:xEventGroupCreateStatic	16	static,ignoring_inline_asm
../Src/FreeRTOS/event_groups.c:148:24:xEventGroupCreate	16	static
../Src/FreeRTOS/event_groups.c:317:13:xEventGroupWaitBits	32	static,ignoring_inline_asm
../Src/FreeRTOS/event_groups.c:473:13:xEventGroupClearBits	16	static,ignoring_inline_asm
../Src/FreeRTOS/event_groups.c:517:13:xEventGroupGetBitsFromISR	0	static,ignoring_inline_asm
../Src/FreeRTOS/event_groups.c:533:13:xEventGroupSetBits	24	static,ignoring_inline_asm
../Src/FreeRTOS/event_groups.c:194:13:xEventGroupSync	24	static,ignoring_inline_asm
../Src/FreeRTOS/event_groups.c:628:6:vEventGroupDelete	16	static,ignoring_inline_asm
../Src/FreeRTOS/event_groups.c:676:6:vEventGroupSetBitsCallback	8	static
../Src/FreeRTOS/event_groups.c:685:6:vEventGroupClearBitsCallback	8	static
../Src/FreeRTOS/event_groups.c:748:17:uxEventGroupGetNumber	0	static
../Src/FreeRTOS/event_groups.c:770:10:vEventGroupSetNumber	0	static
