../Src/main.c:135:6:TaskErase	24	static
../Src/main.c:149:6:TaskRead	24	static
../Src/main.c:166:6:TaskWrite	24	static
../Src/main.c:187:6:TaskSpiManager	40	static
D:/Nero/SPI_TASK-branch_1/SPI_TASK-branch_1/port/STM32/STM32L4xx_HAL_Driver/Inc/stm32l4xx_ll_gpio.h:302:22:LL_GPIO_SetPinMode	4	static,ignoring_inline_asm
D:/Nero/SPI_TASK-branch_1/SPI_TASK-branch_1/port/STM32/STM32L4xx_HAL_Driver/Inc/stm32l4xx_ll_gpio.h:442:22:LL_GPIO_SetPinSpeed	4	static,ignoring_inline_asm
D:/Nero/SPI_TASK-branch_1/SPI_TASK-branch_1/port/STM32/STM32L4xx_HAL_Driver/Inc/stm32l4xx_ll_gpio.h:513:22:LL_GPIO_SetPinPull	4	static,ignoring_inline_asm
D:/Nero/SPI_TASK-branch_1/SPI_TASK-branch_1/Src/perif/board.h:159:20:board_gpio_set_output	24	static
../Src/main.c:102:6:vApplicationIdleHook	0	static
../Src/main.c:105:7:vApplicationMallocFailedHook	0	static
../Src/main.c:110:13:vApplicationGetIdleTaskMemory	0	static
../Src/main.c:120:13:vApplicationGetTimerTaskMemory	0	static
../Src/main.c:130:6:vApplicationStackOverflowHook	0	static,ignoring_inline_asm
../Src/main.c:238:5:main	16	static,ignoring_inline_asm
