../Src/main.c:144:6:vTest	8	static
C:/Users/User/STM32CubeIDE/workspace_1.10.1/mm215_gccMy/port/STM32/STM32L4xx_HAL_Driver/Inc/stm32l4xx_ll_gpio.h:302:22:LL_GPIO_SetPinMode	4	static,ignoring_inline_asm
C:/Users/User/STM32CubeIDE/workspace_1.10.1/mm215_gccMy/port/STM32/STM32L4xx_HAL_Driver/Inc/stm32l4xx_ll_gpio.h:442:22:LL_GPIO_SetPinSpeed	4	static,ignoring_inline_asm
C:/Users/User/STM32CubeIDE/workspace_1.10.1/mm215_gccMy/port/STM32/STM32L4xx_HAL_Driver/Inc/stm32l4xx_ll_gpio.h:513:22:LL_GPIO_SetPinPull	4	static,ignoring_inline_asm
C:/Users/User/STM32CubeIDE/workspace_1.10.1/mm215_gccMy/Src/perif/board.h:159:20:board_gpio_set_output	24	static
../Src/main.c:88:6:vApplicationStackOverflowHook	0	static,ignoring_inline_asm
../Src/main.c:92:6:vApplicationGetIdleTaskMemory	0	static
../Src/main.c:102:6:vApplicationGetTimerTaskMemory	0	static
../Src/main.c:160:5:main	16	static,ignoring_inline_asm
