C:/Users/User/STM32CubeIDE/workspace_1.10.1/mm215_gccMy/port/STM32/STM32L4xx_HAL_Driver/Inc/stm32l4xx_ll_gpio.h:302:22:LL_GPIO_SetPinMode	4	static,ignoring_inline_asm
C:/Users/User/STM32CubeIDE/workspace_1.10.1/mm215_gccMy/port/STM32/STM32L4xx_HAL_Driver/Inc/stm32l4xx_ll_gpio.h:442:22:LL_GPIO_SetPinSpeed	4	static,ignoring_inline_asm
C:/Users/User/STM32CubeIDE/workspace_1.10.1/mm215_gccMy/port/STM32/STM32L4xx_HAL_Driver/Inc/stm32l4xx_ll_gpio.h:513:22:LL_GPIO_SetPinPull	4	static,ignoring_inline_asm
C:/Users/User/STM32CubeIDE/workspace_1.10.1/mm215_gccMy/Src/perif/board.h:159:20:board_gpio_set_output	24	static
../Src/main.c:80:6:vFreeRTOSInitAll	0	static
../Src/main.c:84:6:vApplicationIdleHook	0	static
../Src/main.c:88:6:vApplicationMallocFailedHook	0	static
../Src/main.c:96:6:vApplicationTickHook	0	static
../Src/main.c:100:6:vTest	8	static
../Src/main.c:111:5:main	8	static,ignoring_inline_asm
